
2025-08-12 23:14:00 - INFO - License saved successfully
2025-08-12 23:14:00 - INFO - License loaded and validated successfully
2025-08-12 23:14:01 - INFO - Application starting...
2025-08-12 23:14:01 - INFO - Font loaded successfully
2025-08-12 23:14:01 - INFO - Stylesheet loaded successfully
2025-08-12 23:14:01 - INFO - Creating main window...
2025-08-12 23:14:01 - INFO - Custom font 'Neuropol X' loaded from C:\Users\allie\Coding Projects\huggin\resources\fonts\neuropol.otf
2025-08-13 09:34:22 - INFO - License saved successfully
2025-08-13 09:34:22 - INFO - License loaded and validated successfully
2025-08-13 09:34:22 - INFO - Application starting...
2025-08-13 09:34:22 - INFO - Font loaded successfully
2025-08-13 09:34:22 - INFO - Stylesheet loaded successfully
2025-08-13 09:34:22 - INFO - Creating main window...
2025-08-13 09:34:22 - INFO - Custom font 'Neuropol X' loaded from C:\Users\allie\Coding Projects\huggin\resources\fonts\neuropol.otf
2025-08-13 09:39:06 - INFO - Update manager stopped during cleanup
2025-08-13 09:43:06 - INFO - License saved successfully
2025-08-13 09:43:06 - INFO - License loaded and validated successfully
2025-08-13 09:43:06 - INFO - Application starting...
2025-08-13 09:43:06 - INFO - Font loaded successfully
2025-08-13 09:43:06 - INFO - Stylesheet loaded successfully
2025-08-13 09:43:06 - INFO - Creating main window...
2025-08-13 09:43:06 - INFO - Custom font 'Neuropol X' loaded from C:\Users\allie\Coding Projects\huggin\resources\fonts\neuropol.otf
2025-08-13 09:53:55 - INFO - Update manager stopped during cleanup
2025-08-13 09:54:01 - INFO - License saved successfully
2025-08-13 09:54:01 - INFO - License loaded and validated successfully
2025-08-13 09:54:01 - INFO - Application starting...
2025-08-13 09:54:01 - INFO - Font loaded successfully
2025-08-13 09:54:01 - INFO - Stylesheet loaded successfully
2025-08-13 09:54:01 - INFO - Creating main window...
2025-08-13 09:54:01 - INFO - Custom font 'Neuropol X' loaded from C:\Users\allie\Coding Projects\huggin\resources\fonts\neuropol.otf
2025-08-13 09:59:04 - INFO - Update manager stopped during cleanup
2025-08-13 09:59:32 - INFO - License saved successfully
2025-08-13 09:59:32 - INFO - License loaded and validated successfully
2025-08-13 09:59:32 - INFO - Application starting...
2025-08-13 09:59:32 - INFO - Font loaded successfully
2025-08-13 09:59:32 - INFO - Stylesheet loaded successfully
2025-08-13 09:59:32 - INFO - Creating main window...
2025-08-13 09:59:32 - INFO - Custom font 'Neuropol X' loaded from C:\Users\allie\Coding Projects\huggin\resources\fonts\neuropol.otf
2025-08-13 10:03:34 - INFO - Update manager stopped during cleanup
2025-08-13 10:10:01 - INFO - License saved successfully
2025-08-13 10:10:01 - INFO - License loaded and validated successfully
2025-08-13 10:10:01 - INFO - Application starting...
2025-08-13 10:10:01 - INFO - Font loaded successfully
2025-08-13 10:10:01 - INFO - Stylesheet loaded successfully
2025-08-13 10:10:01 - INFO - Creating main window...
2025-08-13 10:10:01 - INFO - Custom font 'Neuropol X' loaded from C:\Users\allie\Coding Projects\huggin\resources\fonts\neuropol.otf
2025-08-13 10:11:14 - INFO - Update manager stopped during cleanup
2025-08-13 10:23:26 - INFO - License saved successfully
2025-08-13 10:23:26 - INFO - License loaded and validated successfully
2025-08-13 10:23:26 - INFO - Application starting...
2025-08-13 10:23:26 - INFO - Font loaded successfully
2025-08-13 10:23:26 - INFO - Stylesheet loaded successfully
2025-08-13 10:23:26 - INFO - Creating main window...
2025-08-13 10:23:26 - INFO - Custom font 'Neuropol X' loaded from C:\Users\allie\Coding Projects\huggin\resources\fonts\neuropol.otf
2025-08-13 10:24:38 - INFO - Update manager stopped during cleanup
2025-08-13 10:24:49 - INFO - License saved successfully
2025-08-13 10:24:49 - INFO - License loaded and validated successfully
2025-08-13 10:24:49 - INFO - Application starting...
2025-08-13 10:24:49 - INFO - Font loaded successfully
2025-08-13 10:24:49 - INFO - Stylesheet loaded successfully
2025-08-13 10:24:49 - INFO - Creating main window...
2025-08-13 10:24:49 - INFO - Custom font 'Neuropol X' loaded from C:\Users\allie\Coding Projects\huggin\resources\fonts\neuropol.otf
2025-08-13 10:25:45 - INFO - Update manager stopped during cleanup
2025-08-13 10:28:00 - INFO - License saved successfully
2025-08-13 10:28:00 - INFO - License loaded and validated successfully
2025-08-13 10:28:00 - INFO - Application starting...
2025-08-13 10:28:00 - INFO - Font loaded successfully
2025-08-13 10:28:00 - INFO - Stylesheet loaded successfully
2025-08-13 10:28:00 - INFO - Creating main window...
2025-08-13 10:28:00 - INFO - Custom font 'Neuropol X' loaded from C:\Users\allie\Coding Projects\huggin\resources\fonts\neuropol.otf
2025-08-13 10:33:31 - INFO - Update manager stopped during cleanup
2025-08-13 10:39:50 - INFO - License saved successfully
2025-08-13 10:39:50 - INFO - License loaded and validated successfully
2025-08-13 10:39:50 - INFO - Application starting...
2025-08-13 10:39:50 - INFO - Font loaded successfully
2025-08-13 10:39:50 - INFO - Stylesheet loaded successfully
2025-08-13 10:39:50 - INFO - Creating main window...
2025-08-13 10:39:50 - INFO - Custom font 'Neuropol X' loaded from C:\Users\allie\Coding Projects\huggin\resources\fonts\neuropol.otf
2025-08-13 10:41:14 - INFO - Update manager stopped during cleanup
2025-08-13 10:41:28 - INFO - License saved successfully
2025-08-13 10:41:28 - INFO - License loaded and validated successfully
2025-08-13 10:41:28 - INFO - Application starting...
2025-08-13 10:41:28 - INFO - Font loaded successfully
2025-08-13 10:41:28 - INFO - Stylesheet loaded successfully
2025-08-13 10:41:28 - INFO - Creating main window...
2025-08-13 10:41:28 - INFO - Custom font 'Neuropol X' loaded from C:\Users\allie\Coding Projects\huggin\resources\fonts\neuropol.otf
2025-08-13 10:42:11 - INFO - Update manager stopped during cleanup
2025-08-13 10:42:27 - INFO - License saved successfully
2025-08-13 10:42:27 - INFO - License loaded and validated successfully
2025-08-13 10:42:27 - INFO - Application starting...
2025-08-13 10:42:27 - INFO - Font loaded successfully
2025-08-13 10:42:27 - INFO - Stylesheet loaded successfully
2025-08-13 10:42:27 - INFO - Creating main window...
2025-08-13 10:42:27 - INFO - Custom font 'Neuropol X' loaded from C:\Users\allie\Coding Projects\huggin\resources\fonts\neuropol.otf
2025-08-13 10:43:40 - INFO - Update manager stopped during cleanup
2025-08-13 10:45:51 - INFO - License saved successfully
2025-08-13 10:45:51 - INFO - License loaded and validated successfully
2025-08-13 10:45:51 - INFO - Application starting...
2025-08-13 10:45:51 - INFO - Font loaded successfully
2025-08-13 10:45:51 - INFO - Stylesheet loaded successfully
2025-08-13 10:45:51 - INFO - Creating main window...
2025-08-13 10:45:51 - INFO - Custom font 'Neuropol X' loaded from C:\Users\allie\Coding Projects\huggin\resources\fonts\neuropol.otf
2025-08-13 11:44:53 - INFO - Update manager stopped during cleanup
2025-08-13 11:44:57 - INFO - License saved successfully
2025-08-13 11:44:57 - INFO - License loaded and validated successfully
2025-08-13 11:44:57 - INFO - Application starting...
2025-08-13 11:44:57 - INFO - Font loaded successfully
2025-08-13 11:44:57 - INFO - Stylesheet loaded successfully
2025-08-13 11:44:57 - INFO - Creating main window...
2025-08-13 11:44:57 - INFO - Custom font 'Neuropol X' loaded from C:\Users\allie\Coding Projects\huggin\resources\fonts\neuropol.otf
2025-08-13 11:44:58 - ERROR - Unhandled exception:
Traceback (most recent call last):
  File "C:\Users\allie\Coding Projects\huggin\app\pages\recon_enumeration\service_ui_components.py", line 98, in <lambda>
    QTimer.singleShot(5, lambda: self.on_smb_scan_type_changed(tool_key, "Basic Info"))
                                 ^^^^^^^^^^^^^^^^^^^^^^^^^^^^^
AttributeError: 'ReconEnumerationPage' object has no attribute 'on_smb_scan_type_changed'. Did you mean: 'on_db_scan_type_changed'?

2025-08-13 11:45:12 - INFO - Update manager stopped during cleanup
2025-08-13 11:46:18 - INFO - License saved successfully
2025-08-13 11:46:18 - INFO - License loaded and validated successfully
2025-08-13 11:46:18 - INFO - Application starting...
2025-08-13 11:46:18 - INFO - Font loaded successfully
2025-08-13 11:46:18 - INFO - Stylesheet loaded successfully
2025-08-13 11:46:18 - INFO - Creating main window...
2025-08-13 11:46:18 - INFO - Custom font 'Neuropol X' loaded from C:\Users\allie\Coding Projects\huggin\resources\fonts\neuropol.otf
2025-08-13 11:48:11 - INFO - Update manager stopped during cleanup
2025-08-13 12:00:40 - INFO - License saved successfully
2025-08-13 12:00:40 - INFO - License loaded and validated successfully
2025-08-13 12:00:40 - INFO - Application starting...
2025-08-13 12:00:40 - INFO - Font loaded successfully
2025-08-13 12:00:40 - INFO - Stylesheet loaded successfully
2025-08-13 12:00:40 - INFO - Creating main window...
2025-08-13 12:00:40 - INFO - Custom font 'Neuropol X' loaded from C:\Users\allie\Coding Projects\huggin\resources\fonts\neuropol.otf
2025-08-13 12:03:09 - INFO - Update manager stopped during cleanup
2025-08-13 12:26:02 - INFO - License saved successfully
2025-08-13 12:26:02 - INFO - License loaded and validated successfully
2025-08-13 12:26:02 - INFO - Application starting...
2025-08-13 12:26:02 - INFO - Font loaded successfully
2025-08-13 12:26:02 - INFO - Stylesheet loaded successfully
2025-08-13 12:26:02 - INFO - Creating main window...
2025-08-13 12:26:02 - INFO - Custom font 'Neuropol X' loaded from C:\Users\allie\Coding Projects\huggin\resources\fonts\neuropol.otf
2025-08-13 12:27:09 - INFO - Update manager stopped during cleanup
2025-08-13 12:38:35 - INFO - License saved successfully
2025-08-13 12:38:35 - INFO - License loaded and validated successfully
2025-08-13 12:38:35 - INFO - Application starting...
2025-08-13 12:38:35 - INFO - Font loaded successfully
2025-08-13 12:38:35 - INFO - Stylesheet loaded successfully
2025-08-13 12:38:35 - INFO - Creating main window...
2025-08-13 12:38:35 - INFO - Custom font 'Neuropol X' loaded from C:\Users\allie\Coding Projects\huggin\resources\fonts\neuropol.otf
2025-08-13 12:43:32 - INFO - Update manager stopped during cleanup
2025-08-13 12:49:56 - INFO - License saved successfully
2025-08-13 12:49:56 - INFO - License loaded and validated successfully
2025-08-13 12:49:56 - INFO - Application starting...
2025-08-13 12:49:56 - INFO - Font loaded successfully
2025-08-13 12:49:56 - INFO - Stylesheet loaded successfully
2025-08-13 12:49:56 - INFO - Creating main window...
2025-08-13 12:49:56 - INFO - Custom font 'Neuropol X' loaded from C:\Users\allie\Coding Projects\huggin\resources\fonts\neuropol.otf
2025-08-13 13:12:07 - INFO - Update manager stopped during cleanup
2025-08-13 13:13:53 - INFO - License saved successfully
2025-08-13 13:13:53 - INFO - License loaded and validated successfully
2025-08-13 13:13:53 - INFO - Application starting...
2025-08-13 13:13:53 - INFO - Font loaded successfully
2025-08-13 13:13:53 - INFO - Stylesheet loaded successfully
2025-08-13 13:13:53 - INFO - Creating main window...
2025-08-13 13:13:53 - INFO - Custom font 'Neuropol X' loaded from C:\Users\allie\Coding Projects\huggin\resources\fonts\neuropol.otf
2025-08-13 15:44:38 - INFO - Update manager stopped during cleanup
2025-08-13 17:46:46 - INFO - License saved successfully
2025-08-13 17:46:46 - INFO - License loaded and validated successfully
2025-08-13 17:46:46 - INFO - Application starting...
2025-08-13 17:46:46 - INFO - Font loaded successfully
2025-08-13 17:46:46 - INFO - Stylesheet loaded successfully
2025-08-13 17:46:46 - INFO - Creating main window...
2025-08-13 17:46:46 - INFO - Custom font 'Neuropol X' loaded from C:\Users\allie\Coding Projects\huggin\resources\fonts\neuropol.otf
2025-08-13 17:51:41 - INFO - Update manager stopped during cleanup
2025-08-13 20:05:15 - INFO - License saved successfully
2025-08-13 20:05:15 - INFO - License loaded and validated successfully
2025-08-13 20:05:15 - INFO - Application starting...
2025-08-13 20:05:15 - INFO - Font loaded successfully
2025-08-13 20:05:15 - INFO - Stylesheet loaded successfully
2025-08-13 20:05:15 - INFO - Creating main window...
2025-08-13 20:05:15 - INFO - Custom font 'Neuropol X' loaded from C:\Users\allie\Coding Projects\huggin\resources\fonts\neuropol.otf
2025-08-13 20:06:32 - INFO - Update manager stopped during cleanup
2025-08-13 20:20:28 - INFO - License saved successfully
2025-08-13 20:20:28 - INFO - License loaded and validated successfully
2025-08-13 20:20:28 - INFO - Application starting...
2025-08-13 20:20:28 - INFO - Font loaded successfully
2025-08-13 20:20:28 - INFO - Stylesheet loaded successfully
2025-08-13 20:20:28 - INFO - Creating main window...
2025-08-13 20:20:28 - INFO - Custom font 'Neuropol X' loaded from C:\Users\allie\Coding Projects\huggin\resources\fonts\neuropol.otf
2025-08-13 20:24:48 - INFO - Update manager stopped during cleanup
2025-08-13 20:28:51 - INFO - License saved successfully
2025-08-13 20:28:51 - INFO - License loaded and validated successfully
2025-08-13 20:28:51 - INFO - Application starting...
2025-08-13 20:28:51 - INFO - Font loaded successfully
2025-08-13 20:28:51 - INFO - Stylesheet loaded successfully
2025-08-13 20:28:51 - INFO - Creating main window...
2025-08-13 20:28:51 - INFO - Custom font 'Neuropol X' loaded from C:\Users\allie\Coding Projects\huggin\resources\fonts\neuropol.otf
2025-08-13 20:29:48 - INFO - Update manager stopped during cleanup
2025-08-13 20:32:19 - INFO - License saved successfully
2025-08-13 20:32:19 - INFO - License loaded and validated successfully
2025-08-13 20:32:19 - INFO - Application starting...
2025-08-13 20:32:19 - INFO - Font loaded successfully
2025-08-13 20:32:19 - INFO - Stylesheet loaded successfully
2025-08-13 20:32:19 - INFO - Creating main window...
2025-08-13 20:32:19 - INFO - Custom font 'Neuropol X' loaded from C:\Users\allie\Coding Projects\huggin\resources\fonts\neuropol.otf
2025-08-13 20:33:07 - INFO - Update manager stopped during cleanup
2025-08-13 20:38:03 - INFO - License saved successfully
2025-08-13 20:38:03 - INFO - License loaded and validated successfully
2025-08-13 20:38:03 - INFO - Application starting...
2025-08-13 20:38:03 - INFO - Font loaded successfully
2025-08-13 20:38:03 - INFO - Stylesheet loaded successfully
2025-08-13 20:38:03 - INFO - Creating main window...
2025-08-13 20:38:03 - INFO - Custom font 'Neuropol X' loaded from C:\Users\allie\Coding Projects\huggin\resources\fonts\neuropol.otf
2025-08-13 20:42:16 - INFO - Update manager stopped during cleanup
2025-08-13 20:44:13 - INFO - License saved successfully
2025-08-13 20:44:13 - INFO - License loaded and validated successfully
2025-08-13 20:44:13 - INFO - Application starting...
2025-08-13 20:44:13 - INFO - Font loaded successfully
2025-08-13 20:44:13 - INFO - Stylesheet loaded successfully
2025-08-13 20:44:13 - INFO - Creating main window...
2025-08-13 20:44:13 - INFO - Custom font 'Neuropol X' loaded from C:\Users\allie\Coding Projects\huggin\resources\fonts\neuropol.otf
2025-08-13 20:46:31 - INFO - Update manager stopped during cleanup
2025-08-13 20:46:48 - INFO - License saved successfully
2025-08-13 20:46:48 - INFO - License loaded and validated successfully
2025-08-13 20:46:48 - INFO - Application starting...
2025-08-13 20:46:48 - INFO - Font loaded successfully
2025-08-13 20:46:48 - INFO - Stylesheet loaded successfully
2025-08-13 20:46:48 - INFO - Creating main window...
2025-08-13 20:46:48 - INFO - Custom font 'Neuropol X' loaded from C:\Users\allie\Coding Projects\huggin\resources\fonts\neuropol.otf
2025-08-13 20:53:07 - INFO - Update manager stopped during cleanup
2025-08-13 20:53:12 - INFO - License saved successfully
2025-08-13 20:53:12 - INFO - License loaded and validated successfully
2025-08-13 20:53:12 - INFO - Application starting...
2025-08-13 20:53:12 - INFO - Font loaded successfully
2025-08-13 20:53:12 - INFO - Stylesheet loaded successfully
2025-08-13 20:53:12 - INFO - Creating main window...
2025-08-13 20:53:12 - INFO - Custom font 'Neuropol X' loaded from C:\Users\allie\Coding Projects\huggin\resources\fonts\neuropol.otf
2025-08-13 20:59:24 - INFO - Update manager stopped during cleanup
2025-08-13 21:01:32 - INFO - License saved successfully
2025-08-13 21:01:32 - INFO - License loaded and validated successfully
2025-08-13 21:01:32 - INFO - Application starting...
2025-08-13 21:01:32 - INFO - Font loaded successfully
2025-08-13 21:01:32 - INFO - Stylesheet loaded successfully
2025-08-13 21:01:32 - INFO - Creating main window...
2025-08-13 21:01:32 - INFO - Custom font 'Neuropol X' loaded from C:\Users\allie\Coding Projects\huggin\resources\fonts\neuropol.otf
2025-08-13 21:03:58 - INFO - Update manager stopped during cleanup
2025-08-13 21:04:01 - INFO - License saved successfully
2025-08-13 21:04:01 - INFO - License loaded and validated successfully
2025-08-13 21:04:02 - INFO - Application starting...
2025-08-13 21:04:02 - INFO - Font loaded successfully
2025-08-13 21:04:02 - INFO - Stylesheet loaded successfully
2025-08-13 21:04:02 - INFO - Creating main window...
2025-08-13 21:04:02 - INFO - Custom font 'Neuropol X' loaded from C:\Users\allie\Coding Projects\huggin\resources\fonts\neuropol.otf
2025-08-13 21:05:49 - INFO - Update manager stopped during cleanup
2025-08-13 21:06:18 - INFO - License saved successfully
2025-08-13 21:06:18 - INFO - License loaded and validated successfully
2025-08-13 21:06:18 - INFO - Application starting...
2025-08-13 21:06:18 - INFO - Font loaded successfully
2025-08-13 21:06:18 - INFO - Stylesheet loaded successfully
2025-08-13 21:06:18 - INFO - Creating main window...
2025-08-13 21:06:18 - INFO - Custom font 'Neuropol X' loaded from C:\Users\allie\Coding Projects\huggin\resources\fonts\neuropol.otf
2025-08-13 21:07:19 - INFO - Update manager stopped during cleanup
2025-08-13 21:07:22 - INFO - License saved successfully
2025-08-13 21:07:22 - INFO - License loaded and validated successfully
2025-08-13 21:07:23 - INFO - Application starting...
2025-08-13 21:07:23 - INFO - Font loaded successfully
2025-08-13 21:07:23 - INFO - Stylesheet loaded successfully
2025-08-13 21:07:23 - INFO - Creating main window...
2025-08-13 21:07:23 - INFO - Custom font 'Neuropol X' loaded from C:\Users\allie\Coding Projects\huggin\resources\fonts\neuropol.otf
2025-08-13 21:08:19 - INFO - Update manager stopped during cleanup
2025-08-13 21:34:41 - INFO - License saved successfully
2025-08-13 21:34:41 - INFO - License loaded and validated successfully
2025-08-13 21:34:41 - INFO - Application starting...
2025-08-13 21:34:41 - INFO - Font loaded successfully
2025-08-13 21:34:41 - INFO - Stylesheet loaded successfully
2025-08-13 21:34:41 - INFO - Creating main window...
2025-08-13 21:34:41 - INFO - Custom font 'Neuropol X' loaded from C:\Users\allie\Coding Projects\huggin\resources\fonts\neuropol.otf
2025-08-13 22:02:03 - INFO - Update manager stopped during cleanup
2025-08-13 22:13:28 - INFO - License saved successfully
2025-08-13 22:13:28 - INFO - License loaded and validated successfully
2025-08-13 22:13:28 - INFO - Application starting...
2025-08-13 22:13:28 - INFO - Font loaded successfully
2025-08-13 22:13:28 - INFO - Stylesheet loaded successfully
2025-08-13 22:13:28 - INFO - Creating main window...
2025-08-13 22:13:28 - INFO - Custom font 'Neuropol X' loaded from C:\Users\allie\Coding Projects\huggin\resources\fonts\neuropol.otf
2025-08-13 22:13:41 - INFO - Update manager stopped during cleanup
2025-08-13 22:14:31 - INFO - License saved successfully
2025-08-13 22:14:31 - INFO - License loaded and validated successfully
2025-08-13 22:14:31 - INFO - Application starting...
2025-08-13 22:14:31 - INFO - Font loaded successfully
2025-08-13 22:14:31 - INFO - Stylesheet loaded successfully
2025-08-13 22:14:31 - INFO - Creating main window...
2025-08-13 22:14:31 - INFO - Custom font 'Neuropol X' loaded from C:\Users\allie\Coding Projects\huggin\resources\fonts\neuropol.otf
2025-08-13 22:16:18 - INFO - Update manager stopped during cleanup
2025-08-13 22:21:17 - INFO - License saved successfully
2025-08-13 22:21:17 - INFO - License loaded and validated successfully
2025-08-13 22:21:17 - INFO - Application starting...
2025-08-13 22:21:17 - INFO - Font loaded successfully
2025-08-13 22:21:17 - INFO - Stylesheet loaded successfully
2025-08-13 22:21:17 - INFO - Creating main window...
2025-08-13 22:21:17 - INFO - Custom font 'Neuropol X' loaded from C:\Users\allie\Coding Projects\huggin\resources\fonts\neuropol.otf
2025-08-13 22:28:48 - INFO - Update manager stopped during cleanup
2025-08-13 22:42:05 - INFO - License saved successfully
2025-08-13 22:42:05 - INFO - License loaded and validated successfully
2025-08-13 22:42:05 - INFO - Application starting...
2025-08-13 22:42:05 - INFO - Font loaded successfully
2025-08-13 22:42:05 - INFO - Stylesheet loaded successfully
2025-08-13 22:42:05 - INFO - Creating main window...
2025-08-13 22:42:06 - INFO - Custom font 'Neuropol X' loaded from C:\Users\allie\Coding Projects\huggin\resources\fonts\neuropol.otf
2025-08-13 22:51:19 - INFO - Update manager stopped during cleanup
2025-08-13 22:54:04 - INFO - License saved successfully
2025-08-13 22:54:04 - INFO - License loaded and validated successfully
2025-08-13 22:54:04 - INFO - Application starting...
2025-08-13 22:54:04 - INFO - Font loaded successfully
2025-08-13 22:54:04 - INFO - Stylesheet loaded successfully
2025-08-13 22:54:04 - INFO - Creating main window...
2025-08-13 22:54:04 - INFO - Custom font 'Neuropol X' loaded from C:\Users\allie\Coding Projects\huggin\resources\fonts\neuropol.otf
2025-08-13 22:55:13 - INFO - Update manager stopped during cleanup
2025-08-13 23:07:25 - INFO - License saved successfully
2025-08-13 23:07:25 - INFO - License loaded and validated successfully
2025-08-13 23:07:25 - INFO - Application starting...
2025-08-13 23:07:25 - INFO - Font loaded successfully
2025-08-13 23:07:25 - INFO - Stylesheet loaded successfully
2025-08-13 23:07:25 - INFO - Creating main window...
2025-08-13 23:07:25 - INFO - Custom font 'Neuropol X' loaded from C:\Users\allie\Coding Projects\huggin\resources\fonts\neuropol.otf
2025-08-13 23:08:02 - INFO - Update manager stopped during cleanup
2025-08-13 23:52:06 - INFO - License saved successfully
2025-08-13 23:52:06 - INFO - License loaded and validated successfully
2025-08-13 23:52:06 - INFO - Application starting...
2025-08-13 23:52:06 - INFO - Font loaded successfully
2025-08-13 23:52:06 - INFO - Stylesheet loaded successfully
2025-08-13 23:52:06 - INFO - Creating main window...
2025-08-13 23:52:06 - INFO - Custom font 'Neuropol X' loaded from C:\Users\allie\Coding Projects\huggin\resources\fonts\neuropol.otf
2025-08-13 23:53:21 - INFO - Update manager stopped during cleanup
2025-08-13 23:57:20 - INFO - License saved successfully
2025-08-13 23:57:20 - INFO - License loaded and validated successfully
2025-08-13 23:57:20 - INFO - Application starting...
2025-08-13 23:57:20 - INFO - Font loaded successfully
2025-08-13 23:57:20 - INFO - Stylesheet loaded successfully
2025-08-13 23:57:20 - INFO - Creating main window...
2025-08-13 23:57:20 - INFO - Custom font 'Neuropol X' loaded from C:\Users\allie\Coding Projects\huggin\resources\fonts\neuropol.otf
2025-08-13 23:57:52 - INFO - Update manager stopped during cleanup
2025-08-13 23:58:31 - INFO - License saved successfully
2025-08-13 23:58:31 - INFO - License loaded and validated successfully
2025-08-13 23:58:31 - INFO - Application starting...
2025-08-13 23:58:31 - INFO - Font loaded successfully
2025-08-13 23:58:31 - INFO - Stylesheet loaded successfully
2025-08-13 23:58:31 - INFO - Creating main window...
2025-08-13 23:58:31 - INFO - Custom font 'Neuropol X' loaded from C:\Users\allie\Coding Projects\huggin\resources\fonts\neuropol.otf
2025-08-13 23:59:02 - INFO - Update manager stopped during cleanup
2025-08-13 23:59:33 - INFO - License saved successfully
2025-08-13 23:59:33 - INFO - License loaded and validated successfully
2025-08-13 23:59:33 - INFO - Application starting...
2025-08-13 23:59:33 - INFO - Font loaded successfully
2025-08-13 23:59:33 - INFO - Stylesheet loaded successfully
2025-08-13 23:59:33 - INFO - Creating main window...
2025-08-13 23:59:33 - INFO - Custom font 'Neuropol X' loaded from C:\Users\allie\Coding Projects\huggin\resources\fonts\neuropol.otf
2025-08-14 00:03:46 - INFO - Update manager stopped during cleanup
2025-08-14 00:03:52 - INFO - License saved successfully
2025-08-14 00:03:52 - INFO - License loaded and validated successfully
2025-08-14 00:03:52 - INFO - Application starting...
2025-08-14 00:03:52 - INFO - Font loaded successfully
2025-08-14 00:03:52 - INFO - Stylesheet loaded successfully
2025-08-14 00:03:52 - INFO - Creating main window...
2025-08-14 00:03:52 - INFO - Custom font 'Neuropol X' loaded from C:\Users\allie\Coding Projects\huggin\resources\fonts\neuropol.otf
2025-08-14 00:04:20 - INFO - Update manager stopped during cleanup
2025-08-14 00:34:47 - INFO - License saved successfully
2025-08-14 00:34:47 - INFO - License loaded and validated successfully
2025-08-14 00:34:47 - INFO - Application starting...
2025-08-14 00:34:47 - INFO - Font loaded successfully
2025-08-14 00:34:47 - INFO - Stylesheet loaded successfully
2025-08-14 00:34:47 - INFO - Creating main window...
2025-08-14 00:34:47 - INFO - Custom font 'Neuropol X' loaded from C:\Users\allie\Coding Projects\huggin\resources\fonts\neuropol.otf
2025-08-14 00:43:52 - INFO - Update manager stopped during cleanup
2025-08-14 00:43:58 - INFO - License saved successfully
2025-08-14 00:43:58 - INFO - License loaded and validated successfully
2025-08-14 00:43:58 - INFO - Application starting...
2025-08-14 00:43:58 - INFO - Font loaded successfully
2025-08-14 00:43:58 - INFO - Stylesheet loaded successfully
2025-08-14 00:43:58 - INFO - Creating main window...
2025-08-14 00:43:58 - INFO - Custom font 'Neuropol X' loaded from C:\Users\allie\Coding Projects\huggin\resources\fonts\neuropol.otf
2025-08-14 00:46:02 - INFO - Update manager stopped during cleanup
2025-08-14 01:23:22 - INFO - License saved successfully
2025-08-14 01:23:22 - INFO - License loaded and validated successfully
2025-08-14 01:23:22 - INFO - Application starting...
2025-08-14 01:23:22 - INFO - Font loaded successfully
2025-08-14 01:23:22 - INFO - Stylesheet loaded successfully
2025-08-14 01:23:22 - INFO - Creating main window...
2025-08-14 01:23:22 - INFO - Custom font 'Neuropol X' loaded from C:\Users\allie\Coding Projects\huggin\resources\fonts\neuropol.otf
2025-08-14 01:34:45 - INFO - Update manager stopped during cleanup
2025-08-14 23:31:45 - INFO - License saved successfully
2025-08-14 23:31:45 - INFO - License loaded and validated successfully
2025-08-14 23:31:45 - INFO - Application starting...
2025-08-14 23:31:45 - INFO - Font loaded successfully
2025-08-14 23:31:45 - INFO - Stylesheet loaded successfully
2025-08-14 23:31:45 - INFO - Creating main window...
2025-08-14 23:31:45 - INFO - Custom font 'Neuropol X' loaded from C:\Users\allie\Coding Projects\huggin\resources\fonts\neuropol.otf
2025-08-15 11:38:41 - INFO - Update manager stopped during cleanup
2025-08-15 15:09:07 - INFO - License saved successfully
2025-08-15 15:09:07 - INFO - License loaded and validated successfully
2025-08-15 15:09:07 - INFO - Application starting...
2025-08-15 15:09:07 - INFO - Font loaded successfully
2025-08-15 15:09:07 - INFO - Stylesheet loaded successfully
2025-08-15 15:09:07 - INFO - Creating main window...
2025-08-15 15:09:07 - INFO - Custom font 'Neuropol X' loaded from C:\Users\allie\Coding Projects\huggin\resources\fonts\neuropol.otf
2025-08-15 15:24:39 - INFO - Update manager stopped during cleanup
2025-08-15 15:56:10 - INFO - License saved successfully
2025-08-15 15:56:10 - INFO - License loaded and validated successfully
2025-08-15 15:56:11 - INFO - Application starting...
2025-08-15 15:56:11 - INFO - Font loaded successfully
2025-08-15 15:56:11 - INFO - Stylesheet loaded successfully
2025-08-15 15:56:11 - INFO - Creating main window...
2025-08-15 15:56:11 - INFO - Custom font 'Neuropol X' loaded from C:\Users\allie\Coding Projects\huggin\resources\fonts\neuropol.otf
2025-08-15 16:50:17 - INFO - Update manager stopped during cleanup
2025-08-15 17:00:14 - INFO - License saved successfully
2025-08-15 17:00:14 - INFO - License loaded and validated successfully
2025-08-15 17:00:14 - INFO - Application starting...
2025-08-15 17:00:14 - INFO - Font loaded successfully
2025-08-15 17:00:14 - INFO - Stylesheet loaded successfully
2025-08-15 17:00:14 - INFO - Creating main window...
2025-08-15 17:00:14 - INFO - Custom font 'Neuropol X' loaded from C:\Users\allie\Coding Projects\huggin\resources\fonts\neuropol.otf
2025-08-15 17:00:19 - DEBUG - Session token generated
2025-08-15 18:40:30 - INFO - Update manager stopped during cleanup
2026-03-03 14:42:49 - INFO - License saved successfully
2026-03-03 14:42:49 - INFO - License loaded and validated successfully
2026-03-03 14:42:49 - INFO - Application starting...
2026-03-03 14:42:49 - INFO - Font loaded successfully
2026-03-03 14:42:49 - INFO - Stylesheet loaded successfully
2026-03-03 14:42:49 - INFO - Creating main window...
2026-03-03 14:42:49 - INFO - Custom font 'Neuropol X' loaded from C:\Users\allie\Coding Projects\huggin\resources\fonts\neuropol.otf
2026-03-03 14:44:36 - ERROR - Error during application close: 'NoneType' object has no attribute 'handle_close_event'
2026-03-03 14:44:43 - ERROR - Unhandled exception:
Traceback (most recent call last):
  File "C:\Users\allie\Coding Projects\huggin\app\main_window\main_window_refactored.py", line 427, in changeEvent
    if hasattr(self, 'tray_manager') and self.tray_manager.handle_window_state_change(event):
                                         ^^^^^^^^^^^^^^^^^^^^^^^^^^^^^^^^^^^^^^^^^^^^
AttributeError: 'NoneType' object has no attribute 'handle_window_state_change'

2026-03-03 14:44:55 - ERROR - Unhandled exception:
Traceback (most recent call last):
  File "C:\Users\allie\Coding Projects\huggin\app\main_window\main_window_refactored.py", line 427, in changeEvent
    if hasattr(self, 'tray_manager') and self.tray_manager.handle_window_state_change(event):
                                         ^^^^^^^^^^^^^^^^^^^^^^^^^^^^^^^^^^^^^^^^^^^^
AttributeError: 'NoneType' object has no attribute 'handle_window_state_change'

2026-03-03 14:45:00 - ERROR - Unhandled exception:
Traceback (most recent call last):
  File "C:\Users\allie\Coding Projects\huggin\app\main_window\main_window_refactored.py", line 427, in changeEvent
    if hasattr(self, 'tray_manager') and self.tray_manager.handle_window_state_change(event):
                                         ^^^^^^^^^^^^^^^^^^^^^^^^^^^^^^^^^^^^^^^^^^^^
AttributeError: 'NoneType' object has no attribute 'handle_window_state_change'

2026-03-03 14:45:03 - ERROR - Error during application close: 'NoneType' object has no attribute 'handle_close_event'
2026-03-03 14:45:03 - ERROR - Unhandled exception:
Traceback (most recent call last):
  File "C:\Users\allie\Coding Projects\huggin\app\main_window\main_window_refactored.py", line 427, in changeEvent
    if hasattr(self, 'tray_manager') and self.tray_manager.handle_window_state_change(event):
                                         ^^^^^^^^^^^^^^^^^^^^^^^^^^^^^^^^^^^^^^^^^^^^
AttributeError: 'NoneType' object has no attribute 'handle_window_state_change'

2026-03-03 14:45:04 - ERROR - Unhandled exception:
Traceback (most recent call last):
  File "C:\Users\allie\Coding Projects\huggin\app\main_window\main_window_refactored.py", line 427, in changeEvent
    if hasattr(self, 'tray_manager') and self.tray_manager.handle_window_state_change(event):
                                         ^^^^^^^^^^^^^^^^^^^^^^^^^^^^^^^^^^^^^^^^^^^^
AttributeError: 'NoneType' object has no attribute 'handle_window_state_change'

2026-03-03 14:45:07 - INFO - Update manager stopped during cleanup
2026-03-20 15:12:44 - INFO - License saved successfully
2026-03-20 15:12:44 - INFO - License loaded and validated successfully
2026-03-20 15:12:44 - INFO - Application starting...
2026-03-20 15:12:44 - INFO - Font loaded successfully
2026-03-20 15:12:44 - INFO - Stylesheet loaded successfully
2026-03-20 15:12:44 - INFO - Creating main window...
2026-03-20 15:12:44 - INFO - Custom font 'Neuropol X' loaded from C:\Users\allie\Coding Projects\huggin\resources\fonts\neuropol.otf
2026-03-20 15:13:32 - ERROR - Unhandled exception:
Traceback (most recent call last):
  File "C:\Users\allie\Coding Projects\huggin\app\pages\osint_page.py", line 103, in on_osint_started
    self.show_status(f"Starting {osint_type} for {target}", "info")
    ^^^^^^^^^^^^^^^^
AttributeError: 'OSINTPage' object has no attribute 'show_status'

2026-03-20 15:13:38 - ERROR - Unhandled exception:
Traceback (most recent call last):
  File "C:\Users\allie\Coding Projects\huggin\app\pages\osint_page.py", line 107, in on_osint_completed
    self.show_status("OSINT operation completed", "success")
    ^^^^^^^^^^^^^^^^
AttributeError: 'OSINTPage' object has no attribute 'show_status'

2026-03-20 15:13:46 - ERROR - Unhandled exception:
Traceback (most recent call last):
  File "C:\Users\allie\Coding Projects\huggin\app\pages\osint_page.py", line 103, in on_osint_started
    self.show_status(f"Starting {osint_type} for {target}", "info")
    ^^^^^^^^^^^^^^^^
AttributeError: 'OSINTPage' object has no attribute 'show_status'

2026-03-20 15:13:49 - ERROR - Unhandled exception:
Traceback (most recent call last):
  File "C:\Users\allie\Coding Projects\huggin\app\pages\osint_page.py", line 107, in on_osint_completed
    self.show_status("OSINT operation completed", "success")
    ^^^^^^^^^^^^^^^^
AttributeError: 'OSINTPage' object has no attribute 'show_status'

2026-03-20 15:13:53 - ERROR - Unhandled exception:
Traceback (most recent call last):
  File "C:\Users\allie\Coding Projects\huggin\app\pages\osint_page.py", line 103, in on_osint_started
    self.show_status(f"Starting {osint_type} for {target}", "info")
    ^^^^^^^^^^^^^^^^
AttributeError: 'OSINTPage' object has no attribute 'show_status'

2026-03-20 15:13:58 - ERROR - Unhandled exception:
Traceback (most recent call last):
  File "C:\Users\allie\Coding Projects\huggin\app\pages\osint_page.py", line 107, in on_osint_completed
    self.show_status("OSINT operation completed", "success")
    ^^^^^^^^^^^^^^^^
AttributeError: 'OSINTPage' object has no attribute 'show_status'

2026-03-20 15:14:15 - ERROR - Error during application close: 'NoneType' object has no attribute 'handle_close_event'
2026-03-20 15:15:28 - INFO - License saved successfully
2026-03-20 15:15:28 - INFO - License loaded and validated successfully
2026-03-20 15:15:28 - INFO - Application starting...
2026-03-20 15:15:28 - INFO - Font loaded successfully
2026-03-20 15:15:28 - INFO - Stylesheet loaded successfully
2026-03-20 15:15:28 - INFO - Creating main window...
2026-03-20 15:15:28 - INFO - Custom font 'Neuropol X' loaded from C:\Users\allie\Coding Projects\huggin\resources\fonts\neuropol.otf
2026-03-20 15:15:57 - ERROR - Unhandled exception:
Traceback (most recent call last):
  File "C:\Users\allie\Coding Projects\huggin\app\pages\osint_page.py", line 103, in on_osint_started
    self.show_status(f"Starting {osint_type} for {target}", "info")
    ^^^^^^^^^^^^^^^^
AttributeError: 'OSINTPage' object has no attribute 'show_status'

2026-03-20 15:16:02 - ERROR - Unhandled exception:
Traceback (most recent call last):
  File "C:\Users\allie\Coding Projects\huggin\app\pages\osint_page.py", line 107, in on_osint_completed
    self.show_status("OSINT operation completed", "success")
    ^^^^^^^^^^^^^^^^
AttributeError: 'OSINTPage' object has no attribute 'show_status'

2026-03-20 15:16:12 - ERROR - Error during application close: 'NoneType' object has no attribute 'handle_close_event'
2026-03-20 15:17:27 - ERROR - Unhandled exception:
Traceback (most recent call last):
  File "C:\Users\allie\Coding Projects\huggin\app\main_window\main_window_refactored.py", line 427, in changeEvent
    if hasattr(self, 'tray_manager') and self.tray_manager.handle_window_state_change(event):
                                         ^^^^^^^^^^^^^^^^^^^^^^^^^^^^^^^^^^^^^^^^^^^^
AttributeError: 'NoneType' object has no attribute 'handle_window_state_change'

2026-03-20 15:17:32 - ERROR - Error during application close: 'NoneType' object has no attribute 'handle_close_event'
2026-03-20 15:17:32 - ERROR - Unhandled exception:
Traceback (most recent call last):
  File "C:\Users\allie\Coding Projects\huggin\app\main_window\main_window_refactored.py", line 427, in changeEvent
    if hasattr(self, 'tray_manager') and self.tray_manager.handle_window_state_change(event):
                                         ^^^^^^^^^^^^^^^^^^^^^^^^^^^^^^^^^^^^^^^^^^^^
AttributeError: 'NoneType' object has no attribute 'handle_window_state_change'

2026-03-20 15:17:33 - ERROR - Unhandled exception:
Traceback (most recent call last):
  File "C:\Users\allie\Coding Projects\huggin\app\main_window\main_window_refactored.py", line 427, in changeEvent
    if hasattr(self, 'tray_manager') and self.tray_manager.handle_window_state_change(event):
                                         ^^^^^^^^^^^^^^^^^^^^^^^^^^^^^^^^^^^^^^^^^^^^
AttributeError: 'NoneType' object has no attribute 'handle_window_state_change'

2026-03-20 15:17:38 - INFO - Update manager stopped during cleanup
2026-03-20 15:17:51 - INFO - License saved successfully
2026-03-20 15:17:51 - INFO - License loaded and validated successfully
2026-03-20 15:17:51 - INFO - Application starting...
2026-03-20 15:17:51 - INFO - Font loaded successfully
2026-03-20 15:17:51 - INFO - Stylesheet loaded successfully
2026-03-20 15:17:51 - INFO - Creating main window...
2026-03-20 15:17:51 - INFO - Custom font 'Neuropol X' loaded from C:\Users\allie\Coding Projects\huggin\resources\fonts\neuropol.otf
2026-03-20 15:21:30 - INFO - Update manager stopped during cleanup
2026-03-20 15:58:30 - INFO - License saved successfully
2026-03-20 15:58:30 - INFO - License loaded and validated successfully
2026-03-20 15:58:30 - INFO - Application starting...
2026-03-20 15:58:30 - INFO - Font loaded successfully
2026-03-20 15:58:30 - INFO - Stylesheet loaded successfully
2026-03-20 15:58:30 - INFO - Creating main window...
2026-03-20 15:58:30 - INFO - Custom font 'Neuropol X' loaded from C:\Users\allie\Coding Projects\huggin\resources\fonts\neuropol.otf
2026-03-20 16:01:11 - INFO - Update manager stopped during cleanup
2026-03-20 17:30:00 - INFO - License saved successfully
2026-03-20 17:30:00 - INFO - License loaded and validated successfully
2026-03-20 17:30:01 - INFO - Application starting...
2026-03-20 17:30:01 - INFO - Font loaded successfully
2026-03-20 17:30:01 - INFO - Stylesheet loaded successfully
2026-03-20 17:30:01 - INFO - Creating main window...
2026-03-20 17:30:01 - INFO - Custom font 'Neuropol X' loaded from C:\Users\allie\Coding Projects\huggin\resources\fonts\neuropol.otf
2026-03-20 22:48:29 - INFO - Update manager stopped during cleanup
2026-03-21 11:25:27 - INFO - License saved successfully
2026-03-21 11:25:27 - INFO - License loaded and validated successfully
2026-03-21 11:25:27 - INFO - Application starting...
2026-03-21 11:25:27 - INFO - Font loaded successfully
2026-03-21 11:25:27 - INFO - Stylesheet loaded successfully
2026-03-21 11:25:27 - INFO - Creating main window...
2026-03-21 11:25:27 - INFO - Custom font 'Neuropol X' loaded from C:\Users\allie\Coding Projects\huggin\resources\fonts\neuropol.otf
2026-03-21 11:27:50 - INFO - Starting subdomain enumeration for resumaker.ai
2026-03-21 11:27:50 - INFO - Using 1 plugins: ['crtsh']
2026-03-21 11:27:52 - INFO - Plugin crtsh: found 7 subdomains
2026-03-21 11:27:52 - INFO - Total unique subdomains: 7
2026-03-21 11:27:52 - INFO - Filtering wildcards...
2026-03-21 11:27:52 - INFO - Stored 7 results in database
2026-03-21 11:28:22 - INFO - Starting subdomain enumeration for managenet.com.au
2026-03-21 11:28:22 - INFO - Using 1 plugins: ['crtsh']
2026-03-21 11:28:24 - INFO - Plugin crtsh: found 14 subdomains
2026-03-21 11:28:24 - INFO - Total unique subdomains: 14
2026-03-21 11:28:24 - INFO - Filtering wildcards...
2026-03-21 11:28:24 - INFO - Stored 14 results in database
2026-03-21 11:28:43 - INFO - Starting subdomain enumeration for resumaker.ai
2026-03-21 11:28:43 - INFO - Using 1 plugins: ['crtsh']
2026-03-21 11:29:01 - INFO - Plugin crtsh: found 7 subdomains
2026-03-21 11:29:01 - INFO - Total unique subdomains: 7
2026-03-21 11:29:01 - INFO - Filtering wildcards...
2026-03-21 11:29:01 - INFO - Stored 7 results in database
2026-03-21 11:31:33 - INFO - Update manager stopped during cleanup
2026-03-21 17:47:01 - INFO - License saved successfully
2026-03-21 17:47:01 - INFO - License loaded and validated successfully
2026-03-21 17:47:01 - INFO - Application starting...
2026-03-21 17:47:01 - INFO - Font loaded successfully
2026-03-21 17:47:01 - INFO - Stylesheet loaded successfully
2026-03-21 17:47:01 - INFO - Creating main window...
2026-03-21 17:47:01 - INFO - Custom font 'Neuropol X' loaded from C:\Users\allie\Coding Projects\huggin\resources\fonts\neuropol.otf
2026-03-21 17:48:24 - ERROR - Unexpected error in open_wireless_security: 'LicenseManager' object has no attribute 'validate_feature_access'
2026-03-21 17:48:30 - ERROR - Unexpected error in open_social_engineering: 'LicenseManager' object has no attribute 'validate_feature_access'
2026-03-21 17:48:34 - ERROR - Error opening AD enumeration: 'LicenseManager' object has no attribute 'validate_feature_access'
2026-03-21 17:48:54 - ERROR - Unexpected error in open_anti_forensics: 'LicenseManager' object has no attribute 'validate_feature_access'
2026-03-21 17:50:24 - INFO - Received shutdown signal, initiating cleanup...
2026-03-21 17:50:24 - INFO - Update manager stopped during cleanup
2026-03-21 17:50:24 - INFO - Update manager stopped during cleanup
2026-03-21 17:51:37 - INFO - License saved successfully
2026-03-21 17:51:37 - INFO - License loaded and validated successfully
2026-03-21 17:51:37 - INFO - Application starting...
2026-03-21 17:51:37 - INFO - Font loaded successfully
2026-03-21 17:51:37 - INFO - Stylesheet loaded successfully
2026-03-21 17:51:37 - INFO - Creating main window...
2026-03-21 17:51:37 - INFO - Custom font 'Neuropol X' loaded from C:\Users\allie\Coding Projects\huggin\resources\fonts\neuropol.otf
2026-03-21 17:53:06 - DEBUG - Session token generated
2026-03-21 17:53:17 - INFO - Update manager stopped during cleanup
