2026-05-15 00:05:22 - huggin - DEBUG - Suppressed exception
Traceback (most recent call last):
  File "c:\Users\allie\Coding Projects\huggin_suite\huggin\app\core\asset_manager.py", line 100, in init_database
    conn.execute("ALTER TABLE assets ADD COLUMN fqdn TEXT DEFAULT ''")
    ~~~~~~~~~~~~^^^^^^^^^^^^^^^^^^^^^^^^^^^^^^^^^^^^^^^^^^^^^^^^^^^^^^
sqlite3.OperationalError: duplicate column name: fqdn
2026-05-15 00:05:22 - huggin - DEBUG - Suppressed exception
Traceback (most recent call last):
  File "c:\Users\allie\Coding Projects\huggin_suite\huggin\app\core\asset_manager.py", line 107, in init_database
    conn.execute("ALTER TABLE assets ADD COLUMN mac_address TEXT DEFAULT ''")
    ~~~~~~~~~~~~^^^^^^^^^^^^^^^^^^^^^^^^^^^^^^^^^^^^^^^^^^^^^^^^^^^^^^^^^^^^^
sqlite3.OperationalError: duplicate column name: mac_address
2026-05-15 00:05:22 - huggin - DEBUG - Suppressed exception
Traceback (most recent call last):
  File "c:\Users\allie\Coding Projects\huggin_suite\huggin\app\core\asset_manager.py", line 114, in init_database
    conn.execute("ALTER TABLE assets ADD COLUMN vendor TEXT DEFAULT ''")
    ~~~~~~~~~~~~^^^^^^^^^^^^^^^^^^^^^^^^^^^^^^^^^^^^^^^^^^^^^^^^^^^^^^^^
sqlite3.OperationalError: duplicate column name: vendor
2026-05-15 00:05:22 - huggin - DEBUG - Suppressed exception
Traceback (most recent call last):
  File "c:\Users\allie\Coding Projects\huggin_suite\huggin\app\core\asset_manager.py", line 121, in init_database
    conn.execute("ALTER TABLE assets ADD COLUMN notes TEXT DEFAULT ''")
    ~~~~~~~~~~~~^^^^^^^^^^^^^^^^^^^^^^^^^^^^^^^^^^^^^^^^^^^^^^^^^^^^^^^
sqlite3.OperationalError: duplicate column name: notes
2026-05-15 00:05:22 - huggin - INFO - Using default configuration
2026-05-15 00:05:24 - huggin - INFO - License saved successfully
2026-05-15 00:05:24 - huggin - INFO - License loaded and validated successfully
2026-05-15 00:05:26 - huggin - INFO - License saved successfully
2026-05-15 00:05:26 - huggin - INFO - License loaded and validated successfully
2026-05-15 00:05:26 - huggin - INFO - Application starting...
2026-05-15 00:05:26 - huggin - INFO - Font loaded successfully
2026-05-15 00:05:26 - huggin - INFO - Stylesheet loaded successfully
2026-05-15 00:05:26 - huggin - INFO - Creating main window...
2026-05-15 00:05:26 - huggin - INFO - QThreadPool max threads set to 32 (CPUs: 32)
2026-05-15 00:05:26 - huggin - INFO - Custom font 'Neuropol X' loaded from C:\Users\allie\Coding Projects\huggin_suite\huggin\resources\fonts\neuropol.otf
2026-05-15 00:05:26 - huggin - DEBUG - Suppressed exception
Traceback (most recent call last):
  File "C:\Users\allie\Coding Projects\huggin_suite\huggin\app\pages\page_registry.py", line 45, in register_all_pages
    from app.pages.db_attacks_page import DBAttacksPage
ImportError: cannot import name 'DBAttacksPage' from 'app.pages.db_attacks_page' (C:\Users\allie\Coding Projects\huggin_suite\huggin\app\pages\db_attacks_page.py)
2026-05-15 00:05:28 - huggin - DEBUG - Credentials loaded for profile 'default'
2026-05-15 00:06:59 - huggin - DEBUG - Suppressed exception
Traceback (most recent call last):
  File "c:\Users\allie\Coding Projects\huggin_suite\huggin\app\core\asset_manager.py", line 100, in init_database
    conn.execute("ALTER TABLE assets ADD COLUMN fqdn TEXT DEFAULT ''")
    ~~~~~~~~~~~~^^^^^^^^^^^^^^^^^^^^^^^^^^^^^^^^^^^^^^^^^^^^^^^^^^^^^^
sqlite3.OperationalError: duplicate column name: fqdn
2026-05-15 00:06:59 - huggin - DEBUG - Suppressed exception
Traceback (most recent call last):
  File "c:\Users\allie\Coding Projects\huggin_suite\huggin\app\core\asset_manager.py", line 107, in init_database
    conn.execute("ALTER TABLE assets ADD COLUMN mac_address TEXT DEFAULT ''")
    ~~~~~~~~~~~~^^^^^^^^^^^^^^^^^^^^^^^^^^^^^^^^^^^^^^^^^^^^^^^^^^^^^^^^^^^^^
sqlite3.OperationalError: duplicate column name: mac_address
2026-05-15 00:06:59 - huggin - DEBUG - Suppressed exception
Traceback (most recent call last):
  File "c:\Users\allie\Coding Projects\huggin_suite\huggin\app\core\asset_manager.py", line 114, in init_database
    conn.execute("ALTER TABLE assets ADD COLUMN vendor TEXT DEFAULT ''")
    ~~~~~~~~~~~~^^^^^^^^^^^^^^^^^^^^^^^^^^^^^^^^^^^^^^^^^^^^^^^^^^^^^^^^
sqlite3.OperationalError: duplicate column name: vendor
2026-05-15 00:06:59 - huggin - DEBUG - Suppressed exception
Traceback (most recent call last):
  File "c:\Users\allie\Coding Projects\huggin_suite\huggin\app\core\asset_manager.py", line 121, in init_database
    conn.execute("ALTER TABLE assets ADD COLUMN notes TEXT DEFAULT ''")
    ~~~~~~~~~~~~^^^^^^^^^^^^^^^^^^^^^^^^^^^^^^^^^^^^^^^^^^^^^^^^^^^^^^^
sqlite3.OperationalError: duplicate column name: notes
2026-05-15 00:06:59 - huggin - INFO - Using default configuration
2026-05-15 00:07:01 - huggin - INFO - License saved successfully
2026-05-15 00:07:01 - huggin - INFO - License loaded and validated successfully
2026-05-15 00:07:10 - huggin - DEBUG - Memory monitoring stopped
2026-05-15 00:07:10 - huggin - DEBUG - Connection pool closed all sessions
2026-05-15 00:07:10 - huggin - INFO - Update manager stopped during cleanup
2026-05-15 00:07:12 - huggin - INFO - License saved successfully
2026-05-15 00:07:12 - huggin - INFO - License loaded and validated successfully
2026-05-15 00:07:12 - huggin - INFO - Application starting...
2026-05-15 00:07:12 - huggin - INFO - Font loaded successfully
2026-05-15 00:07:12 - huggin - INFO - Stylesheet loaded successfully
2026-05-15 00:07:12 - huggin - INFO - Creating main window...
2026-05-15 00:07:12 - huggin - INFO - QThreadPool max threads set to 32 (CPUs: 32)
2026-05-15 00:07:12 - huggin - INFO - Custom font 'Neuropol X' loaded from C:\Users\allie\Coding Projects\huggin_suite\huggin\resources\fonts\neuropol.otf
2026-05-15 00:07:12 - huggin - DEBUG - Suppressed exception
Traceback (most recent call last):
  File "C:\Users\allie\Coding Projects\huggin_suite\huggin\app\pages\page_registry.py", line 45, in register_all_pages
    from app.pages.db_attacks_page import DBAttacksPage
ImportError: cannot import name 'DBAttacksPage' from 'app.pages.db_attacks_page' (C:\Users\allie\Coding Projects\huggin_suite\huggin\app\pages\db_attacks_page.py)
2026-05-15 00:07:14 - huggin - DEBUG - Credentials loaded for profile 'default'
2026-05-15 00:07:46 - huggin - DEBUG - Memory monitoring stopped
2026-05-15 00:07:46 - huggin - DEBUG - Connection pool closed all sessions
2026-05-15 00:07:47 - huggin - INFO - Update manager stopped during cleanup
