2025-08-13 09:34:22 - huggin - INFO - License saved successfully
2025-08-13 09:34:22 - huggin - INFO - License loaded and validated successfully
2025-08-13 09:34:22 - huggin - INFO - Application starting...
2025-08-13 09:34:22 - huggin - INFO - Font loaded successfully
2025-08-13 09:34:22 - huggin - INFO - Stylesheet loaded successfully
2025-08-13 09:34:22 - huggin - INFO - Creating main window...
2025-08-13 09:34:22 - huggin - INFO - Custom font 'Neuropol X' loaded from C:\Users\allie\Coding Projects\huggin\resources\fonts\neuropol.otf
2025-08-13 09:39:06 - huggin - INFO - Update manager stopped during cleanup
2025-08-13 09:43:06 - huggin - INFO - License saved successfully
2025-08-13 09:43:06 - huggin - INFO - License loaded and validated successfully
2025-08-13 09:43:06 - huggin - INFO - Application starting...
2025-08-13 09:43:06 - huggin - INFO - Font loaded successfully
2025-08-13 09:43:06 - huggin - INFO - Stylesheet loaded successfully
2025-08-13 09:43:06 - huggin - INFO - Creating main window...
2025-08-13 09:43:06 - huggin - INFO - Custom font 'Neuropol X' loaded from C:\Users\allie\Coding Projects\huggin\resources\fonts\neuropol.otf
2025-08-13 09:53:55 - huggin - INFO - Update manager stopped during cleanup
2025-08-13 09:54:01 - huggin - INFO - License saved successfully
2025-08-13 09:54:01 - huggin - INFO - License loaded and validated successfully
2025-08-13 09:54:01 - huggin - INFO - Application starting...
2025-08-13 09:54:01 - huggin - INFO - Font loaded successfully
2025-08-13 09:54:01 - huggin - INFO - Stylesheet loaded successfully
2025-08-13 09:54:01 - huggin - INFO - Creating main window...
2025-08-13 09:54:01 - huggin - INFO - Custom font 'Neuropol X' loaded from C:\Users\allie\Coding Projects\huggin\resources\fonts\neuropol.otf
2025-08-13 09:59:04 - huggin - INFO - Update manager stopped during cleanup
2025-08-13 09:59:32 - huggin - INFO - License saved successfully
2025-08-13 09:59:32 - huggin - INFO - License loaded and validated successfully
2025-08-13 09:59:32 - huggin - INFO - Application starting...
2025-08-13 09:59:32 - huggin - INFO - Font loaded successfully
2025-08-13 09:59:32 - huggin - INFO - Stylesheet loaded successfully
2025-08-13 09:59:32 - huggin - INFO - Creating main window...
2025-08-13 09:59:32 - huggin - INFO - Custom font 'Neuropol X' loaded from C:\Users\allie\Coding Projects\huggin\resources\fonts\neuropol.otf
2025-08-13 10:03:34 - huggin - INFO - Update manager stopped during cleanup
2025-08-13 10:10:01 - huggin - INFO - License saved successfully
2025-08-13 10:10:01 - huggin - INFO - License loaded and validated successfully
2025-08-13 10:10:01 - huggin - INFO - Application starting...
2025-08-13 10:10:01 - huggin - INFO - Font loaded successfully
2025-08-13 10:10:01 - huggin - INFO - Stylesheet loaded successfully
2025-08-13 10:10:01 - huggin - INFO - Creating main window...
2025-08-13 10:10:01 - huggin - INFO - Custom font 'Neuropol X' loaded from C:\Users\allie\Coding Projects\huggin\resources\fonts\neuropol.otf
2025-08-13 10:11:14 - huggin - INFO - Update manager stopped during cleanup
2025-08-13 10:23:26 - huggin - INFO - License saved successfully
2025-08-13 10:23:26 - huggin - INFO - License loaded and validated successfully
2025-08-13 10:23:26 - huggin - INFO - Application starting...
2025-08-13 10:23:26 - huggin - INFO - Font loaded successfully
2025-08-13 10:23:26 - huggin - INFO - Stylesheet loaded successfully
2025-08-13 10:23:26 - huggin - INFO - Creating main window...
2025-08-13 10:23:26 - huggin - INFO - Custom font 'Neuropol X' loaded from C:\Users\allie\Coding Projects\huggin\resources\fonts\neuropol.otf
2025-08-13 10:24:38 - huggin - INFO - Update manager stopped during cleanup
2025-08-13 10:24:49 - huggin - INFO - License saved successfully
2025-08-13 10:24:49 - huggin - INFO - License loaded and validated successfully
2025-08-13 10:24:49 - huggin - INFO - Application starting...
2025-08-13 10:24:49 - huggin - INFO - Font loaded successfully
2025-08-13 10:24:49 - huggin - INFO - Stylesheet loaded successfully
2025-08-13 10:24:49 - huggin - INFO - Creating main window...
2025-08-13 10:24:49 - huggin - INFO - Custom font 'Neuropol X' loaded from C:\Users\allie\Coding Projects\huggin\resources\fonts\neuropol.otf
2025-08-13 10:25:45 - huggin - INFO - Update manager stopped during cleanup
2025-08-13 10:28:00 - huggin - INFO - License saved successfully
2025-08-13 10:28:00 - huggin - INFO - License loaded and validated successfully
2025-08-13 10:28:00 - huggin - INFO - Application starting...
2025-08-13 10:28:00 - huggin - INFO - Font loaded successfully
2025-08-13 10:28:00 - huggin - INFO - Stylesheet loaded successfully
2025-08-13 10:28:00 - huggin - INFO - Creating main window...
2025-08-13 10:28:00 - huggin - INFO - Custom font 'Neuropol X' loaded from C:\Users\allie\Coding Projects\huggin\resources\fonts\neuropol.otf
2025-08-13 10:33:31 - huggin - INFO - Update manager stopped during cleanup
2025-08-13 10:39:50 - huggin - INFO - License saved successfully
2025-08-13 10:39:50 - huggin - INFO - License loaded and validated successfully
2025-08-13 10:39:50 - huggin - INFO - Application starting...
2025-08-13 10:39:50 - huggin - INFO - Font loaded successfully
2025-08-13 10:39:50 - huggin - INFO - Stylesheet loaded successfully
2025-08-13 10:39:50 - huggin - INFO - Creating main window...
2025-08-13 10:39:50 - huggin - INFO - Custom font 'Neuropol X' loaded from C:\Users\allie\Coding Projects\huggin\resources\fonts\neuropol.otf
2025-08-13 10:41:14 - huggin - INFO - Update manager stopped during cleanup
2025-08-13 10:41:28 - huggin - INFO - License saved successfully
2025-08-13 10:41:28 - huggin - INFO - License loaded and validated successfully
2025-08-13 10:41:28 - huggin - INFO - Application starting...
2025-08-13 10:41:28 - huggin - INFO - Font loaded successfully
2025-08-13 10:41:28 - huggin - INFO - Stylesheet loaded successfully
2025-08-13 10:41:28 - huggin - INFO - Creating main window...
2025-08-13 10:41:28 - huggin - INFO - Custom font 'Neuropol X' loaded from C:\Users\allie\Coding Projects\huggin\resources\fonts\neuropol.otf
2025-08-13 10:42:11 - huggin - INFO - Update manager stopped during cleanup
2025-08-13 10:42:27 - huggin - INFO - License saved successfully
2025-08-13 10:42:27 - huggin - INFO - License loaded and validated successfully
2025-08-13 10:42:27 - huggin - INFO - Application starting...
2025-08-13 10:42:27 - huggin - INFO - Font loaded successfully
2025-08-13 10:42:27 - huggin - INFO - Stylesheet loaded successfully
2025-08-13 10:42:27 - huggin - INFO - Creating main window...
2025-08-13 10:42:27 - huggin - INFO - Custom font 'Neuropol X' loaded from C:\Users\allie\Coding Projects\huggin\resources\fonts\neuropol.otf
2025-08-13 10:43:40 - huggin - INFO - Update manager stopped during cleanup
2025-08-13 10:45:51 - huggin - INFO - License saved successfully
2025-08-13 10:45:51 - huggin - INFO - License loaded and validated successfully
2025-08-13 10:45:51 - huggin - INFO - Application starting...
2025-08-13 10:45:51 - huggin - INFO - Font loaded successfully
2025-08-13 10:45:51 - huggin - INFO - Stylesheet loaded successfully
2025-08-13 10:45:51 - huggin - INFO - Creating main window...
2025-08-13 10:45:51 - huggin - INFO - Custom font 'Neuropol X' loaded from C:\Users\allie\Coding Projects\huggin\resources\fonts\neuropol.otf
2025-08-13 11:44:53 - huggin - INFO - Update manager stopped during cleanup
2025-08-13 11:44:57 - huggin - INFO - License saved successfully
2025-08-13 11:44:57 - huggin - INFO - License loaded and validated successfully
2025-08-13 11:44:57 - huggin - INFO - Application starting...
2025-08-13 11:44:57 - huggin - INFO - Font loaded successfully
2025-08-13 11:44:57 - huggin - INFO - Stylesheet loaded successfully
2025-08-13 11:44:57 - huggin - INFO - Creating main window...
2025-08-13 11:44:57 - huggin - INFO - Custom font 'Neuropol X' loaded from C:\Users\allie\Coding Projects\huggin\resources\fonts\neuropol.otf
2025-08-13 11:45:12 - huggin - INFO - Update manager stopped during cleanup
2025-08-13 11:46:18 - huggin - INFO - License saved successfully
2025-08-13 11:46:18 - huggin - INFO - License loaded and validated successfully
2025-08-13 11:46:18 - huggin - INFO - Application starting...
2025-08-13 11:46:18 - huggin - INFO - Font loaded successfully
2025-08-13 11:46:18 - huggin - INFO - Stylesheet loaded successfully
2025-08-13 11:46:18 - huggin - INFO - Creating main window...
2025-08-13 11:46:18 - huggin - INFO - Custom font 'Neuropol X' loaded from C:\Users\allie\Coding Projects\huggin\resources\fonts\neuropol.otf
2025-08-13 11:48:11 - huggin - INFO - Update manager stopped during cleanup
2025-08-13 12:00:40 - huggin - INFO - License saved successfully
2025-08-13 12:00:40 - huggin - INFO - License loaded and validated successfully
2025-08-13 12:00:40 - huggin - INFO - Application starting...
2025-08-13 12:00:40 - huggin - INFO - Font loaded successfully
2025-08-13 12:00:40 - huggin - INFO - Stylesheet loaded successfully
2025-08-13 12:00:40 - huggin - INFO - Creating main window...
2025-08-13 12:00:40 - huggin - INFO - Custom font 'Neuropol X' loaded from C:\Users\allie\Coding Projects\huggin\resources\fonts\neuropol.otf
2025-08-13 12:03:09 - huggin - INFO - Update manager stopped during cleanup
2025-08-13 12:26:02 - huggin - INFO - License saved successfully
2025-08-13 12:26:02 - huggin - INFO - License loaded and validated successfully
2025-08-13 12:26:02 - huggin - INFO - Application starting...
2025-08-13 12:26:02 - huggin - INFO - Font loaded successfully
2025-08-13 12:26:02 - huggin - INFO - Stylesheet loaded successfully
2025-08-13 12:26:02 - huggin - INFO - Creating main window...
2025-08-13 12:26:02 - huggin - INFO - Custom font 'Neuropol X' loaded from C:\Users\allie\Coding Projects\huggin\resources\fonts\neuropol.otf
2025-08-13 12:27:09 - huggin - INFO - Update manager stopped during cleanup
2025-08-13 12:38:35 - huggin - INFO - License saved successfully
2025-08-13 12:38:35 - huggin - INFO - License loaded and validated successfully
2025-08-13 12:38:35 - huggin - INFO - Application starting...
2025-08-13 12:38:35 - huggin - INFO - Font loaded successfully
2025-08-13 12:38:35 - huggin - INFO - Stylesheet loaded successfully
2025-08-13 12:38:35 - huggin - INFO - Creating main window...
2025-08-13 12:38:35 - huggin - INFO - Custom font 'Neuropol X' loaded from C:\Users\allie\Coding Projects\huggin\resources\fonts\neuropol.otf
2025-08-13 12:43:32 - huggin - INFO - Update manager stopped during cleanup
2025-08-13 12:49:56 - huggin - INFO - License saved successfully
2025-08-13 12:49:56 - huggin - INFO - License loaded and validated successfully
2025-08-13 12:49:56 - huggin - INFO - Application starting...
2025-08-13 12:49:56 - huggin - INFO - Font loaded successfully
2025-08-13 12:49:56 - huggin - INFO - Stylesheet loaded successfully
2025-08-13 12:49:56 - huggin - INFO - Creating main window...
2025-08-13 12:49:56 - huggin - INFO - Custom font 'Neuropol X' loaded from C:\Users\allie\Coding Projects\huggin\resources\fonts\neuropol.otf
2025-08-13 13:12:07 - huggin - INFO - Update manager stopped during cleanup
2025-08-13 13:13:53 - huggin - INFO - License saved successfully
2025-08-13 13:13:53 - huggin - INFO - License loaded and validated successfully
2025-08-13 13:13:53 - huggin - INFO - Application starting...
2025-08-13 13:13:53 - huggin - INFO - Font loaded successfully
2025-08-13 13:13:53 - huggin - INFO - Stylesheet loaded successfully
2025-08-13 13:13:53 - huggin - INFO - Creating main window...
2025-08-13 13:13:53 - huggin - INFO - Custom font 'Neuropol X' loaded from C:\Users\allie\Coding Projects\huggin\resources\fonts\neuropol.otf
2025-08-13 15:44:38 - huggin - INFO - Update manager stopped during cleanup
2025-08-13 17:46:46 - huggin - INFO - License saved successfully
2025-08-13 17:46:46 - huggin - INFO - License loaded and validated successfully
2025-08-13 17:46:46 - huggin - INFO - Application starting...
2025-08-13 17:46:46 - huggin - INFO - Font loaded successfully
2025-08-13 17:46:46 - huggin - INFO - Stylesheet loaded successfully
2025-08-13 17:46:46 - huggin - INFO - Creating main window...
2025-08-13 17:46:46 - huggin - INFO - Custom font 'Neuropol X' loaded from C:\Users\allie\Coding Projects\huggin\resources\fonts\neuropol.otf
2025-08-13 17:51:41 - huggin - INFO - Update manager stopped during cleanup
2025-08-13 20:05:15 - huggin - INFO - License saved successfully
2025-08-13 20:05:15 - huggin - INFO - License loaded and validated successfully
2025-08-13 20:05:15 - huggin - INFO - Application starting...
2025-08-13 20:05:15 - huggin - INFO - Font loaded successfully
2025-08-13 20:05:15 - huggin - INFO - Stylesheet loaded successfully
2025-08-13 20:05:15 - huggin - INFO - Creating main window...
2025-08-13 20:05:15 - huggin - INFO - Custom font 'Neuropol X' loaded from C:\Users\allie\Coding Projects\huggin\resources\fonts\neuropol.otf
2025-08-13 20:06:32 - huggin - INFO - Update manager stopped during cleanup
2025-08-13 20:20:28 - huggin - INFO - License saved successfully
2025-08-13 20:20:28 - huggin - INFO - License loaded and validated successfully
2025-08-13 20:20:28 - huggin - INFO - Application starting...
2025-08-13 20:20:28 - huggin - INFO - Font loaded successfully
2025-08-13 20:20:28 - huggin - INFO - Stylesheet loaded successfully
2025-08-13 20:20:28 - huggin - INFO - Creating main window...
2025-08-13 20:20:28 - huggin - INFO - Custom font 'Neuropol X' loaded from C:\Users\allie\Coding Projects\huggin\resources\fonts\neuropol.otf
2025-08-13 20:24:48 - huggin - INFO - Update manager stopped during cleanup
2025-08-13 20:28:51 - huggin - INFO - License saved successfully
2025-08-13 20:28:51 - huggin - INFO - License loaded and validated successfully
2025-08-13 20:28:51 - huggin - INFO - Application starting...
2025-08-13 20:28:51 - huggin - INFO - Font loaded successfully
2025-08-13 20:28:51 - huggin - INFO - Stylesheet loaded successfully
2025-08-13 20:28:51 - huggin - INFO - Creating main window...
2025-08-13 20:28:51 - huggin - INFO - Custom font 'Neuropol X' loaded from C:\Users\allie\Coding Projects\huggin\resources\fonts\neuropol.otf
2025-08-13 20:29:48 - huggin - INFO - Update manager stopped during cleanup
2025-08-13 20:32:19 - huggin - INFO - License saved successfully
2025-08-13 20:32:19 - huggin - INFO - License loaded and validated successfully
2025-08-13 20:32:19 - huggin - INFO - Application starting...
2025-08-13 20:32:19 - huggin - INFO - Font loaded successfully
2025-08-13 20:32:19 - huggin - INFO - Stylesheet loaded successfully
2025-08-13 20:32:19 - huggin - INFO - Creating main window...
2025-08-13 20:32:19 - huggin - INFO - Custom font 'Neuropol X' loaded from C:\Users\allie\Coding Projects\huggin\resources\fonts\neuropol.otf
2025-08-13 20:33:07 - huggin - INFO - Update manager stopped during cleanup
2025-08-13 20:38:03 - huggin - INFO - License saved successfully
2025-08-13 20:38:03 - huggin - INFO - License loaded and validated successfully
2025-08-13 20:38:03 - huggin - INFO - Application starting...
2025-08-13 20:38:03 - huggin - INFO - Font loaded successfully
2025-08-13 20:38:03 - huggin - INFO - Stylesheet loaded successfully
2025-08-13 20:38:03 - huggin - INFO - Creating main window...
2025-08-13 20:38:03 - huggin - INFO - Custom font 'Neuropol X' loaded from C:\Users\allie\Coding Projects\huggin\resources\fonts\neuropol.otf
2025-08-13 20:42:16 - huggin - INFO - Update manager stopped during cleanup
2025-08-13 20:44:13 - huggin - INFO - License saved successfully
2025-08-13 20:44:13 - huggin - INFO - License loaded and validated successfully
2025-08-13 20:44:13 - huggin - INFO - Application starting...
2025-08-13 20:44:13 - huggin - INFO - Font loaded successfully
2025-08-13 20:44:13 - huggin - INFO - Stylesheet loaded successfully
2025-08-13 20:44:13 - huggin - INFO - Creating main window...
2025-08-13 20:44:13 - huggin - INFO - Custom font 'Neuropol X' loaded from C:\Users\allie\Coding Projects\huggin\resources\fonts\neuropol.otf
2025-08-13 20:46:31 - huggin - INFO - Update manager stopped during cleanup
2025-08-13 20:46:48 - huggin - INFO - License saved successfully
2025-08-13 20:46:48 - huggin - INFO - License loaded and validated successfully
2025-08-13 20:46:48 - huggin - INFO - Application starting...
2025-08-13 20:46:48 - huggin - INFO - Font loaded successfully
2025-08-13 20:46:48 - huggin - INFO - Stylesheet loaded successfully
2025-08-13 20:46:48 - huggin - INFO - Creating main window...
2025-08-13 20:46:48 - huggin - INFO - Custom font 'Neuropol X' loaded from C:\Users\allie\Coding Projects\huggin\resources\fonts\neuropol.otf
2025-08-13 20:53:07 - huggin - INFO - Update manager stopped during cleanup
2025-08-13 20:53:12 - huggin - INFO - License saved successfully
2025-08-13 20:53:12 - huggin - INFO - License loaded and validated successfully
2025-08-13 20:53:12 - huggin - INFO - Application starting...
2025-08-13 20:53:12 - huggin - INFO - Font loaded successfully
2025-08-13 20:53:12 - huggin - INFO - Stylesheet loaded successfully
2025-08-13 20:53:12 - huggin - INFO - Creating main window...
2025-08-13 20:53:12 - huggin - INFO - Custom font 'Neuropol X' loaded from C:\Users\allie\Coding Projects\huggin\resources\fonts\neuropol.otf
2025-08-13 20:59:24 - huggin - INFO - Update manager stopped during cleanup
2025-08-13 21:01:32 - huggin - INFO - License saved successfully
2025-08-13 21:01:32 - huggin - INFO - License loaded and validated successfully
2025-08-13 21:01:32 - huggin - INFO - Application starting...
2025-08-13 21:01:32 - huggin - INFO - Font loaded successfully
2025-08-13 21:01:32 - huggin - INFO - Stylesheet loaded successfully
2025-08-13 21:01:32 - huggin - INFO - Creating main window...
2025-08-13 21:01:32 - huggin - INFO - Custom font 'Neuropol X' loaded from C:\Users\allie\Coding Projects\huggin\resources\fonts\neuropol.otf
2025-08-13 21:03:58 - huggin - INFO - Update manager stopped during cleanup
2025-08-13 21:04:01 - huggin - INFO - License saved successfully
2025-08-13 21:04:01 - huggin - INFO - License loaded and validated successfully
2025-08-13 21:04:02 - huggin - INFO - Application starting...
2025-08-13 21:04:02 - huggin - INFO - Font loaded successfully
2025-08-13 21:04:02 - huggin - INFO - Stylesheet loaded successfully
2025-08-13 21:04:02 - huggin - INFO - Creating main window...
2025-08-13 21:04:02 - huggin - INFO - Custom font 'Neuropol X' loaded from C:\Users\allie\Coding Projects\huggin\resources\fonts\neuropol.otf
2025-08-13 21:05:49 - huggin - INFO - Update manager stopped during cleanup
2025-08-13 21:06:18 - huggin - INFO - License saved successfully
2025-08-13 21:06:18 - huggin - INFO - License loaded and validated successfully
2025-08-13 21:06:18 - huggin - INFO - Application starting...
2025-08-13 21:06:18 - huggin - INFO - Font loaded successfully
2025-08-13 21:06:18 - huggin - INFO - Stylesheet loaded successfully
2025-08-13 21:06:18 - huggin - INFO - Creating main window...
2025-08-13 21:06:18 - huggin - INFO - Custom font 'Neuropol X' loaded from C:\Users\allie\Coding Projects\huggin\resources\fonts\neuropol.otf
2025-08-13 21:07:19 - huggin - INFO - Update manager stopped during cleanup
2025-08-13 21:07:22 - huggin - INFO - License saved successfully
2025-08-13 21:07:22 - huggin - INFO - License loaded and validated successfully
2025-08-13 21:07:23 - huggin - INFO - Application starting...
2025-08-13 21:07:23 - huggin - INFO - Font loaded successfully
2025-08-13 21:07:23 - huggin - INFO - Stylesheet loaded successfully
2025-08-13 21:07:23 - huggin - INFO - Creating main window...
2025-08-13 21:07:23 - huggin - INFO - Custom font 'Neuropol X' loaded from C:\Users\allie\Coding Projects\huggin\resources\fonts\neuropol.otf
2025-08-13 21:08:19 - huggin - INFO - Update manager stopped during cleanup
2025-08-13 21:34:41 - huggin - INFO - License saved successfully
2025-08-13 21:34:41 - huggin - INFO - License loaded and validated successfully
2025-08-13 21:34:41 - huggin - INFO - Application starting...
2025-08-13 21:34:41 - huggin - INFO - Font loaded successfully
2025-08-13 21:34:41 - huggin - INFO - Stylesheet loaded successfully
2025-08-13 21:34:41 - huggin - INFO - Creating main window...
2025-08-13 21:34:41 - huggin - INFO - Custom font 'Neuropol X' loaded from C:\Users\allie\Coding Projects\huggin\resources\fonts\neuropol.otf
2025-08-13 22:02:03 - huggin - INFO - Update manager stopped during cleanup
2025-08-13 22:13:28 - huggin - INFO - License saved successfully
2025-08-13 22:13:28 - huggin - INFO - License loaded and validated successfully
2025-08-13 22:13:28 - huggin - INFO - Application starting...
2025-08-13 22:13:28 - huggin - INFO - Font loaded successfully
2025-08-13 22:13:28 - huggin - INFO - Stylesheet loaded successfully
2025-08-13 22:13:28 - huggin - INFO - Creating main window...
2025-08-13 22:13:28 - huggin - INFO - Custom font 'Neuropol X' loaded from C:\Users\allie\Coding Projects\huggin\resources\fonts\neuropol.otf
2025-08-13 22:13:41 - huggin - INFO - Update manager stopped during cleanup
2025-08-13 22:14:31 - huggin - INFO - License saved successfully
2025-08-13 22:14:31 - huggin - INFO - License loaded and validated successfully
2025-08-13 22:14:31 - huggin - INFO - Application starting...
2025-08-13 22:14:31 - huggin - INFO - Font loaded successfully
2025-08-13 22:14:31 - huggin - INFO - Stylesheet loaded successfully
2025-08-13 22:14:31 - huggin - INFO - Creating main window...
2025-08-13 22:14:31 - huggin - INFO - Custom font 'Neuropol X' loaded from C:\Users\allie\Coding Projects\huggin\resources\fonts\neuropol.otf
2025-08-13 22:16:18 - huggin - INFO - Update manager stopped during cleanup
2025-08-13 22:21:17 - huggin - INFO - License saved successfully
2025-08-13 22:21:17 - huggin - INFO - License loaded and validated successfully
2025-08-13 22:21:17 - huggin - INFO - Application starting...
2025-08-13 22:21:17 - huggin - INFO - Font loaded successfully
2025-08-13 22:21:17 - huggin - INFO - Stylesheet loaded successfully
2025-08-13 22:21:17 - huggin - INFO - Creating main window...
2025-08-13 22:21:17 - huggin - INFO - Custom font 'Neuropol X' loaded from C:\Users\allie\Coding Projects\huggin\resources\fonts\neuropol.otf
2025-08-13 22:28:48 - huggin - INFO - Update manager stopped during cleanup
2025-08-13 22:33:55 - huggin - INFO - Using default configuration
2025-08-13 22:33:57 - huggin - INFO - License saved successfully
2025-08-13 22:33:57 - huggin - INFO - License loaded and validated successfully
2025-08-13 22:42:05 - huggin - INFO - License saved successfully
2025-08-13 22:42:05 - huggin - INFO - License loaded and validated successfully
2025-08-13 22:42:05 - huggin - INFO - Application starting...
2025-08-13 22:42:05 - huggin - INFO - Font loaded successfully
2025-08-13 22:42:05 - huggin - INFO - Stylesheet loaded successfully
2025-08-13 22:42:05 - huggin - INFO - Creating main window...
2025-08-13 22:42:06 - huggin - INFO - Custom font 'Neuropol X' loaded from C:\Users\allie\Coding Projects\huggin\resources\fonts\neuropol.otf
2025-08-13 22:51:19 - huggin - INFO - Update manager stopped during cleanup
2025-08-13 22:54:04 - huggin - INFO - License saved successfully
2025-08-13 22:54:04 - huggin - INFO - License loaded and validated successfully
2025-08-13 22:54:04 - huggin - INFO - Application starting...
2025-08-13 22:54:04 - huggin - INFO - Font loaded successfully
2025-08-13 22:54:04 - huggin - INFO - Stylesheet loaded successfully
2025-08-13 22:54:04 - huggin - INFO - Creating main window...
2025-08-13 22:54:04 - huggin - INFO - Custom font 'Neuropol X' loaded from C:\Users\allie\Coding Projects\huggin\resources\fonts\neuropol.otf
2025-08-13 22:55:13 - huggin - INFO - Update manager stopped during cleanup
2025-08-13 23:07:25 - huggin - INFO - License saved successfully
2025-08-13 23:07:25 - huggin - INFO - License loaded and validated successfully
2025-08-13 23:07:25 - huggin - INFO - Application starting...
2025-08-13 23:07:25 - huggin - INFO - Font loaded successfully
2025-08-13 23:07:25 - huggin - INFO - Stylesheet loaded successfully
2025-08-13 23:07:25 - huggin - INFO - Creating main window...
2025-08-13 23:07:25 - huggin - INFO - Custom font 'Neuropol X' loaded from C:\Users\allie\Coding Projects\huggin\resources\fonts\neuropol.otf
2025-08-13 23:08:02 - huggin - INFO - Update manager stopped during cleanup
2025-08-13 23:52:06 - huggin - INFO - License saved successfully
2025-08-13 23:52:06 - huggin - INFO - License loaded and validated successfully
2025-08-13 23:52:06 - huggin - INFO - Application starting...
2025-08-13 23:52:06 - huggin - INFO - Font loaded successfully
2025-08-13 23:52:06 - huggin - INFO - Stylesheet loaded successfully
2025-08-13 23:52:06 - huggin - INFO - Creating main window...
2025-08-13 23:52:06 - huggin - INFO - Custom font 'Neuropol X' loaded from C:\Users\allie\Coding Projects\huggin\resources\fonts\neuropol.otf
2025-08-13 23:53:21 - huggin - INFO - Update manager stopped during cleanup
2025-08-13 23:57:20 - huggin - INFO - License saved successfully
2025-08-13 23:57:20 - huggin - INFO - License loaded and validated successfully
2025-08-13 23:57:20 - huggin - INFO - Application starting...
2025-08-13 23:57:20 - huggin - INFO - Font loaded successfully
2025-08-13 23:57:20 - huggin - INFO - Stylesheet loaded successfully
2025-08-13 23:57:20 - huggin - INFO - Creating main window...
2025-08-13 23:57:20 - huggin - INFO - Custom font 'Neuropol X' loaded from C:\Users\allie\Coding Projects\huggin\resources\fonts\neuropol.otf
2025-08-13 23:57:52 - huggin - INFO - Update manager stopped during cleanup
2025-08-13 23:58:31 - huggin - INFO - License saved successfully
2025-08-13 23:58:31 - huggin - INFO - License loaded and validated successfully
2025-08-13 23:58:31 - huggin - INFO - Application starting...
2025-08-13 23:58:31 - huggin - INFO - Font loaded successfully
2025-08-13 23:58:31 - huggin - INFO - Stylesheet loaded successfully
2025-08-13 23:58:31 - huggin - INFO - Creating main window...
2025-08-13 23:58:31 - huggin - INFO - Custom font 'Neuropol X' loaded from C:\Users\allie\Coding Projects\huggin\resources\fonts\neuropol.otf
2025-08-13 23:59:02 - huggin - INFO - Update manager stopped during cleanup
2025-08-13 23:59:33 - huggin - INFO - License saved successfully
2025-08-13 23:59:33 - huggin - INFO - License loaded and validated successfully
2025-08-13 23:59:33 - huggin - INFO - Application starting...
2025-08-13 23:59:33 - huggin - INFO - Font loaded successfully
2025-08-13 23:59:33 - huggin - INFO - Stylesheet loaded successfully
2025-08-13 23:59:33 - huggin - INFO - Creating main window...
2025-08-13 23:59:33 - huggin - INFO - Custom font 'Neuropol X' loaded from C:\Users\allie\Coding Projects\huggin\resources\fonts\neuropol.otf
2025-08-14 00:03:46 - huggin - INFO - Update manager stopped during cleanup
