2026-03-21 11:25:27 - huggin - INFO - License saved successfully
2026-03-21 11:25:27 - huggin - INFO - License loaded and validated successfully
2026-03-21 11:25:27 - huggin - INFO - Application starting...
2026-03-21 11:25:27 - huggin - INFO - Font loaded successfully
2026-03-21 11:25:27 - huggin - INFO - Stylesheet loaded successfully
2026-03-21 11:25:27 - huggin - INFO - Creating main window...
2026-03-21 11:25:27 - huggin - INFO - Custom font 'Neuropol X' loaded from C:\Users\allie\Coding Projects\huggin\resources\fonts\neuropol.otf
2026-03-21 11:31:33 - huggin - INFO - Update manager stopped during cleanup
2026-03-21 17:47:01 - huggin - INFO - License saved successfully
2026-03-21 17:47:01 - huggin - INFO - License loaded and validated successfully
2026-03-21 17:47:01 - huggin - INFO - Application starting...
2026-03-21 17:47:01 - huggin - INFO - Font loaded successfully
2026-03-21 17:47:01 - huggin - INFO - Stylesheet loaded successfully
2026-03-21 17:47:01 - huggin - INFO - Creating main window...
2026-03-21 17:47:01 - huggin - INFO - Custom font 'Neuropol X' loaded from C:\Users\allie\Coding Projects\huggin\resources\fonts\neuropol.otf
2026-03-21 17:48:24 - huggin - ERROR - Unexpected error in open_wireless_security: 'LicenseManager' object has no attribute 'validate_feature_access'
2026-03-21 17:48:30 - huggin - ERROR - Unexpected error in open_social_engineering: 'LicenseManager' object has no attribute 'validate_feature_access'
2026-03-21 17:48:34 - huggin - ERROR - Error opening AD enumeration: 'LicenseManager' object has no attribute 'validate_feature_access'
2026-03-21 17:48:54 - huggin - ERROR - Unexpected error in open_anti_forensics: 'LicenseManager' object has no attribute 'validate_feature_access'
2026-03-21 17:50:24 - huggin - INFO - Received shutdown signal, initiating cleanup...
2026-03-21 17:50:24 - huggin - INFO - Update manager stopped during cleanup
2026-03-21 17:50:24 - huggin - INFO - Update manager stopped during cleanup
2026-03-21 17:51:37 - huggin - INFO - License saved successfully
2026-03-21 17:51:37 - huggin - INFO - License loaded and validated successfully
2026-03-21 17:51:37 - huggin - INFO - Application starting...
2026-03-21 17:51:37 - huggin - INFO - Font loaded successfully
2026-03-21 17:51:37 - huggin - INFO - Stylesheet loaded successfully
2026-03-21 17:51:37 - huggin - INFO - Creating main window...
2026-03-21 17:51:37 - huggin - INFO - Custom font 'Neuropol X' loaded from C:\Users\allie\Coding Projects\huggin\resources\fonts\neuropol.otf
2026-03-21 17:53:06 - huggin - DEBUG - Session token generated
2026-03-21 17:53:17 - huggin - INFO - Update manager stopped during cleanup
