2025-08-12 10:16:24 - huggin - INFO - License saved successfully
2025-08-12 10:16:24 - huggin - INFO - License loaded and validated successfully
2025-08-12 10:16:24 - huggin - INFO - Application starting...
2025-08-12 10:16:24 - huggin - INFO - Font loaded successfully
2025-08-12 10:16:24 - huggin - INFO - Stylesheet loaded successfully
2025-08-12 10:16:24 - huggin - INFO - Creating main window...
2025-08-12 10:16:24 - huggin - INFO - Custom font 'Neuropol X' loaded from C:\Users\allie\Coding Projects\huggin\resources\fonts\neuropol.otf
2025-08-12 10:27:46 - huggin - INFO - Update manager stopped during cleanup
2025-08-12 10:37:46 - huggin - INFO - License saved successfully
2025-08-12 10:37:46 - huggin - INFO - License loaded and validated successfully
2025-08-12 10:37:46 - huggin - INFO - Application starting...
2025-08-12 10:37:46 - huggin - INFO - Font loaded successfully
2025-08-12 10:37:46 - huggin - INFO - Stylesheet loaded successfully
2025-08-12 10:37:46 - huggin - INFO - Creating main window...
2025-08-12 10:37:46 - huggin - INFO - Custom font 'Neuropol X' loaded from C:\Users\allie\Coding Projects\huggin\resources\fonts\neuropol.otf
2025-08-12 10:39:12 - huggin - INFO - Update manager stopped during cleanup
2025-08-12 10:39:23 - huggin - INFO - License saved successfully
2025-08-12 10:39:23 - huggin - INFO - License loaded and validated successfully
2025-08-12 10:39:23 - huggin - INFO - Application starting...
2025-08-12 10:39:23 - huggin - INFO - Font loaded successfully
2025-08-12 10:39:23 - huggin - INFO - Stylesheet loaded successfully
2025-08-12 10:39:23 - huggin - INFO - Creating main window...
2025-08-12 10:39:23 - huggin - INFO - Custom font 'Neuropol X' loaded from C:\Users\allie\Coding Projects\huggin\resources\fonts\neuropol.otf
2025-08-12 10:40:27 - huggin - INFO - Update manager stopped during cleanup
2025-08-12 10:40:39 - huggin - INFO - License saved successfully
2025-08-12 10:40:39 - huggin - INFO - License loaded and validated successfully
2025-08-12 10:40:39 - huggin - INFO - Application starting...
2025-08-12 10:40:39 - huggin - INFO - Font loaded successfully
2025-08-12 10:40:39 - huggin - INFO - Stylesheet loaded successfully
2025-08-12 10:40:39 - huggin - INFO - Creating main window...
2025-08-12 10:40:39 - huggin - INFO - Custom font 'Neuropol X' loaded from C:\Users\allie\Coding Projects\huggin\resources\fonts\neuropol.otf
2025-08-12 10:43:48 - huggin - INFO - Update manager stopped during cleanup
2025-08-12 10:44:03 - huggin - INFO - License saved successfully
2025-08-12 10:44:03 - huggin - INFO - License loaded and validated successfully
2025-08-12 10:44:03 - huggin - INFO - Application starting...
2025-08-12 10:44:03 - huggin - INFO - Font loaded successfully
2025-08-12 10:44:03 - huggin - INFO - Stylesheet loaded successfully
2025-08-12 10:44:03 - huggin - INFO - Creating main window...
2025-08-12 10:44:03 - huggin - INFO - Custom font 'Neuropol X' loaded from C:\Users\allie\Coding Projects\huggin\resources\fonts\neuropol.otf
2025-08-12 10:45:02 - huggin - INFO - Update manager stopped during cleanup
2025-08-12 10:46:41 - huggin - INFO - License saved successfully
2025-08-12 10:46:41 - huggin - INFO - License loaded and validated successfully
2025-08-12 10:46:41 - huggin - INFO - Application starting...
2025-08-12 10:46:41 - huggin - INFO - Font loaded successfully
2025-08-12 10:46:41 - huggin - INFO - Stylesheet loaded successfully
2025-08-12 10:46:41 - huggin - INFO - Creating main window...
2025-08-12 10:46:41 - huggin - INFO - Custom font 'Neuropol X' loaded from C:\Users\allie\Coding Projects\huggin\resources\fonts\neuropol.otf
2025-08-12 10:46:58 - huggin - INFO - Update manager stopped during cleanup
2025-08-12 10:47:20 - huggin - INFO - License saved successfully
2025-08-12 10:47:20 - huggin - INFO - License loaded and validated successfully
2025-08-12 10:47:20 - huggin - INFO - Application starting...
2025-08-12 10:47:20 - huggin - INFO - Font loaded successfully
2025-08-12 10:47:20 - huggin - INFO - Stylesheet loaded successfully
2025-08-12 10:47:20 - huggin - INFO - Creating main window...
2025-08-12 10:47:20 - huggin - INFO - Custom font 'Neuropol X' loaded from C:\Users\allie\Coding Projects\huggin\resources\fonts\neuropol.otf
2025-08-12 10:48:34 - huggin - INFO - Update manager stopped during cleanup
2025-08-12 10:48:39 - huggin - INFO - License saved successfully
2025-08-12 10:48:39 - huggin - INFO - License loaded and validated successfully
2025-08-12 10:48:39 - huggin - INFO - Application starting...
2025-08-12 10:48:39 - huggin - INFO - Font loaded successfully
2025-08-12 10:48:39 - huggin - INFO - Stylesheet loaded successfully
2025-08-12 10:48:39 - huggin - INFO - Creating main window...
2025-08-12 10:48:39 - huggin - INFO - Custom font 'Neuropol X' loaded from C:\Users\allie\Coding Projects\huggin\resources\fonts\neuropol.otf
2025-08-12 10:50:27 - huggin - INFO - Update manager stopped during cleanup
2025-08-12 10:56:16 - huggin - INFO - License saved successfully
2025-08-12 10:56:16 - huggin - INFO - License loaded and validated successfully
2025-08-12 10:56:16 - huggin - INFO - Application starting...
2025-08-12 10:56:16 - huggin - INFO - Font loaded successfully
2025-08-12 10:56:16 - huggin - INFO - Stylesheet loaded successfully
2025-08-12 10:56:16 - huggin - INFO - Creating main window...
2025-08-12 10:56:16 - huggin - INFO - Custom font 'Neuropol X' loaded from C:\Users\allie\Coding Projects\huggin\resources\fonts\neuropol.otf
2025-08-12 11:10:45 - huggin - INFO - Using default configuration
2025-08-12 11:10:47 - huggin - INFO - License saved successfully
2025-08-12 11:10:47 - huggin - INFO - License loaded and validated successfully
2025-08-12 11:17:25 - huggin - INFO - Update manager stopped during cleanup
2025-08-12 11:17:35 - huggin - INFO - License saved successfully
2025-08-12 11:17:35 - huggin - INFO - License loaded and validated successfully
2025-08-12 11:17:35 - huggin - INFO - Application starting...
2025-08-12 11:17:35 - huggin - INFO - Font loaded successfully
2025-08-12 11:17:35 - huggin - INFO - Stylesheet loaded successfully
2025-08-12 11:17:35 - huggin - INFO - Creating main window...
2025-08-12 11:17:35 - huggin - INFO - Custom font 'Neuropol X' loaded from C:\Users\allie\Coding Projects\huggin\resources\fonts\neuropol.otf
2025-08-12 11:18:04 - huggin - INFO - Update manager stopped during cleanup
2025-08-12 11:18:29 - huggin - INFO - License saved successfully
2025-08-12 11:18:29 - huggin - INFO - License loaded and validated successfully
2025-08-12 11:18:29 - huggin - INFO - Application starting...
2025-08-12 11:18:29 - huggin - INFO - Font loaded successfully
2025-08-12 11:18:29 - huggin - INFO - Stylesheet loaded successfully
2025-08-12 11:18:29 - huggin - INFO - Creating main window...
2025-08-12 11:18:29 - huggin - INFO - Custom font 'Neuropol X' loaded from C:\Users\allie\Coding Projects\huggin\resources\fonts\neuropol.otf
2025-08-12 11:18:40 - huggin - INFO - Update manager stopped during cleanup
2025-08-12 11:21:45 - huggin - INFO - License saved successfully
2025-08-12 11:21:45 - huggin - INFO - License loaded and validated successfully
2025-08-12 11:21:45 - huggin - INFO - Application starting...
2025-08-12 11:21:45 - huggin - INFO - Font loaded successfully
2025-08-12 11:21:45 - huggin - INFO - Stylesheet loaded successfully
2025-08-12 11:21:45 - huggin - INFO - Creating main window...
2025-08-12 11:21:45 - huggin - INFO - Custom font 'Neuropol X' loaded from C:\Users\allie\Coding Projects\huggin\resources\fonts\neuropol.otf
2025-08-12 11:22:23 - huggin - INFO - Update manager stopped during cleanup
2025-08-12 11:24:34 - huggin - INFO - License saved successfully
2025-08-12 11:24:34 - huggin - INFO - License loaded and validated successfully
2025-08-12 11:24:35 - huggin - INFO - Application starting...
2025-08-12 11:24:35 - huggin - INFO - Font loaded successfully
2025-08-12 11:24:35 - huggin - INFO - Stylesheet loaded successfully
2025-08-12 11:24:35 - huggin - INFO - Creating main window...
2025-08-12 11:24:35 - huggin - INFO - Custom font 'Neuropol X' loaded from C:\Users\allie\Coding Projects\huggin\resources\fonts\neuropol.otf
2025-08-12 11:27:54 - huggin - INFO - Update manager stopped during cleanup
2025-08-12 11:27:58 - huggin - INFO - License saved successfully
2025-08-12 11:27:58 - huggin - INFO - License loaded and validated successfully
2025-08-12 11:27:58 - huggin - INFO - Application starting...
2025-08-12 11:27:58 - huggin - INFO - Font loaded successfully
2025-08-12 11:27:58 - huggin - INFO - Stylesheet loaded successfully
2025-08-12 11:27:58 - huggin - INFO - Creating main window...
2025-08-12 11:27:58 - huggin - INFO - Custom font 'Neuropol X' loaded from C:\Users\allie\Coding Projects\huggin\resources\fonts\neuropol.otf
2025-08-12 11:29:08 - huggin - INFO - Update manager stopped during cleanup
2025-08-12 11:39:53 - huggin - INFO - License saved successfully
2025-08-12 11:39:53 - huggin - INFO - License loaded and validated successfully
2025-08-12 11:39:53 - huggin - INFO - Application starting...
2025-08-12 11:39:53 - huggin - INFO - Font loaded successfully
2025-08-12 11:39:53 - huggin - INFO - Stylesheet loaded successfully
2025-08-12 11:39:53 - huggin - INFO - Creating main window...
2025-08-12 11:39:53 - huggin - INFO - Custom font 'Neuropol X' loaded from C:\Users\allie\Coding Projects\huggin\resources\fonts\neuropol.otf
2025-08-12 11:41:10 - huggin - INFO - Update manager stopped during cleanup
2025-08-12 11:53:55 - huggin - INFO - License saved successfully
2025-08-12 11:53:55 - huggin - INFO - License loaded and validated successfully
2025-08-12 11:53:56 - huggin - INFO - Application starting...
2025-08-12 11:53:56 - huggin - INFO - Font loaded successfully
2025-08-12 11:53:56 - huggin - INFO - Stylesheet loaded successfully
2025-08-12 11:53:56 - huggin - INFO - Creating main window...
2025-08-12 11:53:56 - huggin - INFO - Custom font 'Neuropol X' loaded from C:\Users\allie\Coding Projects\huggin\resources\fonts\neuropol.otf
2025-08-12 11:54:13 - huggin - INFO - Update manager stopped during cleanup
2025-08-12 12:44:22 - huggin - INFO - License saved successfully
2025-08-12 12:44:22 - huggin - INFO - License loaded and validated successfully
2025-08-12 12:44:22 - huggin - INFO - Application starting...
2025-08-12 12:44:22 - huggin - INFO - Font loaded successfully
2025-08-12 12:44:22 - huggin - INFO - Stylesheet loaded successfully
2025-08-12 12:44:22 - huggin - INFO - Creating main window...
2025-08-12 12:44:22 - huggin - INFO - Custom font 'Neuropol X' loaded from C:\Users\allie\Coding Projects\huggin\resources\fonts\neuropol.otf
2025-08-12 12:48:04 - huggin - DEBUG - Session token generated
2025-08-12 12:48:14 - huggin - INFO - Update manager stopped during cleanup
2025-08-12 12:49:33 - huggin - INFO - License saved successfully
2025-08-12 12:49:33 - huggin - INFO - License loaded and validated successfully
2025-08-12 12:49:33 - huggin - INFO - Application starting...
2025-08-12 12:49:33 - huggin - INFO - Font loaded successfully
2025-08-12 12:49:33 - huggin - INFO - Stylesheet loaded successfully
2025-08-12 12:49:33 - huggin - INFO - Creating main window...
2025-08-12 12:49:33 - huggin - INFO - Custom font 'Neuropol X' loaded from C:\Users\allie\Coding Projects\huggin\resources\fonts\neuropol.otf
2025-08-12 12:52:27 - huggin - INFO - Update manager stopped during cleanup
2025-08-12 12:52:35 - huggin - INFO - License saved successfully
2025-08-12 12:52:35 - huggin - INFO - License loaded and validated successfully
2025-08-12 12:52:35 - huggin - INFO - Application starting...
2025-08-12 12:52:35 - huggin - INFO - Font loaded successfully
2025-08-12 12:52:35 - huggin - INFO - Stylesheet loaded successfully
2025-08-12 12:52:35 - huggin - INFO - Creating main window...
2025-08-12 12:52:35 - huggin - INFO - Custom font 'Neuropol X' loaded from C:\Users\allie\Coding Projects\huggin\resources\fonts\neuropol.otf
2025-08-12 12:54:57 - huggin - INFO - Update manager stopped during cleanup
2025-08-12 12:57:13 - huggin - INFO - License saved successfully
2025-08-12 12:57:13 - huggin - INFO - License loaded and validated successfully
2025-08-12 12:57:13 - huggin - INFO - Application starting...
2025-08-12 12:57:13 - huggin - INFO - Font loaded successfully
2025-08-12 12:57:13 - huggin - INFO - Stylesheet loaded successfully
2025-08-12 12:57:13 - huggin - INFO - Creating main window...
2025-08-12 12:57:13 - huggin - INFO - Custom font 'Neuropol X' loaded from C:\Users\allie\Coding Projects\huggin\resources\fonts\neuropol.otf
2025-08-12 13:02:09 - huggin - INFO - Update manager stopped during cleanup
2025-08-12 13:05:35 - huggin - INFO - License saved successfully
2025-08-12 13:05:35 - huggin - INFO - License loaded and validated successfully
2025-08-12 13:05:35 - huggin - INFO - Application starting...
2025-08-12 13:05:35 - huggin - INFO - Font loaded successfully
2025-08-12 13:05:35 - huggin - INFO - Stylesheet loaded successfully
2025-08-12 13:05:35 - huggin - INFO - Creating main window...
2025-08-12 13:05:35 - huggin - INFO - Custom font 'Neuropol X' loaded from C:\Users\allie\Coding Projects\huggin\resources\fonts\neuropol.otf
2025-08-12 13:05:44 - huggin - ERROR - Failed to create database management page: name 'QLineEdit' is not defined
2025-08-12 13:06:11 - huggin - INFO - License saved successfully
2025-08-12 13:06:11 - huggin - INFO - License loaded and validated successfully
2025-08-12 13:06:11 - huggin - INFO - Application starting...
2025-08-12 13:06:11 - huggin - INFO - Font loaded successfully
2025-08-12 13:06:11 - huggin - INFO - Stylesheet loaded successfully
2025-08-12 13:06:11 - huggin - INFO - Creating main window...
2025-08-12 13:06:11 - huggin - INFO - Custom font 'Neuropol X' loaded from C:\Users\allie\Coding Projects\huggin\resources\fonts\neuropol.otf
2025-08-12 13:09:38 - huggin - INFO - Update manager stopped during cleanup
2025-08-12 13:09:42 - huggin - INFO - License saved successfully
2025-08-12 13:09:42 - huggin - INFO - License loaded and validated successfully
2025-08-12 13:09:42 - huggin - INFO - Application starting...
2025-08-12 13:09:42 - huggin - INFO - Font loaded successfully
2025-08-12 13:09:42 - huggin - INFO - Stylesheet loaded successfully
2025-08-12 13:09:42 - huggin - INFO - Creating main window...
2025-08-12 13:09:42 - huggin - INFO - Custom font 'Neuropol X' loaded from C:\Users\allie\Coding Projects\huggin\resources\fonts\neuropol.otf
2025-08-12 13:13:06 - huggin - INFO - Update manager stopped during cleanup
2025-08-12 13:14:43 - huggin - INFO - License saved successfully
2025-08-12 13:14:43 - huggin - INFO - License loaded and validated successfully
2025-08-12 13:14:43 - huggin - INFO - Application starting...
2025-08-12 13:14:43 - huggin - INFO - Font loaded successfully
2025-08-12 13:14:43 - huggin - INFO - Stylesheet loaded successfully
2025-08-12 13:14:43 - huggin - INFO - Creating main window...
2025-08-12 13:14:43 - huggin - INFO - Custom font 'Neuropol X' loaded from C:\Users\allie\Coding Projects\huggin\resources\fonts\neuropol.otf
2025-08-12 13:16:12 - huggin - INFO - Update manager stopped during cleanup
2025-08-12 13:17:49 - huggin - INFO - Using default configuration
2025-08-12 13:17:52 - huggin - INFO - License saved successfully
2025-08-12 13:17:52 - huggin - INFO - License loaded and validated successfully
