2025-08-14 00:03:52 - huggin - INFO - License saved successfully
2025-08-14 00:03:52 - huggin - INFO - License loaded and validated successfully
2025-08-14 00:03:52 - huggin - INFO - Application starting...
2025-08-14 00:03:52 - huggin - INFO - Font loaded successfully
2025-08-14 00:03:52 - huggin - INFO - Stylesheet loaded successfully
2025-08-14 00:03:52 - huggin - INFO - Creating main window...
2025-08-14 00:03:52 - huggin - INFO - Custom font 'Neuropol X' loaded from C:\Users\allie\Coding Projects\huggin\resources\fonts\neuropol.otf
2025-08-14 00:04:20 - huggin - INFO - Update manager stopped during cleanup
2025-08-14 00:34:47 - huggin - INFO - License saved successfully
2025-08-14 00:34:47 - huggin - INFO - License loaded and validated successfully
2025-08-14 00:34:47 - huggin - INFO - Application starting...
2025-08-14 00:34:47 - huggin - INFO - Font loaded successfully
2025-08-14 00:34:47 - huggin - INFO - Stylesheet loaded successfully
2025-08-14 00:34:47 - huggin - INFO - Creating main window...
2025-08-14 00:34:47 - huggin - INFO - Custom font 'Neuropol X' loaded from C:\Users\allie\Coding Projects\huggin\resources\fonts\neuropol.otf
2025-08-14 00:43:52 - huggin - INFO - Update manager stopped during cleanup
2025-08-14 00:43:58 - huggin - INFO - License saved successfully
2025-08-14 00:43:58 - huggin - INFO - License loaded and validated successfully
2025-08-14 00:43:58 - huggin - INFO - Application starting...
2025-08-14 00:43:58 - huggin - INFO - Font loaded successfully
2025-08-14 00:43:58 - huggin - INFO - Stylesheet loaded successfully
2025-08-14 00:43:58 - huggin - INFO - Creating main window...
2025-08-14 00:43:58 - huggin - INFO - Custom font 'Neuropol X' loaded from C:\Users\allie\Coding Projects\huggin\resources\fonts\neuropol.otf
2025-08-14 00:46:02 - huggin - INFO - Update manager stopped during cleanup
2025-08-14 01:22:51 - huggin - INFO - Using default configuration
2025-08-14 01:22:54 - huggin - INFO - License saved successfully
2025-08-14 01:22:54 - huggin - INFO - License loaded and validated successfully
2025-08-14 01:23:22 - huggin - INFO - License saved successfully
2025-08-14 01:23:22 - huggin - INFO - License loaded and validated successfully
2025-08-14 01:23:22 - huggin - INFO - Application starting...
2025-08-14 01:23:22 - huggin - INFO - Font loaded successfully
2025-08-14 01:23:22 - huggin - INFO - Stylesheet loaded successfully
2025-08-14 01:23:22 - huggin - INFO - Creating main window...
2025-08-14 01:23:22 - huggin - INFO - Custom font 'Neuropol X' loaded from C:\Users\allie\Coding Projects\huggin\resources\fonts\neuropol.otf
2025-08-14 01:34:45 - huggin - INFO - Update manager stopped during cleanup
2025-08-14 23:31:45 - huggin - INFO - License saved successfully
2025-08-14 23:31:45 - huggin - INFO - License loaded and validated successfully
2025-08-14 23:31:45 - huggin - INFO - Application starting...
2025-08-14 23:31:45 - huggin - INFO - Font loaded successfully
2025-08-14 23:31:45 - huggin - INFO - Stylesheet loaded successfully
2025-08-14 23:31:45 - huggin - INFO - Creating main window...
2025-08-14 23:31:45 - huggin - INFO - Custom font 'Neuropol X' loaded from C:\Users\allie\Coding Projects\huggin\resources\fonts\neuropol.otf
2025-08-15 11:38:41 - huggin - INFO - Update manager stopped during cleanup
