2025-08-15 15:09:07 - huggin - INFO - License saved successfully
2025-08-15 15:09:07 - huggin - INFO - License loaded and validated successfully
2025-08-15 15:09:07 - huggin - INFO - Application starting...
2025-08-15 15:09:07 - huggin - INFO - Font loaded successfully
2025-08-15 15:09:07 - huggin - INFO - Stylesheet loaded successfully
2025-08-15 15:09:07 - huggin - INFO - Creating main window...
2025-08-15 15:09:07 - huggin - INFO - Custom font 'Neuropol X' loaded from C:\Users\allie\Coding Projects\huggin\resources\fonts\neuropol.otf
2025-08-15 15:24:39 - huggin - INFO - Update manager stopped during cleanup
2025-08-15 15:56:10 - huggin - INFO - License saved successfully
2025-08-15 15:56:10 - huggin - INFO - License loaded and validated successfully
2025-08-15 15:56:11 - huggin - INFO - Application starting...
2025-08-15 15:56:11 - huggin - INFO - Font loaded successfully
2025-08-15 15:56:11 - huggin - INFO - Stylesheet loaded successfully
2025-08-15 15:56:11 - huggin - INFO - Creating main window...
2025-08-15 15:56:11 - huggin - INFO - Custom font 'Neuropol X' loaded from C:\Users\allie\Coding Projects\huggin\resources\fonts\neuropol.otf
2025-08-15 16:50:17 - huggin - INFO - Update manager stopped during cleanup
2025-08-15 17:00:14 - huggin - INFO - License saved successfully
2025-08-15 17:00:14 - huggin - INFO - License loaded and validated successfully
2025-08-15 17:00:14 - huggin - INFO - Application starting...
2025-08-15 17:00:14 - huggin - INFO - Font loaded successfully
2025-08-15 17:00:14 - huggin - INFO - Stylesheet loaded successfully
2025-08-15 17:00:14 - huggin - INFO - Creating main window...
2025-08-15 17:00:14 - huggin - INFO - Custom font 'Neuropol X' loaded from C:\Users\allie\Coding Projects\huggin\resources\fonts\neuropol.otf
2025-08-15 17:00:19 - huggin - DEBUG - Session token generated
2025-08-15 18:40:30 - huggin - INFO - Update manager stopped during cleanup
