2026-06-04 20:19:00 - huginn - INFO - License saved successfully
2026-06-04 20:19:00 - huginn - INFO - License loaded and validated successfully
2026-06-04 20:19:00 - huginn - INFO - Application starting...
2026-06-04 20:19:00 - huginn - INFO - Font loaded successfully
2026-06-04 20:19:00 - huginn - INFO - Stylesheet loaded successfully
2026-06-04 20:19:00 - huginn - INFO - Creating main window...
2026-06-04 20:19:00 - huginn - INFO - QThreadPool max threads set to 32 (CPUs: 32)
2026-06-04 20:19:00 - huginn - INFO - Custom font 'Neuropol X' loaded from C:\Users\allie\Coding Projects\huggin_suite\huginn\resources\fonts\neuropol.otf
2026-06-04 20:19:01 - huginn - DEBUG - Suppressed exception
Traceback (most recent call last):
  File "C:\Users\allie\Coding Projects\huggin_suite\huginn\app\pages\page_registry.py", line 45, in register_all_pages
    from app.pages.db_attacks_page import DBAttacksPage
ImportError: cannot import name 'DBAttacksPage' from 'app.pages.db_attacks_page' (C:\Users\allie\Coding Projects\huggin_suite\huginn\app\pages\db_attacks_page.py)
2026-06-04 20:19:49 - huginn - DEBUG - Wireless security tab unavailable
Traceback (most recent call last):
  File "C:\Users\allie\Coding Projects\huggin_suite\huginn\app\pages\recon_enumeration_page.py", line 99, in setup_ui
    wireless_tab = WirelessSecurityWidget(self)
  File "C:\Users\allie\Coding Projects\huggin_suite\huginn\app\widgets\wireless_security_widget.py", line 52, in __init__
    self.connect_signals()
    ~~~~~~~~~~~~~~~~~~~~^^
  File "C:\Users\allie\Coding Projects\huggin_suite\huginn\app\widgets\wireless_security_widget.py", line 303, in connect_signals
    self.generate_report_btn.clicked.connect(self.generate_report)
    ^^^^^^^^^^^^^^^^^^^^^^^^
AttributeError: 'WirelessSecurityWidget' object has no attribute 'generate_report_btn'. Did you mean: 'generate_report'?
2026-06-04 20:22:57 - huginn - DEBUG - Memory monitoring stopped
2026-06-04 20:22:57 - huginn - DEBUG - Connection pool closed all sessions
2026-06-04 20:22:57 - huginn - INFO - Update manager stopped during cleanup
2026-06-04 20:56:35 - huginn - INFO - License saved successfully
2026-06-04 20:56:35 - huginn - INFO - License loaded and validated successfully
2026-06-04 20:56:35 - huginn - INFO - Application starting...
2026-06-04 20:56:35 - huginn - INFO - Font loaded successfully
2026-06-04 20:56:35 - huginn - INFO - Stylesheet loaded successfully
2026-06-04 20:56:35 - huginn - INFO - Creating main window...
2026-06-04 20:56:35 - huginn - INFO - QThreadPool max threads set to 32 (CPUs: 32)
2026-06-04 20:56:35 - huginn - INFO - Custom font 'Neuropol X' loaded from C:\Users\allie\Coding Projects\huggin_suite\huginn\resources\fonts\neuropol.otf
2026-06-04 20:56:35 - huginn - DEBUG - Suppressed exception
Traceback (most recent call last):
  File "C:\Users\allie\Coding Projects\huggin_suite\huginn\app\pages\page_registry.py", line 45, in register_all_pages
    from app.pages.db_attacks_page import DBAttacksPage
ImportError: cannot import name 'DBAttacksPage' from 'app.pages.db_attacks_page' (C:\Users\allie\Coding Projects\huggin_suite\huginn\app\pages\db_attacks_page.py)
2026-06-04 20:57:00 - huginn - DEBUG - Memory monitoring stopped
2026-06-04 20:57:00 - huginn - DEBUG - Connection pool closed all sessions
2026-06-04 20:57:00 - huginn - INFO - Update manager stopped during cleanup
2026-06-04 20:57:11 - huginn - INFO - License saved successfully
2026-06-04 20:57:11 - huginn - INFO - License loaded and validated successfully
2026-06-04 20:57:11 - huginn - INFO - Application starting...
2026-06-04 20:57:11 - huginn - INFO - Font loaded successfully
2026-06-04 20:57:11 - huginn - INFO - Stylesheet loaded successfully
2026-06-04 20:57:11 - huginn - INFO - Creating main window...
2026-06-04 20:57:11 - huginn - INFO - QThreadPool max threads set to 32 (CPUs: 32)
2026-06-04 20:57:11 - huginn - INFO - Custom font 'Neuropol X' loaded from C:\Users\allie\Coding Projects\huggin_suite\huginn\resources\fonts\neuropol.otf
2026-06-04 20:57:11 - huginn - DEBUG - Suppressed exception
Traceback (most recent call last):
  File "C:\Users\allie\Coding Projects\huggin_suite\huginn\app\pages\page_registry.py", line 45, in register_all_pages
    from app.pages.db_attacks_page import DBAttacksPage
ImportError: cannot import name 'DBAttacksPage' from 'app.pages.db_attacks_page' (C:\Users\allie\Coding Projects\huggin_suite\huginn\app\pages\db_attacks_page.py)
2026-06-04 20:57:22 - huginn - DEBUG - Memory monitoring stopped
2026-06-04 20:57:22 - huginn - DEBUG - Connection pool closed all sessions
2026-06-04 20:57:22 - huginn - INFO - Update manager stopped during cleanup
2026-06-04 21:17:41 - huginn - DEBUG - Suppressed exception
Traceback (most recent call last):
  File "c:\Users\allie\Coding Projects\huggin_suite\huginn\app\core\asset_manager.py", line 101, in init_database
    conn.execute("ALTER TABLE assets ADD COLUMN fqdn TEXT DEFAULT ''")
    ~~~~~~~~~~~~^^^^^^^^^^^^^^^^^^^^^^^^^^^^^^^^^^^^^^^^^^^^^^^^^^^^^^
sqlite3.OperationalError: duplicate column name: fqdn
2026-06-04 21:17:41 - huginn - DEBUG - Suppressed exception
Traceback (most recent call last):
  File "c:\Users\allie\Coding Projects\huggin_suite\huginn\app\core\asset_manager.py", line 108, in init_database
    conn.execute("ALTER TABLE assets ADD COLUMN mac_address TEXT DEFAULT ''")
    ~~~~~~~~~~~~^^^^^^^^^^^^^^^^^^^^^^^^^^^^^^^^^^^^^^^^^^^^^^^^^^^^^^^^^^^^^
sqlite3.OperationalError: duplicate column name: mac_address
2026-06-04 21:17:41 - huginn - DEBUG - Suppressed exception
Traceback (most recent call last):
  File "c:\Users\allie\Coding Projects\huggin_suite\huginn\app\core\asset_manager.py", line 115, in init_database
    conn.execute("ALTER TABLE assets ADD COLUMN vendor TEXT DEFAULT ''")
    ~~~~~~~~~~~~^^^^^^^^^^^^^^^^^^^^^^^^^^^^^^^^^^^^^^^^^^^^^^^^^^^^^^^^
sqlite3.OperationalError: duplicate column name: vendor
2026-06-04 21:17:41 - huginn - DEBUG - Suppressed exception
Traceback (most recent call last):
  File "c:\Users\allie\Coding Projects\huggin_suite\huginn\app\core\asset_manager.py", line 122, in init_database
    conn.execute("ALTER TABLE assets ADD COLUMN notes TEXT DEFAULT ''")
    ~~~~~~~~~~~~^^^^^^^^^^^^^^^^^^^^^^^^^^^^^^^^^^^^^^^^^^^^^^^^^^^^^^^
sqlite3.OperationalError: duplicate column name: notes
2026-06-04 21:17:41 - huginn - INFO - Using default configuration
2026-06-04 21:17:44 - huginn - INFO - License saved successfully
2026-06-04 21:17:44 - huginn - INFO - License loaded and validated successfully
2026-06-04 21:17:57 - huginn - DEBUG - Suppressed exception
Traceback (most recent call last):
  File "c:\Users\allie\Coding Projects\huggin_suite\huginn\app\core\asset_manager.py", line 101, in init_database
    conn.execute("ALTER TABLE assets ADD COLUMN fqdn TEXT DEFAULT ''")
    ~~~~~~~~~~~~^^^^^^^^^^^^^^^^^^^^^^^^^^^^^^^^^^^^^^^^^^^^^^^^^^^^^^
sqlite3.OperationalError: duplicate column name: fqdn
2026-06-04 21:17:57 - huginn - DEBUG - Suppressed exception
Traceback (most recent call last):
  File "c:\Users\allie\Coding Projects\huggin_suite\huginn\app\core\asset_manager.py", line 108, in init_database
    conn.execute("ALTER TABLE assets ADD COLUMN mac_address TEXT DEFAULT ''")
    ~~~~~~~~~~~~^^^^^^^^^^^^^^^^^^^^^^^^^^^^^^^^^^^^^^^^^^^^^^^^^^^^^^^^^^^^^
sqlite3.OperationalError: duplicate column name: mac_address
2026-06-04 21:17:57 - huginn - DEBUG - Suppressed exception
Traceback (most recent call last):
  File "c:\Users\allie\Coding Projects\huggin_suite\huginn\app\core\asset_manager.py", line 115, in init_database
    conn.execute("ALTER TABLE assets ADD COLUMN vendor TEXT DEFAULT ''")
    ~~~~~~~~~~~~^^^^^^^^^^^^^^^^^^^^^^^^^^^^^^^^^^^^^^^^^^^^^^^^^^^^^^^^
sqlite3.OperationalError: duplicate column name: vendor
2026-06-04 21:17:57 - huginn - DEBUG - Suppressed exception
Traceback (most recent call last):
  File "c:\Users\allie\Coding Projects\huggin_suite\huginn\app\core\asset_manager.py", line 122, in init_database
    conn.execute("ALTER TABLE assets ADD COLUMN notes TEXT DEFAULT ''")
    ~~~~~~~~~~~~^^^^^^^^^^^^^^^^^^^^^^^^^^^^^^^^^^^^^^^^^^^^^^^^^^^^^^^
sqlite3.OperationalError: duplicate column name: notes
2026-06-04 21:17:57 - huginn - INFO - Using default configuration
2026-06-04 21:17:59 - huginn - INFO - License saved successfully
2026-06-04 21:17:59 - huginn - INFO - License loaded and validated successfully
2026-06-04 21:18:39 - huginn - DEBUG - Suppressed exception
Traceback (most recent call last):
  File "c:\Users\allie\Coding Projects\huggin_suite\huginn\app\core\asset_manager.py", line 101, in init_database
    conn.execute("ALTER TABLE assets ADD COLUMN fqdn TEXT DEFAULT ''")
    ~~~~~~~~~~~~^^^^^^^^^^^^^^^^^^^^^^^^^^^^^^^^^^^^^^^^^^^^^^^^^^^^^^
sqlite3.OperationalError: duplicate column name: fqdn
2026-06-04 21:18:39 - huginn - DEBUG - Suppressed exception
Traceback (most recent call last):
  File "c:\Users\allie\Coding Projects\huggin_suite\huginn\app\core\asset_manager.py", line 108, in init_database
    conn.execute("ALTER TABLE assets ADD COLUMN mac_address TEXT DEFAULT ''")
    ~~~~~~~~~~~~^^^^^^^^^^^^^^^^^^^^^^^^^^^^^^^^^^^^^^^^^^^^^^^^^^^^^^^^^^^^^
sqlite3.OperationalError: duplicate column name: mac_address
2026-06-04 21:18:39 - huginn - DEBUG - Suppressed exception
Traceback (most recent call last):
  File "c:\Users\allie\Coding Projects\huggin_suite\huginn\app\core\asset_manager.py", line 115, in init_database
    conn.execute("ALTER TABLE assets ADD COLUMN vendor TEXT DEFAULT ''")
    ~~~~~~~~~~~~^^^^^^^^^^^^^^^^^^^^^^^^^^^^^^^^^^^^^^^^^^^^^^^^^^^^^^^^
sqlite3.OperationalError: duplicate column name: vendor
2026-06-04 21:18:39 - huginn - DEBUG - Suppressed exception
Traceback (most recent call last):
  File "c:\Users\allie\Coding Projects\huggin_suite\huginn\app\core\asset_manager.py", line 122, in init_database
    conn.execute("ALTER TABLE assets ADD COLUMN notes TEXT DEFAULT ''")
    ~~~~~~~~~~~~^^^^^^^^^^^^^^^^^^^^^^^^^^^^^^^^^^^^^^^^^^^^^^^^^^^^^^^
sqlite3.OperationalError: duplicate column name: notes
2026-06-04 21:18:39 - huginn - INFO - Using default configuration
2026-06-04 21:18:41 - huginn - INFO - License saved successfully
2026-06-04 21:18:41 - huginn - INFO - License loaded and validated successfully
2026-06-04 21:18:55 - huginn - DEBUG - Suppressed exception
Traceback (most recent call last):
  File "c:\Users\allie\Coding Projects\huggin_suite\huginn\app\core\asset_manager.py", line 101, in init_database
    conn.execute("ALTER TABLE assets ADD COLUMN fqdn TEXT DEFAULT ''")
    ~~~~~~~~~~~~^^^^^^^^^^^^^^^^^^^^^^^^^^^^^^^^^^^^^^^^^^^^^^^^^^^^^^
sqlite3.OperationalError: duplicate column name: fqdn
2026-06-04 21:18:55 - huginn - DEBUG - Suppressed exception
Traceback (most recent call last):
  File "c:\Users\allie\Coding Projects\huggin_suite\huginn\app\core\asset_manager.py", line 108, in init_database
    conn.execute("ALTER TABLE assets ADD COLUMN mac_address TEXT DEFAULT ''")
    ~~~~~~~~~~~~^^^^^^^^^^^^^^^^^^^^^^^^^^^^^^^^^^^^^^^^^^^^^^^^^^^^^^^^^^^^^
sqlite3.OperationalError: duplicate column name: mac_address
2026-06-04 21:18:55 - huginn - DEBUG - Suppressed exception
Traceback (most recent call last):
  File "c:\Users\allie\Coding Projects\huggin_suite\huginn\app\core\asset_manager.py", line 115, in init_database
    conn.execute("ALTER TABLE assets ADD COLUMN vendor TEXT DEFAULT ''")
    ~~~~~~~~~~~~^^^^^^^^^^^^^^^^^^^^^^^^^^^^^^^^^^^^^^^^^^^^^^^^^^^^^^^^
sqlite3.OperationalError: duplicate column name: vendor
2026-06-04 21:18:55 - huginn - DEBUG - Suppressed exception
Traceback (most recent call last):
  File "c:\Users\allie\Coding Projects\huggin_suite\huginn\app\core\asset_manager.py", line 122, in init_database
    conn.execute("ALTER TABLE assets ADD COLUMN notes TEXT DEFAULT ''")
    ~~~~~~~~~~~~^^^^^^^^^^^^^^^^^^^^^^^^^^^^^^^^^^^^^^^^^^^^^^^^^^^^^^^
sqlite3.OperationalError: duplicate column name: notes
2026-06-04 21:18:55 - huginn - INFO - Using default configuration
2026-06-04 21:18:58 - huginn - INFO - License saved successfully
2026-06-04 21:18:58 - huginn - INFO - License loaded and validated successfully
2026-06-04 21:19:23 - huginn - INFO - License saved successfully
2026-06-04 21:19:23 - huginn - INFO - License loaded and validated successfully
2026-06-04 21:19:23 - huginn - INFO - Application starting...
2026-06-04 21:19:23 - huginn - INFO - Font loaded successfully
2026-06-04 21:19:23 - huginn - INFO - Stylesheet loaded successfully
2026-06-04 21:19:23 - huginn - INFO - Creating main window...
2026-06-04 21:19:23 - huginn - INFO - QThreadPool max threads set to 32 (CPUs: 32)
2026-06-04 21:19:23 - huginn - INFO - Custom font 'Neuropol X' loaded from C:\Users\allie\Coding Projects\huggin_suite\huginn\resources\fonts\neuropol.otf
2026-06-04 21:19:23 - huginn - DEBUG - Suppressed exception
Traceback (most recent call last):
  File "C:\Users\allie\Coding Projects\huggin_suite\huginn\app\pages\page_registry.py", line 45, in register_all_pages
    from app.pages.db_attacks_page import DBAttacksPage
ImportError: cannot import name 'DBAttacksPage' from 'app.pages.db_attacks_page' (C:\Users\allie\Coding Projects\huggin_suite\huginn\app\pages\db_attacks_page.py)
2026-06-04 21:19:43 - huginn - DEBUG - Memory monitoring stopped
2026-06-04 21:19:43 - huginn - DEBUG - Connection pool closed all sessions
2026-06-04 21:19:43 - huginn - INFO - Update manager stopped during cleanup
2026-06-04 21:19:45 - huginn - INFO - License saved successfully
2026-06-04 21:19:45 - huginn - INFO - License loaded and validated successfully
2026-06-04 21:19:45 - huginn - INFO - Application starting...
2026-06-04 21:19:45 - huginn - INFO - Font loaded successfully
2026-06-04 21:19:45 - huginn - INFO - Stylesheet loaded successfully
2026-06-04 21:19:45 - huginn - INFO - Creating main window...
2026-06-04 21:19:45 - huginn - INFO - QThreadPool max threads set to 32 (CPUs: 32)
2026-06-04 21:19:45 - huginn - INFO - Custom font 'Neuropol X' loaded from C:\Users\allie\Coding Projects\huggin_suite\huginn\resources\fonts\neuropol.otf
2026-06-04 21:19:45 - huginn - DEBUG - Suppressed exception
Traceback (most recent call last):
  File "C:\Users\allie\Coding Projects\huggin_suite\huginn\app\pages\page_registry.py", line 45, in register_all_pages
    from app.pages.db_attacks_page import DBAttacksPage
ImportError: cannot import name 'DBAttacksPage' from 'app.pages.db_attacks_page' (C:\Users\allie\Coding Projects\huggin_suite\huginn\app\pages\db_attacks_page.py)
2026-06-04 21:20:18 - huginn - DEBUG - Memory monitoring stopped
2026-06-04 21:20:18 - huginn - DEBUG - Connection pool closed all sessions
2026-06-04 21:20:18 - huginn - INFO - Update manager stopped during cleanup
2026-06-04 21:24:34 - huginn - DEBUG - Suppressed exception
Traceback (most recent call last):
  File "c:\Users\allie\Coding Projects\huggin_suite\huginn\app\core\asset_manager.py", line 101, in init_database
    conn.execute("ALTER TABLE assets ADD COLUMN fqdn TEXT DEFAULT ''")
    ~~~~~~~~~~~~^^^^^^^^^^^^^^^^^^^^^^^^^^^^^^^^^^^^^^^^^^^^^^^^^^^^^^
sqlite3.OperationalError: duplicate column name: fqdn
2026-06-04 21:24:34 - huginn - DEBUG - Suppressed exception
Traceback (most recent call last):
  File "c:\Users\allie\Coding Projects\huggin_suite\huginn\app\core\asset_manager.py", line 108, in init_database
    conn.execute("ALTER TABLE assets ADD COLUMN mac_address TEXT DEFAULT ''")
    ~~~~~~~~~~~~^^^^^^^^^^^^^^^^^^^^^^^^^^^^^^^^^^^^^^^^^^^^^^^^^^^^^^^^^^^^^
sqlite3.OperationalError: duplicate column name: mac_address
2026-06-04 21:24:34 - huginn - DEBUG - Suppressed exception
Traceback (most recent call last):
  File "c:\Users\allie\Coding Projects\huggin_suite\huginn\app\core\asset_manager.py", line 115, in init_database
    conn.execute("ALTER TABLE assets ADD COLUMN vendor TEXT DEFAULT ''")
    ~~~~~~~~~~~~^^^^^^^^^^^^^^^^^^^^^^^^^^^^^^^^^^^^^^^^^^^^^^^^^^^^^^^^
sqlite3.OperationalError: duplicate column name: vendor
2026-06-04 21:24:34 - huginn - DEBUG - Suppressed exception
Traceback (most recent call last):
  File "c:\Users\allie\Coding Projects\huggin_suite\huginn\app\core\asset_manager.py", line 122, in init_database
    conn.execute("ALTER TABLE assets ADD COLUMN notes TEXT DEFAULT ''")
    ~~~~~~~~~~~~^^^^^^^^^^^^^^^^^^^^^^^^^^^^^^^^^^^^^^^^^^^^^^^^^^^^^^^
sqlite3.OperationalError: duplicate column name: notes
2026-06-04 21:24:35 - huginn - INFO - Using default configuration
2026-06-04 21:24:37 - huginn - INFO - License saved successfully
2026-06-04 21:24:37 - huginn - INFO - License loaded and validated successfully
2026-06-04 21:30:51 - huginn - INFO - License saved successfully
2026-06-04 21:30:51 - huginn - INFO - License loaded and validated successfully
2026-06-04 21:30:51 - huginn - INFO - Application starting...
2026-06-04 21:30:51 - huginn - INFO - Font loaded successfully
2026-06-04 21:30:51 - huginn - INFO - Stylesheet loaded successfully
2026-06-04 21:30:51 - huginn - INFO - Creating main window...
2026-06-04 21:30:51 - huginn - INFO - QThreadPool max threads set to 32 (CPUs: 32)
2026-06-04 21:30:51 - huginn - INFO - Custom font 'Neuropol X' loaded from C:\Users\allie\Coding Projects\huggin_suite\huginn\resources\fonts\neuropol.otf
2026-06-04 21:30:51 - huginn - DEBUG - Suppressed exception
Traceback (most recent call last):
  File "C:\Users\allie\Coding Projects\huggin_suite\huginn\app\pages\page_registry.py", line 45, in register_all_pages
    from app.pages.db_attacks_page import DBAttacksPage
ImportError: cannot import name 'DBAttacksPage' from 'app.pages.db_attacks_page' (C:\Users\allie\Coding Projects\huggin_suite\huginn\app\pages\db_attacks_page.py)
2026-06-04 21:31:04 - huginn - DEBUG - Memory monitoring stopped
2026-06-04 21:31:04 - huginn - DEBUG - Connection pool closed all sessions
2026-06-04 21:31:04 - huginn - INFO - Update manager stopped during cleanup
2026-06-04 21:31:07 - huginn - INFO - License saved successfully
2026-06-04 21:31:07 - huginn - INFO - License loaded and validated successfully
2026-06-04 21:31:07 - huginn - INFO - Application starting...
2026-06-04 21:31:07 - huginn - INFO - Font loaded successfully
2026-06-04 21:31:07 - huginn - INFO - Stylesheet loaded successfully
2026-06-04 21:31:07 - huginn - INFO - Creating main window...
2026-06-04 21:31:07 - huginn - INFO - QThreadPool max threads set to 32 (CPUs: 32)
2026-06-04 21:31:07 - huginn - INFO - Custom font 'Neuropol X' loaded from C:\Users\allie\Coding Projects\huggin_suite\huginn\resources\fonts\neuropol.otf
2026-06-04 21:31:07 - huginn - DEBUG - Suppressed exception
Traceback (most recent call last):
  File "C:\Users\allie\Coding Projects\huggin_suite\huginn\app\pages\page_registry.py", line 45, in register_all_pages
    from app.pages.db_attacks_page import DBAttacksPage
ImportError: cannot import name 'DBAttacksPage' from 'app.pages.db_attacks_page' (C:\Users\allie\Coding Projects\huggin_suite\huginn\app\pages\db_attacks_page.py)
2026-06-04 21:31:17 - huginn - DEBUG - Memory monitoring stopped
2026-06-04 21:31:17 - huginn - DEBUG - Connection pool closed all sessions
2026-06-04 21:31:17 - huginn - INFO - Update manager stopped during cleanup
2026-06-04 21:31:28 - huginn - INFO - License saved successfully
2026-06-04 21:31:28 - huginn - INFO - License loaded and validated successfully
2026-06-04 21:31:28 - huginn - INFO - Application starting...
2026-06-04 21:31:28 - huginn - INFO - Font loaded successfully
2026-06-04 21:31:28 - huginn - INFO - Stylesheet loaded successfully
2026-06-04 21:31:28 - huginn - INFO - Creating main window...
2026-06-04 21:31:28 - huginn - INFO - QThreadPool max threads set to 32 (CPUs: 32)
2026-06-04 21:31:28 - huginn - INFO - Custom font 'Neuropol X' loaded from C:\Users\allie\Coding Projects\huggin_suite\huginn\resources\fonts\neuropol.otf
2026-06-04 21:31:28 - huginn - DEBUG - Suppressed exception
Traceback (most recent call last):
  File "C:\Users\allie\Coding Projects\huggin_suite\huginn\app\pages\page_registry.py", line 45, in register_all_pages
    from app.pages.db_attacks_page import DBAttacksPage
ImportError: cannot import name 'DBAttacksPage' from 'app.pages.db_attacks_page' (C:\Users\allie\Coding Projects\huggin_suite\huginn\app\pages\db_attacks_page.py)
2026-06-04 21:31:37 - huginn - DEBUG - Memory monitoring stopped
2026-06-04 21:31:37 - huginn - DEBUG - Connection pool closed all sessions
2026-06-04 21:31:37 - huginn - INFO - Update manager stopped during cleanup
2026-06-04 21:34:58 - huginn - INFO - License saved successfully
2026-06-04 21:34:58 - huginn - INFO - License loaded and validated successfully
2026-06-04 21:34:58 - huginn - INFO - Application starting...
2026-06-04 21:34:58 - huginn - INFO - Font loaded successfully
2026-06-04 21:34:58 - huginn - INFO - Stylesheet loaded successfully
2026-06-04 21:34:58 - huginn - INFO - Creating main window...
2026-06-04 21:34:58 - huginn - INFO - QThreadPool max threads set to 32 (CPUs: 32)
2026-06-04 21:34:58 - huginn - INFO - Custom font 'Neuropol X' loaded from C:\Users\allie\Coding Projects\huggin_suite\huginn\resources\fonts\neuropol.otf
2026-06-04 21:34:58 - huginn - DEBUG - Suppressed exception
Traceback (most recent call last):
  File "C:\Users\allie\Coding Projects\huggin_suite\huginn\app\pages\page_registry.py", line 45, in register_all_pages
    from app.pages.db_attacks_page import DBAttacksPage
ImportError: cannot import name 'DBAttacksPage' from 'app.pages.db_attacks_page' (C:\Users\allie\Coding Projects\huggin_suite\huginn\app\pages\db_attacks_page.py)
2026-06-04 21:35:07 - huginn - DEBUG - Memory monitoring stopped
2026-06-04 21:35:07 - huginn - DEBUG - Connection pool closed all sessions
2026-06-04 21:35:07 - huginn - INFO - Update manager stopped during cleanup
2026-06-04 21:46:13 - huginn - DEBUG - Suppressed exception
Traceback (most recent call last):
  File "c:\Users\allie\Coding Projects\huggin_suite\huginn\app\core\asset_manager.py", line 101, in init_database
    conn.execute("ALTER TABLE assets ADD COLUMN fqdn TEXT DEFAULT ''")
    ~~~~~~~~~~~~^^^^^^^^^^^^^^^^^^^^^^^^^^^^^^^^^^^^^^^^^^^^^^^^^^^^^^
sqlite3.OperationalError: duplicate column name: fqdn
2026-06-04 21:46:13 - huginn - DEBUG - Suppressed exception
Traceback (most recent call last):
  File "c:\Users\allie\Coding Projects\huggin_suite\huginn\app\core\asset_manager.py", line 108, in init_database
    conn.execute("ALTER TABLE assets ADD COLUMN mac_address TEXT DEFAULT ''")
    ~~~~~~~~~~~~^^^^^^^^^^^^^^^^^^^^^^^^^^^^^^^^^^^^^^^^^^^^^^^^^^^^^^^^^^^^^
sqlite3.OperationalError: duplicate column name: mac_address
2026-06-04 21:46:13 - huginn - DEBUG - Suppressed exception
Traceback (most recent call last):
  File "c:\Users\allie\Coding Projects\huggin_suite\huginn\app\core\asset_manager.py", line 115, in init_database
    conn.execute("ALTER TABLE assets ADD COLUMN vendor TEXT DEFAULT ''")
    ~~~~~~~~~~~~^^^^^^^^^^^^^^^^^^^^^^^^^^^^^^^^^^^^^^^^^^^^^^^^^^^^^^^^
sqlite3.OperationalError: duplicate column name: vendor
2026-06-04 21:46:13 - huginn - DEBUG - Suppressed exception
Traceback (most recent call last):
  File "c:\Users\allie\Coding Projects\huggin_suite\huginn\app\core\asset_manager.py", line 122, in init_database
    conn.execute("ALTER TABLE assets ADD COLUMN notes TEXT DEFAULT ''")
    ~~~~~~~~~~~~^^^^^^^^^^^^^^^^^^^^^^^^^^^^^^^^^^^^^^^^^^^^^^^^^^^^^^^
sqlite3.OperationalError: duplicate column name: notes
2026-06-04 21:46:13 - huginn - INFO - Using default configuration
2026-06-04 21:46:15 - huginn - INFO - License saved successfully
2026-06-04 21:46:15 - huginn - INFO - License loaded and validated successfully
2026-06-04 21:46:23 - huginn - DEBUG - Suppressed exception
Traceback (most recent call last):
  File "c:\Users\allie\Coding Projects\huggin_suite\huginn\app\core\asset_manager.py", line 101, in init_database
    conn.execute("ALTER TABLE assets ADD COLUMN fqdn TEXT DEFAULT ''")
    ~~~~~~~~~~~~^^^^^^^^^^^^^^^^^^^^^^^^^^^^^^^^^^^^^^^^^^^^^^^^^^^^^^
sqlite3.OperationalError: duplicate column name: fqdn
2026-06-04 21:46:23 - huginn - DEBUG - Suppressed exception
Traceback (most recent call last):
  File "c:\Users\allie\Coding Projects\huggin_suite\huginn\app\core\asset_manager.py", line 108, in init_database
    conn.execute("ALTER TABLE assets ADD COLUMN mac_address TEXT DEFAULT ''")
    ~~~~~~~~~~~~^^^^^^^^^^^^^^^^^^^^^^^^^^^^^^^^^^^^^^^^^^^^^^^^^^^^^^^^^^^^^
sqlite3.OperationalError: duplicate column name: mac_address
2026-06-04 21:46:23 - huginn - DEBUG - Suppressed exception
Traceback (most recent call last):
  File "c:\Users\allie\Coding Projects\huggin_suite\huginn\app\core\asset_manager.py", line 115, in init_database
    conn.execute("ALTER TABLE assets ADD COLUMN vendor TEXT DEFAULT ''")
    ~~~~~~~~~~~~^^^^^^^^^^^^^^^^^^^^^^^^^^^^^^^^^^^^^^^^^^^^^^^^^^^^^^^^
sqlite3.OperationalError: duplicate column name: vendor
2026-06-04 21:46:23 - huginn - DEBUG - Suppressed exception
Traceback (most recent call last):
  File "c:\Users\allie\Coding Projects\huggin_suite\huginn\app\core\asset_manager.py", line 122, in init_database
    conn.execute("ALTER TABLE assets ADD COLUMN notes TEXT DEFAULT ''")
    ~~~~~~~~~~~~^^^^^^^^^^^^^^^^^^^^^^^^^^^^^^^^^^^^^^^^^^^^^^^^^^^^^^^
sqlite3.OperationalError: duplicate column name: notes
2026-06-04 21:46:23 - huginn - INFO - Using default configuration
2026-06-04 21:46:25 - huginn - INFO - License saved successfully
2026-06-04 21:46:25 - huginn - INFO - License loaded and validated successfully
2026-06-04 21:46:41 - huginn - INFO - License saved successfully
2026-06-04 21:46:41 - huginn - INFO - License loaded and validated successfully
2026-06-04 21:46:41 - huginn - INFO - Application starting...
2026-06-04 21:46:41 - huginn - INFO - Font loaded successfully
2026-06-04 21:46:41 - huginn - INFO - Stylesheet loaded successfully
2026-06-04 21:46:41 - huginn - INFO - Creating main window...
2026-06-04 21:46:41 - huginn - INFO - QThreadPool max threads set to 32 (CPUs: 32)
2026-06-04 21:46:41 - huginn - INFO - Custom font 'Neuropol X' loaded from C:\Users\allie\Coding Projects\huggin_suite\huginn\resources\fonts\neuropol.otf
2026-06-04 21:46:41 - huginn - DEBUG - Suppressed exception
Traceback (most recent call last):
  File "C:\Users\allie\Coding Projects\huggin_suite\huginn\app\pages\page_registry.py", line 45, in register_all_pages
    from app.pages.db_attacks_page import DBAttacksPage
ImportError: cannot import name 'DBAttacksPage' from 'app.pages.db_attacks_page' (C:\Users\allie\Coding Projects\huggin_suite\huginn\app\pages\db_attacks_page.py)
2026-06-04 21:46:55 - huginn - DEBUG - Memory monitoring stopped
2026-06-04 21:46:55 - huginn - DEBUG - Connection pool closed all sessions
2026-06-04 21:46:55 - huginn - INFO - Update manager stopped during cleanup
2026-06-04 21:46:57 - huginn - INFO - License saved successfully
2026-06-04 21:46:57 - huginn - INFO - License loaded and validated successfully
2026-06-04 21:46:57 - huginn - INFO - Application starting...
2026-06-04 21:46:57 - huginn - INFO - Font loaded successfully
2026-06-04 21:46:57 - huginn - INFO - Stylesheet loaded successfully
2026-06-04 21:46:57 - huginn - INFO - Creating main window...
2026-06-04 21:46:57 - huginn - INFO - QThreadPool max threads set to 32 (CPUs: 32)
2026-06-04 21:46:57 - huginn - INFO - Custom font 'Neuropol X' loaded from C:\Users\allie\Coding Projects\huggin_suite\huginn\resources\fonts\neuropol.otf
2026-06-04 21:46:57 - huginn - DEBUG - Suppressed exception
Traceback (most recent call last):
  File "C:\Users\allie\Coding Projects\huggin_suite\huginn\app\pages\page_registry.py", line 45, in register_all_pages
    from app.pages.db_attacks_page import DBAttacksPage
ImportError: cannot import name 'DBAttacksPage' from 'app.pages.db_attacks_page' (C:\Users\allie\Coding Projects\huggin_suite\huginn\app\pages\db_attacks_page.py)
2026-06-04 21:47:09 - huginn - DEBUG - Memory monitoring stopped
2026-06-04 21:47:09 - huginn - DEBUG - Connection pool closed all sessions
2026-06-04 21:47:09 - huginn - INFO - Update manager stopped during cleanup
2026-06-04 21:48:44 - huginn - DEBUG - Suppressed exception
Traceback (most recent call last):
  File "c:\Users\allie\Coding Projects\huggin_suite\huginn\app\core\asset_manager.py", line 101, in init_database
    conn.execute("ALTER TABLE assets ADD COLUMN fqdn TEXT DEFAULT ''")
    ~~~~~~~~~~~~^^^^^^^^^^^^^^^^^^^^^^^^^^^^^^^^^^^^^^^^^^^^^^^^^^^^^^
sqlite3.OperationalError: duplicate column name: fqdn
2026-06-04 21:48:44 - huginn - DEBUG - Suppressed exception
Traceback (most recent call last):
  File "c:\Users\allie\Coding Projects\huggin_suite\huginn\app\core\asset_manager.py", line 108, in init_database
    conn.execute("ALTER TABLE assets ADD COLUMN mac_address TEXT DEFAULT ''")
    ~~~~~~~~~~~~^^^^^^^^^^^^^^^^^^^^^^^^^^^^^^^^^^^^^^^^^^^^^^^^^^^^^^^^^^^^^
sqlite3.OperationalError: duplicate column name: mac_address
2026-06-04 21:48:44 - huginn - DEBUG - Suppressed exception
Traceback (most recent call last):
  File "c:\Users\allie\Coding Projects\huggin_suite\huginn\app\core\asset_manager.py", line 115, in init_database
    conn.execute("ALTER TABLE assets ADD COLUMN vendor TEXT DEFAULT ''")
    ~~~~~~~~~~~~^^^^^^^^^^^^^^^^^^^^^^^^^^^^^^^^^^^^^^^^^^^^^^^^^^^^^^^^
sqlite3.OperationalError: duplicate column name: vendor
2026-06-04 21:48:44 - huginn - DEBUG - Suppressed exception
Traceback (most recent call last):
  File "c:\Users\allie\Coding Projects\huggin_suite\huginn\app\core\asset_manager.py", line 122, in init_database
    conn.execute("ALTER TABLE assets ADD COLUMN notes TEXT DEFAULT ''")
    ~~~~~~~~~~~~^^^^^^^^^^^^^^^^^^^^^^^^^^^^^^^^^^^^^^^^^^^^^^^^^^^^^^^
sqlite3.OperationalError: duplicate column name: notes
2026-06-04 21:48:44 - huginn - INFO - Using default configuration
2026-06-04 21:48:46 - huginn - INFO - License saved successfully
2026-06-04 21:48:46 - huginn - INFO - License loaded and validated successfully
2026-06-04 21:48:46 - huginn - INFO - Application starting...
2026-06-04 21:48:46 - huginn - INFO - Font loaded successfully
2026-06-04 21:48:46 - huginn - INFO - Stylesheet loaded successfully
2026-06-04 21:48:46 - huginn - INFO - Creating main window...
2026-06-04 21:48:46 - huginn - INFO - QThreadPool max threads set to 32 (CPUs: 32)
2026-06-04 21:48:46 - huginn - INFO - Custom font 'Neuropol X' loaded from C:\Users\allie\Coding Projects\huggin_suite\huginn\resources\fonts\neuropol.otf
2026-06-04 21:48:46 - huginn - DEBUG - Suppressed exception
Traceback (most recent call last):
  File "C:\Users\allie\Coding Projects\huggin_suite\huginn\app\pages\page_registry.py", line 45, in register_all_pages
    from app.pages.db_attacks_page import DBAttacksPage
ImportError: cannot import name 'DBAttacksPage' from 'app.pages.db_attacks_page' (C:\Users\allie\Coding Projects\huggin_suite\huginn\app\pages\db_attacks_page.py)
2026-06-04 21:48:47 - huginn - INFO - License saved successfully
2026-06-04 21:48:47 - huginn - INFO - License loaded and validated successfully
2026-06-04 21:49:01 - huginn - DEBUG - Memory monitoring stopped
2026-06-04 21:49:01 - huginn - DEBUG - Connection pool closed all sessions
2026-06-04 21:49:01 - huginn - INFO - Update manager stopped during cleanup
2026-06-04 21:49:08 - huginn - DEBUG - Suppressed exception
Traceback (most recent call last):
  File "c:\Users\allie\Coding Projects\huggin_suite\huginn\app\core\asset_manager.py", line 101, in init_database
    conn.execute("ALTER TABLE assets ADD COLUMN fqdn TEXT DEFAULT ''")
    ~~~~~~~~~~~~^^^^^^^^^^^^^^^^^^^^^^^^^^^^^^^^^^^^^^^^^^^^^^^^^^^^^^
sqlite3.OperationalError: duplicate column name: fqdn
2026-06-04 21:49:08 - huginn - DEBUG - Suppressed exception
Traceback (most recent call last):
  File "c:\Users\allie\Coding Projects\huggin_suite\huginn\app\core\asset_manager.py", line 108, in init_database
    conn.execute("ALTER TABLE assets ADD COLUMN mac_address TEXT DEFAULT ''")
    ~~~~~~~~~~~~^^^^^^^^^^^^^^^^^^^^^^^^^^^^^^^^^^^^^^^^^^^^^^^^^^^^^^^^^^^^^
sqlite3.OperationalError: duplicate column name: mac_address
2026-06-04 21:49:08 - huginn - DEBUG - Suppressed exception
Traceback (most recent call last):
  File "c:\Users\allie\Coding Projects\huggin_suite\huginn\app\core\asset_manager.py", line 115, in init_database
    conn.execute("ALTER TABLE assets ADD COLUMN vendor TEXT DEFAULT ''")
    ~~~~~~~~~~~~^^^^^^^^^^^^^^^^^^^^^^^^^^^^^^^^^^^^^^^^^^^^^^^^^^^^^^^^
sqlite3.OperationalError: duplicate column name: vendor
2026-06-04 21:49:08 - huginn - DEBUG - Suppressed exception
Traceback (most recent call last):
  File "c:\Users\allie\Coding Projects\huggin_suite\huginn\app\core\asset_manager.py", line 122, in init_database
    conn.execute("ALTER TABLE assets ADD COLUMN notes TEXT DEFAULT ''")
    ~~~~~~~~~~~~^^^^^^^^^^^^^^^^^^^^^^^^^^^^^^^^^^^^^^^^^^^^^^^^^^^^^^^
sqlite3.OperationalError: duplicate column name: notes
2026-06-04 21:49:08 - huginn - INFO - Using default configuration
2026-06-04 21:49:09 - huginn - INFO - License saved successfully
2026-06-04 21:49:09 - huginn - INFO - License loaded and validated successfully
2026-06-04 21:49:09 - huginn - INFO - Application starting...
2026-06-04 21:49:09 - huginn - INFO - Font loaded successfully
2026-06-04 21:49:09 - huginn - INFO - Stylesheet loaded successfully
2026-06-04 21:49:09 - huginn - INFO - Creating main window...
2026-06-04 21:49:09 - huginn - INFO - QThreadPool max threads set to 32 (CPUs: 32)
2026-06-04 21:49:09 - huginn - INFO - Custom font 'Neuropol X' loaded from C:\Users\allie\Coding Projects\huggin_suite\huginn\resources\fonts\neuropol.otf
2026-06-04 21:49:09 - huginn - DEBUG - Suppressed exception
Traceback (most recent call last):
  File "C:\Users\allie\Coding Projects\huggin_suite\huginn\app\pages\page_registry.py", line 45, in register_all_pages
    from app.pages.db_attacks_page import DBAttacksPage
ImportError: cannot import name 'DBAttacksPage' from 'app.pages.db_attacks_page' (C:\Users\allie\Coding Projects\huggin_suite\huginn\app\pages\db_attacks_page.py)
2026-06-04 21:49:12 - huginn - INFO - License saved successfully
2026-06-04 21:49:12 - huginn - INFO - License loaded and validated successfully
2026-06-04 21:49:24 - huginn - DEBUG - Memory monitoring stopped
2026-06-04 21:49:24 - huginn - DEBUG - Connection pool closed all sessions
2026-06-04 21:49:24 - huginn - INFO - Update manager stopped during cleanup
2026-06-04 21:50:30 - huginn - INFO - License saved successfully
2026-06-04 21:50:30 - huginn - INFO - License loaded and validated successfully
2026-06-04 21:50:30 - huginn - INFO - Application starting...
2026-06-04 21:50:30 - huginn - INFO - Font loaded successfully
2026-06-04 21:50:30 - huginn - INFO - Stylesheet loaded successfully
2026-06-04 21:50:30 - huginn - INFO - Creating main window...
2026-06-04 21:50:30 - huginn - INFO - QThreadPool max threads set to 32 (CPUs: 32)
2026-06-04 21:50:30 - huginn - INFO - Custom font 'Neuropol X' loaded from C:\Users\allie\Coding Projects\huggin_suite\huginn\resources\fonts\neuropol.otf
2026-06-04 21:50:30 - huginn - DEBUG - Suppressed exception
Traceback (most recent call last):
  File "C:\Users\allie\Coding Projects\huggin_suite\huginn\app\pages\page_registry.py", line 45, in register_all_pages
    from app.pages.db_attacks_page import DBAttacksPage
ImportError: cannot import name 'DBAttacksPage' from 'app.pages.db_attacks_page' (C:\Users\allie\Coding Projects\huggin_suite\huginn\app\pages\db_attacks_page.py)
2026-06-04 21:50:46 - huginn - DEBUG - Memory monitoring stopped
2026-06-04 21:50:46 - huginn - DEBUG - Connection pool closed all sessions
2026-06-04 21:50:46 - huginn - INFO - Update manager stopped during cleanup
2026-06-04 21:50:48 - huginn - INFO - License saved successfully
2026-06-04 21:50:48 - huginn - INFO - License loaded and validated successfully
2026-06-04 21:50:48 - huginn - INFO - Application starting...
2026-06-04 21:50:48 - huginn - INFO - Font loaded successfully
2026-06-04 21:50:48 - huginn - INFO - Stylesheet loaded successfully
2026-06-04 21:50:48 - huginn - INFO - Creating main window...
2026-06-04 21:50:48 - huginn - INFO - QThreadPool max threads set to 32 (CPUs: 32)
2026-06-04 21:50:48 - huginn - INFO - Custom font 'Neuropol X' loaded from C:\Users\allie\Coding Projects\huggin_suite\huginn\resources\fonts\neuropol.otf
2026-06-04 21:50:48 - huginn - DEBUG - Suppressed exception
Traceback (most recent call last):
  File "C:\Users\allie\Coding Projects\huggin_suite\huginn\app\pages\page_registry.py", line 45, in register_all_pages
    from app.pages.db_attacks_page import DBAttacksPage
ImportError: cannot import name 'DBAttacksPage' from 'app.pages.db_attacks_page' (C:\Users\allie\Coding Projects\huggin_suite\huginn\app\pages\db_attacks_page.py)
2026-06-04 21:50:59 - huginn - DEBUG - Memory monitoring stopped
2026-06-04 21:50:59 - huginn - DEBUG - Connection pool closed all sessions
2026-06-04 21:50:59 - huginn - INFO - Update manager stopped during cleanup
2026-06-04 21:59:04 - huginn - INFO - License saved successfully
2026-06-04 21:59:04 - huginn - INFO - License loaded and validated successfully
2026-06-04 21:59:05 - huginn - INFO - Application starting...
2026-06-04 21:59:05 - huginn - INFO - Font loaded successfully
2026-06-04 21:59:05 - huginn - INFO - Stylesheet loaded successfully
2026-06-04 21:59:05 - huginn - INFO - Creating main window...
2026-06-04 21:59:05 - huginn - INFO - QThreadPool max threads set to 32 (CPUs: 32)
2026-06-04 21:59:05 - huginn - INFO - Custom font 'Neuropol X' loaded from C:\Users\allie\Coding Projects\huggin_suite\huginn\resources\fonts\neuropol.otf
2026-06-04 21:59:05 - huginn - DEBUG - Suppressed exception
Traceback (most recent call last):
  File "C:\Users\allie\Coding Projects\huggin_suite\huginn\app\pages\page_registry.py", line 45, in register_all_pages
    from app.pages.db_attacks_page import DBAttacksPage
ImportError: cannot import name 'DBAttacksPage' from 'app.pages.db_attacks_page' (C:\Users\allie\Coding Projects\huggin_suite\huginn\app\pages\db_attacks_page.py)
2026-06-04 22:02:20 - huginn - DEBUG - Memory monitoring stopped
2026-06-04 22:02:20 - huginn - DEBUG - Connection pool closed all sessions
2026-06-04 22:02:20 - huginn - INFO - Update manager stopped during cleanup
2026-06-04 22:07:16 - huginn - INFO - License saved successfully
2026-06-04 22:07:16 - huginn - INFO - License loaded and validated successfully
2026-06-04 22:07:16 - huginn - INFO - Application starting...
2026-06-04 22:07:16 - huginn - INFO - Font loaded successfully
2026-06-04 22:07:16 - huginn - INFO - Stylesheet loaded successfully
2026-06-04 22:07:16 - huginn - INFO - Creating main window...
2026-06-04 22:07:16 - huginn - INFO - QThreadPool max threads set to 32 (CPUs: 32)
2026-06-04 22:07:16 - huginn - INFO - Custom font 'Neuropol X' loaded from C:\Users\allie\Coding Projects\huggin_suite\huginn\resources\fonts\neuropol.otf
2026-06-04 22:07:16 - huginn - DEBUG - Suppressed exception
Traceback (most recent call last):
  File "C:\Users\allie\Coding Projects\huggin_suite\huginn\app\pages\page_registry.py", line 45, in register_all_pages
    from app.pages.db_attacks_page import DBAttacksPage
ImportError: cannot import name 'DBAttacksPage' from 'app.pages.db_attacks_page' (C:\Users\allie\Coding Projects\huggin_suite\huginn\app\pages\db_attacks_page.py)
2026-06-04 22:07:45 - huginn - DEBUG - Wireless security tab unavailable
Traceback (most recent call last):
  File "C:\Users\allie\Coding Projects\huggin_suite\huginn\app\pages\recon_enumeration_page.py", line 99, in setup_ui
    wireless_tab = WirelessSecurityWidget(self)
  File "C:\Users\allie\Coding Projects\huggin_suite\huginn\app\widgets\wireless_security_widget.py", line 52, in __init__
    self.connect_signals()
    ~~~~~~~~~~~~~~~~~~~~^^
  File "C:\Users\allie\Coding Projects\huggin_suite\huginn\app\widgets\wireless_security_widget.py", line 303, in connect_signals
    self.generate_report_btn.clicked.connect(self.generate_report)
    ^^^^^^^^^^^^^^^^^^^^^^^^
AttributeError: 'WirelessSecurityWidget' object has no attribute 'generate_report_btn'. Did you mean: 'generate_report'?
2026-06-04 22:07:46 - huginn - DEBUG - Suppressed exception
Traceback (most recent call last):
  File "C:\Users\allie\Coding Projects\huggin_suite\huginn\app\core\asset_manager.py", line 101, in init_database
    conn.execute("ALTER TABLE assets ADD COLUMN fqdn TEXT DEFAULT ''")
    ~~~~~~~~~~~~^^^^^^^^^^^^^^^^^^^^^^^^^^^^^^^^^^^^^^^^^^^^^^^^^^^^^^
sqlite3.OperationalError: duplicate column name: fqdn
2026-06-04 22:07:46 - huginn - DEBUG - Suppressed exception
Traceback (most recent call last):
  File "C:\Users\allie\Coding Projects\huggin_suite\huginn\app\core\asset_manager.py", line 108, in init_database
    conn.execute("ALTER TABLE assets ADD COLUMN mac_address TEXT DEFAULT ''")
    ~~~~~~~~~~~~^^^^^^^^^^^^^^^^^^^^^^^^^^^^^^^^^^^^^^^^^^^^^^^^^^^^^^^^^^^^^
sqlite3.OperationalError: duplicate column name: mac_address
2026-06-04 22:07:46 - huginn - DEBUG - Suppressed exception
Traceback (most recent call last):
  File "C:\Users\allie\Coding Projects\huggin_suite\huginn\app\core\asset_manager.py", line 115, in init_database
    conn.execute("ALTER TABLE assets ADD COLUMN vendor TEXT DEFAULT ''")
    ~~~~~~~~~~~~^^^^^^^^^^^^^^^^^^^^^^^^^^^^^^^^^^^^^^^^^^^^^^^^^^^^^^^^
sqlite3.OperationalError: duplicate column name: vendor
2026-06-04 22:07:46 - huginn - DEBUG - Suppressed exception
Traceback (most recent call last):
  File "C:\Users\allie\Coding Projects\huggin_suite\huginn\app\core\asset_manager.py", line 122, in init_database
    conn.execute("ALTER TABLE assets ADD COLUMN notes TEXT DEFAULT ''")
    ~~~~~~~~~~~~^^^^^^^^^^^^^^^^^^^^^^^^^^^^^^^^^^^^^^^^^^^^^^^^^^^^^^^
sqlite3.OperationalError: duplicate column name: notes
2026-06-04 22:07:49 - huginn - DEBUG - Session token generated
2026-06-04 22:10:49 - huginn - DEBUG - Memory monitoring stopped
2026-06-04 22:10:49 - huginn - DEBUG - Connection pool closed all sessions
2026-06-04 22:10:49 - huginn - INFO - Update manager stopped during cleanup
2026-06-04 22:10:52 - huginn - INFO - License saved successfully
2026-06-04 22:10:52 - huginn - INFO - License loaded and validated successfully
2026-06-04 22:10:52 - huginn - INFO - Application starting...
2026-06-04 22:10:52 - huginn - INFO - Font loaded successfully
2026-06-04 22:10:52 - huginn - INFO - Stylesheet loaded successfully
2026-06-04 22:10:52 - huginn - INFO - Creating main window...
2026-06-04 22:10:52 - huginn - INFO - QThreadPool max threads set to 32 (CPUs: 32)
2026-06-04 22:10:52 - huginn - INFO - Custom font 'Neuropol X' loaded from C:\Users\allie\Coding Projects\huggin_suite\huginn\resources\fonts\neuropol.otf
2026-06-04 22:10:52 - huginn - DEBUG - Suppressed exception
Traceback (most recent call last):
  File "C:\Users\allie\Coding Projects\huggin_suite\huginn\app\pages\page_registry.py", line 45, in register_all_pages
    from app.pages.db_attacks_page import DBAttacksPage
ImportError: cannot import name 'DBAttacksPage' from 'app.pages.db_attacks_page' (C:\Users\allie\Coding Projects\huggin_suite\huginn\app\pages\db_attacks_page.py)
2026-06-04 22:11:11 - huginn - DEBUG - Memory monitoring stopped
2026-06-04 22:11:11 - huginn - DEBUG - Connection pool closed all sessions
2026-06-04 22:11:11 - huginn - INFO - Update manager stopped during cleanup
2026-06-04 22:11:12 - huginn - INFO - License saved successfully
2026-06-04 22:11:12 - huginn - INFO - License loaded and validated successfully
2026-06-04 22:11:12 - huginn - INFO - Application starting...
2026-06-04 22:11:12 - huginn - INFO - Font loaded successfully
2026-06-04 22:11:12 - huginn - INFO - Stylesheet loaded successfully
2026-06-04 22:11:12 - huginn - INFO - Creating main window...
2026-06-04 22:11:12 - huginn - INFO - QThreadPool max threads set to 32 (CPUs: 32)
2026-06-04 22:11:12 - huginn - INFO - Custom font 'Neuropol X' loaded from C:\Users\allie\Coding Projects\huggin_suite\huginn\resources\fonts\neuropol.otf
2026-06-04 22:11:12 - huginn - DEBUG - Suppressed exception
Traceback (most recent call last):
  File "C:\Users\allie\Coding Projects\huggin_suite\huginn\app\pages\page_registry.py", line 45, in register_all_pages
    from app.pages.db_attacks_page import DBAttacksPage
ImportError: cannot import name 'DBAttacksPage' from 'app.pages.db_attacks_page' (C:\Users\allie\Coding Projects\huggin_suite\huginn\app\pages\db_attacks_page.py)
2026-06-04 22:11:22 - huginn - DEBUG - Memory monitoring stopped
2026-06-04 22:11:22 - huginn - DEBUG - Connection pool closed all sessions
2026-06-04 22:11:22 - huginn - INFO - Update manager stopped during cleanup
2026-06-04 22:12:00 - huginn - DEBUG - Suppressed exception
Traceback (most recent call last):
  File "c:\Users\allie\Coding Projects\huggin_suite\huginn\app\core\asset_manager.py", line 101, in init_database
    conn.execute("ALTER TABLE assets ADD COLUMN fqdn TEXT DEFAULT ''")
    ~~~~~~~~~~~~^^^^^^^^^^^^^^^^^^^^^^^^^^^^^^^^^^^^^^^^^^^^^^^^^^^^^^
sqlite3.OperationalError: duplicate column name: fqdn
2026-06-04 22:12:00 - huginn - DEBUG - Suppressed exception
Traceback (most recent call last):
  File "c:\Users\allie\Coding Projects\huggin_suite\huginn\app\core\asset_manager.py", line 108, in init_database
    conn.execute("ALTER TABLE assets ADD COLUMN mac_address TEXT DEFAULT ''")
    ~~~~~~~~~~~~^^^^^^^^^^^^^^^^^^^^^^^^^^^^^^^^^^^^^^^^^^^^^^^^^^^^^^^^^^^^^
sqlite3.OperationalError: duplicate column name: mac_address
2026-06-04 22:12:00 - huginn - DEBUG - Suppressed exception
Traceback (most recent call last):
  File "c:\Users\allie\Coding Projects\huggin_suite\huginn\app\core\asset_manager.py", line 115, in init_database
    conn.execute("ALTER TABLE assets ADD COLUMN vendor TEXT DEFAULT ''")
    ~~~~~~~~~~~~^^^^^^^^^^^^^^^^^^^^^^^^^^^^^^^^^^^^^^^^^^^^^^^^^^^^^^^^
sqlite3.OperationalError: duplicate column name: vendor
2026-06-04 22:12:00 - huginn - DEBUG - Suppressed exception
Traceback (most recent call last):
  File "c:\Users\allie\Coding Projects\huggin_suite\huginn\app\core\asset_manager.py", line 122, in init_database
    conn.execute("ALTER TABLE assets ADD COLUMN notes TEXT DEFAULT ''")
    ~~~~~~~~~~~~^^^^^^^^^^^^^^^^^^^^^^^^^^^^^^^^^^^^^^^^^^^^^^^^^^^^^^^
sqlite3.OperationalError: duplicate column name: notes
2026-06-04 22:12:01 - huginn - INFO - Using default configuration
2026-06-04 22:12:03 - huginn - INFO - License saved successfully
2026-06-04 22:12:03 - huginn - INFO - License loaded and validated successfully
2026-06-04 22:12:09 - huginn - DEBUG - Suppressed exception
Traceback (most recent call last):
  File "c:\Users\allie\Coding Projects\huggin_suite\huginn\app\core\asset_manager.py", line 101, in init_database
    conn.execute("ALTER TABLE assets ADD COLUMN fqdn TEXT DEFAULT ''")
    ~~~~~~~~~~~~^^^^^^^^^^^^^^^^^^^^^^^^^^^^^^^^^^^^^^^^^^^^^^^^^^^^^^
sqlite3.OperationalError: duplicate column name: fqdn
2026-06-04 22:12:09 - huginn - DEBUG - Suppressed exception
Traceback (most recent call last):
  File "c:\Users\allie\Coding Projects\huggin_suite\huginn\app\core\asset_manager.py", line 108, in init_database
    conn.execute("ALTER TABLE assets ADD COLUMN mac_address TEXT DEFAULT ''")
    ~~~~~~~~~~~~^^^^^^^^^^^^^^^^^^^^^^^^^^^^^^^^^^^^^^^^^^^^^^^^^^^^^^^^^^^^^
sqlite3.OperationalError: duplicate column name: mac_address
2026-06-04 22:12:09 - huginn - DEBUG - Suppressed exception
Traceback (most recent call last):
  File "c:\Users\allie\Coding Projects\huggin_suite\huginn\app\core\asset_manager.py", line 115, in init_database
    conn.execute("ALTER TABLE assets ADD COLUMN vendor TEXT DEFAULT ''")
    ~~~~~~~~~~~~^^^^^^^^^^^^^^^^^^^^^^^^^^^^^^^^^^^^^^^^^^^^^^^^^^^^^^^^
sqlite3.OperationalError: duplicate column name: vendor
2026-06-04 22:12:09 - huginn - DEBUG - Suppressed exception
Traceback (most recent call last):
  File "c:\Users\allie\Coding Projects\huggin_suite\huginn\app\core\asset_manager.py", line 122, in init_database
    conn.execute("ALTER TABLE assets ADD COLUMN notes TEXT DEFAULT ''")
    ~~~~~~~~~~~~^^^^^^^^^^^^^^^^^^^^^^^^^^^^^^^^^^^^^^^^^^^^^^^^^^^^^^^
sqlite3.OperationalError: duplicate column name: notes
2026-06-04 22:12:10 - huginn - INFO - Using default configuration
2026-06-04 22:12:12 - huginn - INFO - License saved successfully
2026-06-04 22:12:12 - huginn - INFO - License loaded and validated successfully
2026-06-04 22:12:21 - huginn - INFO - License saved successfully
2026-06-04 22:12:21 - huginn - INFO - License loaded and validated successfully
2026-06-04 22:12:21 - huginn - INFO - Application starting...
2026-06-04 22:12:21 - huginn - INFO - Font loaded successfully
2026-06-04 22:12:21 - huginn - INFO - Stylesheet loaded successfully
2026-06-04 22:12:21 - huginn - INFO - Creating main window...
2026-06-04 22:12:21 - huginn - INFO - QThreadPool max threads set to 32 (CPUs: 32)
2026-06-04 22:12:21 - huginn - INFO - Custom font 'Neuropol X' loaded from C:\Users\allie\Coding Projects\huggin_suite\huginn\resources\fonts\neuropol.otf
2026-06-04 22:12:21 - huginn - DEBUG - Suppressed exception
Traceback (most recent call last):
  File "C:\Users\allie\Coding Projects\huggin_suite\huginn\app\pages\page_registry.py", line 45, in register_all_pages
    from app.pages.db_attacks_page import DBAttacksPage
ImportError: cannot import name 'DBAttacksPage' from 'app.pages.db_attacks_page' (C:\Users\allie\Coding Projects\huggin_suite\huginn\app\pages\db_attacks_page.py)
2026-06-04 22:12:31 - huginn - DEBUG - Memory monitoring stopped
2026-06-04 22:12:31 - huginn - DEBUG - Connection pool closed all sessions
2026-06-04 22:12:31 - huginn - INFO - Update manager stopped during cleanup
2026-06-04 22:12:32 - huginn - INFO - License saved successfully
2026-06-04 22:12:32 - huginn - INFO - License loaded and validated successfully
2026-06-04 22:12:33 - huginn - INFO - Application starting...
2026-06-04 22:12:33 - huginn - INFO - Font loaded successfully
2026-06-04 22:12:33 - huginn - INFO - Stylesheet loaded successfully
2026-06-04 22:12:33 - huginn - INFO - Creating main window...
2026-06-04 22:12:33 - huginn - INFO - QThreadPool max threads set to 32 (CPUs: 32)
2026-06-04 22:12:33 - huginn - INFO - Custom font 'Neuropol X' loaded from C:\Users\allie\Coding Projects\huggin_suite\huginn\resources\fonts\neuropol.otf
2026-06-04 22:12:33 - huginn - DEBUG - Suppressed exception
Traceback (most recent call last):
  File "C:\Users\allie\Coding Projects\huggin_suite\huginn\app\pages\page_registry.py", line 45, in register_all_pages
    from app.pages.db_attacks_page import DBAttacksPage
ImportError: cannot import name 'DBAttacksPage' from 'app.pages.db_attacks_page' (C:\Users\allie\Coding Projects\huggin_suite\huginn\app\pages\db_attacks_page.py)
2026-06-04 22:12:40 - huginn - DEBUG - Memory monitoring stopped
2026-06-04 22:12:40 - huginn - DEBUG - Connection pool closed all sessions
2026-06-04 22:12:40 - huginn - INFO - Update manager stopped during cleanup
2026-06-04 22:13:09 - huginn - DEBUG - Suppressed exception
Traceback (most recent call last):
  File "c:\Users\allie\Coding Projects\huggin_suite\huginn\app\core\asset_manager.py", line 101, in init_database
    conn.execute("ALTER TABLE assets ADD COLUMN fqdn TEXT DEFAULT ''")
    ~~~~~~~~~~~~^^^^^^^^^^^^^^^^^^^^^^^^^^^^^^^^^^^^^^^^^^^^^^^^^^^^^^
sqlite3.OperationalError: duplicate column name: fqdn
2026-06-04 22:13:09 - huginn - DEBUG - Suppressed exception
Traceback (most recent call last):
  File "c:\Users\allie\Coding Projects\huggin_suite\huginn\app\core\asset_manager.py", line 108, in init_database
    conn.execute("ALTER TABLE assets ADD COLUMN mac_address TEXT DEFAULT ''")
    ~~~~~~~~~~~~^^^^^^^^^^^^^^^^^^^^^^^^^^^^^^^^^^^^^^^^^^^^^^^^^^^^^^^^^^^^^
sqlite3.OperationalError: duplicate column name: mac_address
2026-06-04 22:13:09 - huginn - DEBUG - Suppressed exception
Traceback (most recent call last):
  File "c:\Users\allie\Coding Projects\huggin_suite\huginn\app\core\asset_manager.py", line 115, in init_database
    conn.execute("ALTER TABLE assets ADD COLUMN vendor TEXT DEFAULT ''")
    ~~~~~~~~~~~~^^^^^^^^^^^^^^^^^^^^^^^^^^^^^^^^^^^^^^^^^^^^^^^^^^^^^^^^
sqlite3.OperationalError: duplicate column name: vendor
2026-06-04 22:13:09 - huginn - DEBUG - Suppressed exception
Traceback (most recent call last):
  File "c:\Users\allie\Coding Projects\huggin_suite\huginn\app\core\asset_manager.py", line 122, in init_database
    conn.execute("ALTER TABLE assets ADD COLUMN notes TEXT DEFAULT ''")
    ~~~~~~~~~~~~^^^^^^^^^^^^^^^^^^^^^^^^^^^^^^^^^^^^^^^^^^^^^^^^^^^^^^^
sqlite3.OperationalError: duplicate column name: notes
2026-06-04 22:13:10 - huginn - INFO - Using default configuration
2026-06-04 22:13:12 - huginn - INFO - License saved successfully
2026-06-04 22:13:12 - huginn - INFO - License loaded and validated successfully
2026-06-04 22:13:13 - huginn - INFO - License saved successfully
2026-06-04 22:13:13 - huginn - INFO - License loaded and validated successfully
2026-06-04 22:13:13 - huginn - INFO - Application starting...
2026-06-04 22:13:13 - huginn - INFO - Font loaded successfully
2026-06-04 22:13:13 - huginn - INFO - Stylesheet loaded successfully
2026-06-04 22:13:13 - huginn - INFO - Creating main window...
2026-06-04 22:13:13 - huginn - INFO - QThreadPool max threads set to 32 (CPUs: 32)
2026-06-04 22:13:13 - huginn - INFO - Custom font 'Neuropol X' loaded from C:\Users\allie\Coding Projects\huggin_suite\huginn\resources\fonts\neuropol.otf
2026-06-04 22:13:13 - huginn - DEBUG - Suppressed exception
Traceback (most recent call last):
  File "C:\Users\allie\Coding Projects\huggin_suite\huginn\app\pages\page_registry.py", line 45, in register_all_pages
    from app.pages.db_attacks_page import DBAttacksPage
ImportError: cannot import name 'DBAttacksPage' from 'app.pages.db_attacks_page' (C:\Users\allie\Coding Projects\huggin_suite\huginn\app\pages\db_attacks_page.py)
2026-06-04 22:13:24 - huginn - DEBUG - Memory monitoring stopped
2026-06-04 22:13:24 - huginn - DEBUG - Connection pool closed all sessions
2026-06-04 22:13:24 - huginn - INFO - Update manager stopped during cleanup
2026-06-04 22:21:08 - huginn - INFO - License saved successfully
2026-06-04 22:21:08 - huginn - INFO - License loaded and validated successfully
2026-06-04 22:21:08 - huginn - INFO - Application starting...
2026-06-04 22:21:08 - huginn - INFO - Font loaded successfully
2026-06-04 22:21:08 - huginn - INFO - Stylesheet loaded successfully
2026-06-04 22:21:08 - huginn - INFO - Creating main window...
2026-06-04 22:21:08 - huginn - INFO - QThreadPool max threads set to 32 (CPUs: 32)
2026-06-04 22:21:08 - huginn - INFO - Custom font 'Neuropol X' loaded from C:\Users\allie\Coding Projects\huggin_suite\huginn\resources\fonts\neuropol.otf
2026-06-04 22:21:08 - huginn - DEBUG - Suppressed exception
Traceback (most recent call last):
  File "C:\Users\allie\Coding Projects\huggin_suite\huginn\app\pages\page_registry.py", line 45, in register_all_pages
    from app.pages.db_attacks_page import DBAttacksPage
ImportError: cannot import name 'DBAttacksPage' from 'app.pages.db_attacks_page' (C:\Users\allie\Coding Projects\huggin_suite\huginn\app\pages\db_attacks_page.py)
2026-06-04 22:21:19 - huginn - DEBUG - Memory monitoring stopped
2026-06-04 22:21:19 - huginn - DEBUG - Connection pool closed all sessions
2026-06-04 22:21:19 - huginn - INFO - Update manager stopped during cleanup
2026-06-04 22:22:03 - huginn - INFO - License saved successfully
2026-06-04 22:22:03 - huginn - INFO - License loaded and validated successfully
2026-06-04 22:22:03 - huginn - INFO - Application starting...
2026-06-04 22:22:03 - huginn - INFO - Font loaded successfully
2026-06-04 22:22:03 - huginn - INFO - Stylesheet loaded successfully
2026-06-04 22:22:03 - huginn - INFO - Creating main window...
2026-06-04 22:22:03 - huginn - INFO - QThreadPool max threads set to 32 (CPUs: 32)
2026-06-04 22:22:03 - huginn - INFO - Custom font 'Neuropol X' loaded from C:\Users\allie\Coding Projects\huggin_suite\huginn\resources\fonts\neuropol.otf
2026-06-04 22:22:03 - huginn - DEBUG - Suppressed exception
Traceback (most recent call last):
  File "C:\Users\allie\Coding Projects\huggin_suite\huginn\app\pages\page_registry.py", line 45, in register_all_pages
    from app.pages.db_attacks_page import DBAttacksPage
ImportError: cannot import name 'DBAttacksPage' from 'app.pages.db_attacks_page' (C:\Users\allie\Coding Projects\huggin_suite\huginn\app\pages\db_attacks_page.py)
2026-06-04 22:22:15 - huginn - DEBUG - Memory monitoring stopped
2026-06-04 22:22:15 - huginn - DEBUG - Connection pool closed all sessions
2026-06-04 22:22:15 - huginn - INFO - Update manager stopped during cleanup
