2026-07-03 07:35:29 - huginn - INFO - License saved successfully
2026-07-03 07:35:29 - huginn - INFO - License loaded and validated successfully
2026-07-03 07:35:29 - huginn - INFO - Application starting...
2026-07-03 07:35:29 - huginn - INFO - Huginn version 0.0.0
2026-07-03 07:35:29 - huginn - INFO - Font loaded successfully
2026-07-03 07:35:29 - huginn - INFO - Stylesheet loaded successfully
2026-07-03 07:35:29 - huginn - INFO - Creating main window...
2026-07-03 07:35:29 - huginn - INFO - QThreadPool max threads set to 32 (CPUs: 32)
2026-07-03 07:35:29 - huginn - INFO - Custom font 'Neuropol X' loaded from C:\Users\allie\Coding Projects\huggin_suite\huginn\resources\fonts\neuropol.otf
2026-07-03 07:35:30 - huginn - INFO - Master index schema initialized.
2026-07-03 07:35:30 - huginn - DEBUG - [FeatureGapIntegration] Tenant→Engagement wiring connected.
2026-07-03 07:35:30 - huginn - INFO - [FeatureGapIntegration] All new modules integrated successfully.
2026-07-03 07:35:30 - huginn - INFO - Feature gap integration completed successfully
2026-07-03 07:35:40 - huginn - INFO - EngagementDatabase connected: C:\Users\allie\Coding Projects\huggin_suite\huginn\resources\engagements\3be37757-07dc-499f-b6c5-bf1ed60dc47f\engagement.db (pool_size=5)
2026-07-03 07:35:40 - huginn - INFO - Engagement opened: 3be37757-07dc-499f-b6c5-bf1ed60dc47f
2026-07-03 07:35:40 - huginn - INFO - NoteSystem: database attached and FTS initialized.
2026-07-03 07:35:40 - huginn - INFO - RetestWorkflow: database attached.
2026-07-03 07:36:35 - huginn - DEBUG - Memory monitoring stopped
2026-07-03 07:36:35 - huginn - DEBUG - Connection pool closed all sessions
2026-07-03 07:37:45 - huginn - INFO - Using default configuration
2026-07-03 07:37:47 - huginn - INFO - Master index schema initialized.
2026-07-03 07:37:48 - huginn - INFO - License saved successfully
2026-07-03 07:37:48 - huginn - INFO - License loaded and validated successfully
2026-07-03 07:38:33 - huginn - INFO - Using default configuration
2026-07-03 07:39:19 - huginn - INFO - Master index schema initialized.
2026-07-03 07:39:19 - huginn - INFO - License saved successfully
2026-07-03 07:39:19 - huginn - INFO - License loaded and validated successfully
2026-07-03 07:43:00 - huginn - INFO - License saved successfully
2026-07-03 07:43:00 - huginn - INFO - License loaded and validated successfully
2026-07-03 07:43:00 - huginn - INFO - Application starting...
2026-07-03 07:43:00 - huginn - INFO - Huginn version 0.0.0
2026-07-03 07:43:00 - huginn - INFO - Font loaded successfully
2026-07-03 07:43:00 - huginn - INFO - Stylesheet loaded successfully
2026-07-03 07:43:00 - huginn - INFO - Creating main window...
2026-07-03 07:43:00 - huginn - INFO - QThreadPool max threads set to 32 (CPUs: 32)
2026-07-03 07:43:00 - huginn - INFO - Custom font 'Neuropol X' loaded from C:\Users\allie\Coding Projects\huggin_suite\huginn\resources\fonts\neuropol.otf
2026-07-03 07:43:01 - huginn - INFO - Master index schema initialized.
2026-07-03 07:43:01 - huginn - DEBUG - [FeatureGapIntegration] Tenant→Engagement wiring connected.
2026-07-03 07:43:01 - huginn - INFO - [FeatureGapIntegration] All new modules integrated successfully.
2026-07-03 07:43:01 - huginn - INFO - Feature gap integration completed successfully
2026-07-03 07:43:09 - huginn - INFO - EngagementDatabase connected: C:\Users\allie\Coding Projects\huggin_suite\huginn\resources\engagements\3be37757-07dc-499f-b6c5-bf1ed60dc47f\engagement.db (pool_size=5)
2026-07-03 07:43:09 - huginn - INFO - Engagement opened: 3be37757-07dc-499f-b6c5-bf1ed60dc47f
2026-07-03 07:43:09 - huginn - INFO - NoteSystem: database attached and FTS initialized.
2026-07-03 07:43:09 - huginn - INFO - RetestWorkflow: database attached.
2026-07-03 07:44:04 - huginn - DEBUG - Memory monitoring stopped
2026-07-03 07:44:04 - huginn - DEBUG - Connection pool closed all sessions
2026-07-03 07:45:05 - huginn - INFO - Using default configuration
2026-07-03 07:45:07 - huginn - INFO - Master index schema initialized.
2026-07-03 07:45:08 - huginn - INFO - License saved successfully
2026-07-03 07:45:08 - huginn - INFO - License loaded and validated successfully
2026-07-03 07:45:24 - huginn - INFO - Using default configuration
2026-07-03 07:45:26 - huginn - INFO - Master index schema initialized.
2026-07-03 07:45:26 - huginn - INFO - License saved successfully
2026-07-03 07:45:26 - huginn - INFO - License loaded and validated successfully
2026-07-03 07:45:33 - huginn - INFO - Using default configuration
2026-07-03 07:45:35 - huginn - INFO - Master index schema initialized.
2026-07-03 07:45:35 - huginn - INFO - License saved successfully
2026-07-03 07:45:35 - huginn - INFO - License loaded and validated successfully
