2026-07-06 21:27:30 - huginn - INFO - License saved successfully
2026-07-06 21:27:30 - huginn - INFO - License loaded and validated successfully
2026-07-06 21:27:30 - huginn - INFO - Application starting...
2026-07-06 21:27:30 - huginn - INFO - Huginn version 0.0.0
2026-07-06 21:27:30 - huginn - INFO - Font loaded successfully
2026-07-06 21:27:30 - huginn - INFO - Stylesheet loaded successfully
2026-07-06 21:27:30 - huginn - INFO - Creating main window...
2026-07-06 21:27:30 - huginn - INFO - QThreadPool max threads set to 32 (CPUs: 32)
2026-07-06 21:27:30 - huginn - INFO - Custom font 'Neuropol X' loaded from C:\Users\allie\Coding Projects\huggin_suite\huginn\resources\fonts\neuropol.otf
2026-07-06 21:27:32 - huginn - INFO - Master index schema initialized.
2026-07-06 21:27:32 - huginn - DEBUG - [FeatureGapIntegration] Tenant→Engagement wiring connected.
2026-07-06 21:27:32 - huginn - INFO - [FeatureGapIntegration] All new modules integrated successfully.
2026-07-06 21:27:32 - huginn - INFO - Feature gap integration completed successfully
2026-07-06 21:27:53 - huginn - INFO - EngagementDatabase connected: C:\Users\allie\Coding Projects\huggin_suite\huginn\resources\engagements\3be37757-07dc-499f-b6c5-bf1ed60dc47f\engagement.db (pool_size=5)
2026-07-06 21:27:53 - huginn - INFO - Engagement opened: 3be37757-07dc-499f-b6c5-bf1ed60dc47f
2026-07-06 21:27:53 - huginn - INFO - NoteSystem: database attached and FTS initialized.
2026-07-06 21:27:53 - huginn - INFO - RetestWorkflow: database attached.
2026-07-06 21:29:30 - huginn - INFO - License saved successfully
2026-07-06 21:29:30 - huginn - INFO - License loaded and validated successfully
2026-07-06 21:29:30 - huginn - INFO - Application starting...
2026-07-06 21:29:30 - huginn - INFO - Huginn version 0.0.0
2026-07-06 21:29:30 - huginn - INFO - Font loaded successfully
2026-07-06 21:29:30 - huginn - INFO - Stylesheet loaded successfully
2026-07-06 21:29:30 - huginn - INFO - Creating main window...
2026-07-06 21:29:30 - huginn - INFO - QThreadPool max threads set to 32 (CPUs: 32)
2026-07-06 21:29:30 - huginn - INFO - Custom font 'Neuropol X' loaded from C:\Users\allie\Coding Projects\huggin_suite\huginn\resources\fonts\neuropol.otf
2026-07-06 21:29:31 - huginn - INFO - Master index schema initialized.
2026-07-06 21:29:31 - huginn - DEBUG - [FeatureGapIntegration] Tenant→Engagement wiring connected.
2026-07-06 21:29:31 - huginn - INFO - [FeatureGapIntegration] All new modules integrated successfully.
2026-07-06 21:29:31 - huginn - INFO - Feature gap integration completed successfully
2026-07-06 21:29:39 - huginn - INFO - EngagementDatabase connected: C:\Users\allie\Coding Projects\huggin_suite\huginn\resources\engagements\3be37757-07dc-499f-b6c5-bf1ed60dc47f\engagement.db (pool_size=5)
2026-07-06 21:29:39 - huginn - INFO - Engagement opened: 3be37757-07dc-499f-b6c5-bf1ed60dc47f
2026-07-06 21:29:39 - huginn - INFO - NoteSystem: database attached and FTS initialized.
2026-07-06 21:29:39 - huginn - INFO - RetestWorkflow: database attached.
2026-07-06 21:30:05 - huginn - DEBUG - Memory monitoring stopped
2026-07-06 21:30:05 - huginn - DEBUG - Connection pool closed all sessions
2026-07-06 21:32:42 - huginn - INFO - Using default configuration
2026-07-06 21:32:44 - huginn - INFO - Master index schema initialized.
2026-07-06 21:32:44 - huginn - INFO - License saved successfully
2026-07-06 21:32:44 - huginn - INFO - License loaded and validated successfully
2026-07-06 21:32:55 - huginn - INFO - Using default configuration
2026-07-06 21:32:57 - huginn - INFO - Master index schema initialized.
2026-07-06 21:32:57 - huginn - INFO - License saved successfully
2026-07-06 21:32:57 - huginn - INFO - License loaded and validated successfully
2026-07-06 21:33:02 - huginn - INFO - Using default configuration
2026-07-06 21:33:05 - huginn - INFO - Master index schema initialized.
2026-07-06 21:33:05 - huginn - INFO - License saved successfully
2026-07-06 21:33:05 - huginn - INFO - License loaded and validated successfully
2026-07-06 21:33:15 - huginn - INFO - Using default configuration
2026-07-06 21:33:17 - huginn - INFO - Master index schema initialized.
2026-07-06 21:33:18 - huginn - INFO - License saved successfully
2026-07-06 21:33:18 - huginn - INFO - License loaded and validated successfully
2026-07-06 21:33:25 - huginn - INFO - Using default configuration
2026-07-06 21:33:27 - huginn - INFO - Master index schema initialized.
2026-07-06 21:33:27 - huginn - INFO - License saved successfully
2026-07-06 21:33:27 - huginn - INFO - License loaded and validated successfully
2026-07-06 21:33:35 - huginn - INFO - Using default configuration
2026-07-06 21:33:37 - huginn - INFO - Master index schema initialized.
2026-07-06 21:33:37 - huginn - INFO - License saved successfully
2026-07-06 21:33:37 - huginn - INFO - License loaded and validated successfully
2026-07-06 21:33:46 - huginn - INFO - Using default configuration
2026-07-06 21:33:48 - huginn - INFO - Master index schema initialized.
2026-07-06 21:33:49 - huginn - INFO - License saved successfully
2026-07-06 21:33:49 - huginn - INFO - License loaded and validated successfully
2026-07-06 21:34:32 - huginn - INFO - License saved successfully
2026-07-06 21:34:32 - huginn - INFO - License loaded and validated successfully
2026-07-06 21:34:32 - huginn - INFO - Application starting...
2026-07-06 21:34:32 - huginn - INFO - Huginn version 0.0.0
2026-07-06 21:34:32 - huginn - INFO - Font loaded successfully
2026-07-06 21:34:32 - huginn - INFO - Stylesheet loaded successfully
2026-07-06 21:34:32 - huginn - INFO - Creating main window...
2026-07-06 21:34:32 - huginn - INFO - QThreadPool max threads set to 32 (CPUs: 32)
2026-07-06 21:34:32 - huginn - INFO - Custom font 'Neuropol X' loaded from C:\Users\allie\Coding Projects\huggin_suite\huginn\resources\fonts\neuropol.otf
2026-07-06 21:34:33 - huginn - INFO - Master index schema initialized.
2026-07-06 21:34:33 - huginn - DEBUG - [FeatureGapIntegration] Tenant→Engagement wiring connected.
2026-07-06 21:34:33 - huginn - INFO - [FeatureGapIntegration] All new modules integrated successfully.
2026-07-06 21:34:33 - huginn - INFO - Feature gap integration completed successfully
2026-07-06 21:34:41 - huginn - INFO - EngagementDatabase connected: C:\Users\allie\Coding Projects\huggin_suite\huginn\resources\engagements\3be37757-07dc-499f-b6c5-bf1ed60dc47f\engagement.db (pool_size=5)
2026-07-06 21:34:41 - huginn - INFO - Engagement opened: 3be37757-07dc-499f-b6c5-bf1ed60dc47f
2026-07-06 21:34:41 - huginn - INFO - NoteSystem: database attached and FTS initialized.
2026-07-06 21:34:41 - huginn - INFO - RetestWorkflow: database attached.
2026-07-06 21:41:21 - huginn - DEBUG - Memory monitoring stopped
2026-07-06 21:41:21 - huginn - DEBUG - Connection pool closed all sessions
2026-07-06 21:42:40 - huginn - INFO - Using default configuration
2026-07-06 21:42:42 - huginn - INFO - Master index schema initialized.
2026-07-06 21:42:43 - huginn - INFO - License saved successfully
2026-07-06 21:42:43 - huginn - INFO - License loaded and validated successfully
2026-07-06 21:43:14 - huginn - INFO - Using default configuration
2026-07-06 21:43:16 - huginn - INFO - Master index schema initialized.
2026-07-06 21:43:16 - huginn - INFO - License saved successfully
2026-07-06 21:43:16 - huginn - INFO - License loaded and validated successfully
2026-07-06 21:43:35 - huginn - INFO - Using default configuration
2026-07-06 21:43:37 - huginn - INFO - Master index schema initialized.
2026-07-06 21:43:37 - huginn - INFO - License saved successfully
2026-07-06 21:43:37 - huginn - INFO - License loaded and validated successfully
2026-07-06 21:46:06 - huginn - INFO - License saved successfully
2026-07-06 21:46:06 - huginn - INFO - License loaded and validated successfully
2026-07-06 21:46:06 - huginn - INFO - Application starting...
2026-07-06 21:46:06 - huginn - INFO - Huginn version 0.0.0
2026-07-06 21:46:06 - huginn - INFO - Font loaded successfully
2026-07-06 21:46:06 - huginn - INFO - Stylesheet loaded successfully
2026-07-06 21:46:06 - huginn - INFO - Creating main window...
2026-07-06 21:46:06 - huginn - INFO - QThreadPool max threads set to 32 (CPUs: 32)
2026-07-06 21:46:06 - huginn - INFO - Custom font 'Neuropol X' loaded from C:\Users\allie\Coding Projects\huggin_suite\huginn\resources\fonts\neuropol.otf
2026-07-06 21:46:08 - huginn - INFO - Master index schema initialized.
2026-07-06 21:46:09 - huginn - DEBUG - [FeatureGapIntegration] Tenant→Engagement wiring connected.
2026-07-06 21:46:09 - huginn - INFO - [FeatureGapIntegration] All new modules integrated successfully.
2026-07-06 21:46:09 - huginn - INFO - Feature gap integration completed successfully
2026-07-06 21:46:17 - huginn - INFO - EngagementDatabase connected: C:\Users\allie\Coding Projects\huggin_suite\huginn\resources\engagements\3be37757-07dc-499f-b6c5-bf1ed60dc47f\engagement.db (pool_size=5)
2026-07-06 21:46:17 - huginn - INFO - Engagement opened: 3be37757-07dc-499f-b6c5-bf1ed60dc47f
2026-07-06 21:46:17 - huginn - INFO - NoteSystem: database attached and FTS initialized.
2026-07-06 21:46:17 - huginn - INFO - RetestWorkflow: database attached.
2026-07-06 21:52:42 - huginn - DEBUG - Memory monitoring stopped
2026-07-06 21:52:42 - huginn - DEBUG - Connection pool closed all sessions
2026-07-06 21:59:02 - huginn - INFO - Using default configuration
2026-07-06 21:59:04 - huginn - INFO - Master index schema initialized.
2026-07-06 21:59:04 - huginn - INFO - License saved successfully
2026-07-06 21:59:04 - huginn - INFO - License loaded and validated successfully
2026-07-06 21:59:09 - huginn - INFO - Using default configuration
2026-07-06 21:59:11 - huginn - INFO - Master index schema initialized.
2026-07-06 21:59:11 - huginn - INFO - License saved successfully
2026-07-06 21:59:11 - huginn - INFO - License loaded and validated successfully
2026-07-06 21:59:17 - huginn - INFO - Using default configuration
2026-07-06 21:59:19 - huginn - INFO - Master index schema initialized.
2026-07-06 21:59:20 - huginn - INFO - License saved successfully
2026-07-06 21:59:20 - huginn - INFO - License loaded and validated successfully
2026-07-06 22:00:11 - huginn - INFO - Using default configuration
2026-07-06 22:00:13 - huginn - INFO - Master index schema initialized.
2026-07-06 22:00:13 - huginn - INFO - License saved successfully
2026-07-06 22:00:13 - huginn - INFO - License loaded and validated successfully
2026-07-06 22:00:16 - huginn - INFO - Using default configuration
2026-07-06 22:00:18 - huginn - INFO - Master index schema initialized.
2026-07-06 22:00:18 - huginn - INFO - License saved successfully
2026-07-06 22:00:18 - huginn - INFO - License loaded and validated successfully
2026-07-06 22:00:26 - huginn - INFO - Using default configuration
2026-07-06 22:00:28 - huginn - INFO - Master index schema initialized.
2026-07-06 22:00:28 - huginn - INFO - License saved successfully
2026-07-06 22:00:28 - huginn - INFO - License loaded and validated successfully
2026-07-06 22:00:30 - huginn - INFO - Using default configuration
2026-07-06 22:00:32 - huginn - INFO - Master index schema initialized.
2026-07-06 22:00:32 - huginn - INFO - License saved successfully
2026-07-06 22:00:32 - huginn - INFO - License loaded and validated successfully
2026-07-06 22:00:37 - huginn - INFO - Using default configuration
2026-07-06 22:00:39 - huginn - INFO - Master index schema initialized.
2026-07-06 22:00:39 - huginn - INFO - License saved successfully
2026-07-06 22:00:39 - huginn - INFO - License loaded and validated successfully
2026-07-06 22:00:41 - huginn - INFO - Using default configuration
2026-07-06 22:00:43 - huginn - INFO - Master index schema initialized.
2026-07-06 22:00:43 - huginn - INFO - License saved successfully
2026-07-06 22:00:43 - huginn - INFO - License loaded and validated successfully
2026-07-06 22:00:45 - huginn - INFO - Using default configuration
2026-07-06 22:00:47 - huginn - INFO - Master index schema initialized.
2026-07-06 22:00:47 - huginn - INFO - License saved successfully
2026-07-06 22:00:47 - huginn - INFO - License loaded and validated successfully
2026-07-06 22:00:50 - huginn - INFO - Using default configuration
2026-07-06 22:00:52 - huginn - INFO - Master index schema initialized.
2026-07-06 22:00:52 - huginn - INFO - License saved successfully
2026-07-06 22:00:52 - huginn - INFO - License loaded and validated successfully
2026-07-06 22:01:07 - huginn - INFO - Using default configuration
2026-07-06 22:01:09 - huginn - INFO - Master index schema initialized.
2026-07-06 22:01:10 - huginn - INFO - License saved successfully
2026-07-06 22:01:10 - huginn - INFO - License loaded and validated successfully
2026-07-06 22:01:40 - huginn - INFO - Using default configuration
2026-07-06 22:01:42 - huginn - INFO - Master index schema initialized.
2026-07-06 22:01:42 - huginn - INFO - License saved successfully
2026-07-06 22:01:42 - huginn - INFO - License loaded and validated successfully
2026-07-06 22:01:48 - huginn - INFO - Using default configuration
2026-07-06 22:01:50 - huginn - INFO - Master index schema initialized.
2026-07-06 22:01:51 - huginn - INFO - License saved successfully
2026-07-06 22:01:51 - huginn - INFO - License loaded and validated successfully
2026-07-06 22:02:10 - huginn - INFO - Using default configuration
2026-07-06 22:02:12 - huginn - INFO - Master index schema initialized.
2026-07-06 22:02:13 - huginn - INFO - License saved successfully
2026-07-06 22:02:13 - huginn - INFO - License loaded and validated successfully
2026-07-06 22:02:38 - huginn - INFO - Using default configuration
2026-07-06 22:02:40 - huginn - INFO - Master index schema initialized.
2026-07-06 22:02:40 - huginn - INFO - License saved successfully
2026-07-06 22:02:40 - huginn - INFO - License loaded and validated successfully
2026-07-06 22:02:47 - huginn - INFO - Using default configuration
2026-07-06 22:02:49 - huginn - INFO - Master index schema initialized.
2026-07-06 22:02:49 - huginn - INFO - License saved successfully
2026-07-06 22:02:49 - huginn - INFO - License loaded and validated successfully
2026-07-06 22:03:48 - huginn - INFO - Using default configuration
2026-07-06 22:03:50 - huginn - INFO - Master index schema initialized.
2026-07-06 22:03:50 - huginn - INFO - License saved successfully
2026-07-06 22:03:50 - huginn - INFO - License loaded and validated successfully
2026-07-06 22:03:55 - huginn - INFO - Using default configuration
2026-07-06 22:03:57 - huginn - INFO - Master index schema initialized.
2026-07-06 22:03:57 - huginn - INFO - License saved successfully
2026-07-06 22:03:57 - huginn - INFO - License loaded and validated successfully
2026-07-06 22:04:02 - huginn - INFO - Using default configuration
2026-07-06 22:04:03 - huginn - INFO - Master index schema initialized.
2026-07-06 22:04:04 - huginn - INFO - License saved successfully
2026-07-06 22:04:04 - huginn - INFO - License loaded and validated successfully
2026-07-06 22:04:07 - huginn - INFO - Using default configuration
2026-07-06 22:04:09 - huginn - INFO - Master index schema initialized.
2026-07-06 22:04:09 - huginn - INFO - License saved successfully
2026-07-06 22:04:09 - huginn - INFO - License loaded and validated successfully
2026-07-06 22:04:12 - huginn - INFO - Using default configuration
2026-07-06 22:04:14 - huginn - INFO - Master index schema initialized.
2026-07-06 22:04:14 - huginn - INFO - License saved successfully
2026-07-06 22:04:14 - huginn - INFO - License loaded and validated successfully
2026-07-06 22:04:16 - huginn - INFO - Using default configuration
2026-07-06 22:04:18 - huginn - INFO - Master index schema initialized.
2026-07-06 22:04:18 - huginn - INFO - License saved successfully
2026-07-06 22:04:18 - huginn - INFO - License loaded and validated successfully
2026-07-06 22:04:20 - huginn - INFO - Using default configuration
2026-07-06 22:04:22 - huginn - INFO - Master index schema initialized.
2026-07-06 22:04:22 - huginn - INFO - License saved successfully
2026-07-06 22:04:22 - huginn - INFO - License loaded and validated successfully
2026-07-06 22:04:28 - huginn - INFO - Using default configuration
2026-07-06 22:04:30 - huginn - INFO - Master index schema initialized.
2026-07-06 22:04:30 - huginn - INFO - License saved successfully
2026-07-06 22:04:30 - huginn - INFO - License loaded and validated successfully
2026-07-06 22:04:32 - huginn - INFO - Using default configuration
2026-07-06 22:04:34 - huginn - INFO - Master index schema initialized.
2026-07-06 22:04:34 - huginn - INFO - License saved successfully
2026-07-06 22:04:34 - huginn - INFO - License loaded and validated successfully
2026-07-06 22:04:37 - huginn - INFO - Using default configuration
2026-07-06 22:04:39 - huginn - INFO - Master index schema initialized.
2026-07-06 22:04:39 - huginn - INFO - License saved successfully
2026-07-06 22:04:39 - huginn - INFO - License loaded and validated successfully
2026-07-06 22:04:43 - huginn - INFO - Using default configuration
2026-07-06 22:04:45 - huginn - INFO - Master index schema initialized.
2026-07-06 22:04:45 - huginn - INFO - License saved successfully
2026-07-06 22:04:45 - huginn - INFO - License loaded and validated successfully
2026-07-06 22:04:47 - huginn - INFO - Using default configuration
2026-07-06 22:04:49 - huginn - INFO - Master index schema initialized.
2026-07-06 22:04:49 - huginn - INFO - License saved successfully
2026-07-06 22:04:49 - huginn - INFO - License loaded and validated successfully
2026-07-06 22:04:50 - huginn - INFO - Using default configuration
2026-07-06 22:04:52 - huginn - INFO - Master index schema initialized.
2026-07-06 22:04:52 - huginn - INFO - License saved successfully
2026-07-06 22:04:52 - huginn - INFO - License loaded and validated successfully
2026-07-06 22:04:56 - huginn - INFO - Using default configuration
2026-07-06 22:04:58 - huginn - INFO - Master index schema initialized.
2026-07-06 22:04:58 - huginn - INFO - License saved successfully
2026-07-06 22:04:58 - huginn - INFO - License loaded and validated successfully
2026-07-06 22:05:00 - huginn - INFO - Using default configuration
2026-07-06 22:05:02 - huginn - INFO - Master index schema initialized.
2026-07-06 22:05:02 - huginn - INFO - License saved successfully
2026-07-06 22:05:02 - huginn - INFO - License loaded and validated successfully
2026-07-06 22:05:07 - huginn - INFO - Using default configuration
2026-07-06 22:05:09 - huginn - INFO - Master index schema initialized.
2026-07-06 22:05:09 - huginn - INFO - License saved successfully
2026-07-06 22:05:09 - huginn - INFO - License loaded and validated successfully
2026-07-06 22:05:12 - huginn - INFO - Using default configuration
2026-07-06 22:05:14 - huginn - INFO - Master index schema initialized.
2026-07-06 22:05:14 - huginn - INFO - License saved successfully
2026-07-06 22:05:14 - huginn - INFO - License loaded and validated successfully
2026-07-06 22:05:18 - huginn - INFO - Using default configuration
2026-07-06 22:05:20 - huginn - INFO - Master index schema initialized.
2026-07-06 22:05:20 - huginn - INFO - License saved successfully
2026-07-06 22:05:20 - huginn - INFO - License loaded and validated successfully
2026-07-06 22:05:27 - huginn - INFO - Using default configuration
2026-07-06 22:05:29 - huginn - INFO - Master index schema initialized.
2026-07-06 22:05:29 - huginn - INFO - License saved successfully
2026-07-06 22:05:29 - huginn - INFO - License loaded and validated successfully
2026-07-06 22:05:31 - huginn - INFO - Using default configuration
2026-07-06 22:05:33 - huginn - INFO - Master index schema initialized.
2026-07-06 22:05:33 - huginn - INFO - License saved successfully
2026-07-06 22:05:33 - huginn - INFO - License loaded and validated successfully
2026-07-06 22:05:42 - huginn - INFO - Using default configuration
2026-07-06 22:05:44 - huginn - INFO - Master index schema initialized.
2026-07-06 22:05:44 - huginn - INFO - License saved successfully
2026-07-06 22:05:44 - huginn - INFO - License loaded and validated successfully
2026-07-06 22:05:46 - huginn - INFO - Using default configuration
2026-07-06 22:05:48 - huginn - INFO - Master index schema initialized.
2026-07-06 22:05:49 - huginn - INFO - License saved successfully
2026-07-06 22:05:49 - huginn - INFO - License loaded and validated successfully
2026-07-06 22:05:50 - huginn - INFO - Using default configuration
2026-07-06 22:05:52 - huginn - INFO - Master index schema initialized.
2026-07-06 22:05:53 - huginn - INFO - License saved successfully
2026-07-06 22:05:53 - huginn - INFO - License loaded and validated successfully
2026-07-06 22:05:57 - huginn - INFO - Using default configuration
2026-07-06 22:05:59 - huginn - INFO - Master index schema initialized.
2026-07-06 22:06:00 - huginn - INFO - License saved successfully
2026-07-06 22:06:00 - huginn - INFO - License loaded and validated successfully
2026-07-06 22:06:04 - huginn - INFO - Using default configuration
2026-07-06 22:06:06 - huginn - INFO - Master index schema initialized.
2026-07-06 22:06:06 - huginn - INFO - License saved successfully
2026-07-06 22:06:06 - huginn - INFO - License loaded and validated successfully
2026-07-06 22:06:09 - huginn - INFO - Using default configuration
2026-07-06 22:06:11 - huginn - INFO - Master index schema initialized.
2026-07-06 22:06:12 - huginn - INFO - License saved successfully
2026-07-06 22:06:12 - huginn - INFO - License loaded and validated successfully
2026-07-06 22:06:13 - huginn - INFO - Using default configuration
2026-07-06 22:06:15 - huginn - INFO - Master index schema initialized.
2026-07-06 22:06:15 - huginn - INFO - License saved successfully
2026-07-06 22:06:15 - huginn - INFO - License loaded and validated successfully
2026-07-06 22:06:18 - huginn - INFO - Using default configuration
2026-07-06 22:06:20 - huginn - INFO - Master index schema initialized.
2026-07-06 22:06:20 - huginn - INFO - License saved successfully
2026-07-06 22:06:20 - huginn - INFO - License loaded and validated successfully
2026-07-06 22:06:24 - huginn - INFO - Using default configuration
2026-07-06 22:06:26 - huginn - INFO - Master index schema initialized.
2026-07-06 22:06:26 - huginn - INFO - License saved successfully
2026-07-06 22:06:26 - huginn - INFO - License loaded and validated successfully
2026-07-06 22:06:37 - huginn - INFO - Using default configuration
2026-07-06 22:06:39 - huginn - INFO - Master index schema initialized.
2026-07-06 22:06:39 - huginn - INFO - License saved successfully
2026-07-06 22:06:39 - huginn - INFO - License loaded and validated successfully
2026-07-06 22:06:45 - huginn - INFO - Using default configuration
2026-07-06 22:06:47 - huginn - INFO - Master index schema initialized.
2026-07-06 22:06:47 - huginn - INFO - License saved successfully
2026-07-06 22:06:47 - huginn - INFO - License loaded and validated successfully
2026-07-06 22:07:02 - huginn - INFO - Using default configuration
2026-07-06 22:07:04 - huginn - INFO - Master index schema initialized.
2026-07-06 22:07:04 - huginn - INFO - License saved successfully
2026-07-06 22:07:04 - huginn - INFO - License loaded and validated successfully
2026-07-06 22:07:15 - huginn - INFO - Using default configuration
2026-07-06 22:07:17 - huginn - INFO - Master index schema initialized.
2026-07-06 22:07:17 - huginn - INFO - License saved successfully
2026-07-06 22:07:17 - huginn - INFO - License loaded and validated successfully
2026-07-06 22:09:49 - huginn - INFO - Using default configuration
2026-07-06 22:09:51 - huginn - INFO - Master index schema initialized.
2026-07-06 22:09:51 - huginn - INFO - License saved successfully
2026-07-06 22:09:51 - huginn - INFO - License loaded and validated successfully
2026-07-06 22:09:55 - huginn - INFO - Using default configuration
2026-07-06 22:09:57 - huginn - INFO - Master index schema initialized.
2026-07-06 22:09:58 - huginn - INFO - License saved successfully
2026-07-06 22:09:58 - huginn - INFO - License loaded and validated successfully
2026-07-06 22:10:03 - huginn - INFO - Using default configuration
2026-07-06 22:10:05 - huginn - INFO - Master index schema initialized.
2026-07-06 22:10:05 - huginn - INFO - License saved successfully
2026-07-06 22:10:05 - huginn - INFO - License loaded and validated successfully
2026-07-06 22:10:09 - huginn - INFO - Using default configuration
2026-07-06 22:10:11 - huginn - INFO - Master index schema initialized.
2026-07-06 22:10:12 - huginn - INFO - License saved successfully
2026-07-06 22:10:12 - huginn - INFO - License loaded and validated successfully
2026-07-06 22:10:14 - huginn - INFO - Using default configuration
2026-07-06 22:10:16 - huginn - INFO - Master index schema initialized.
2026-07-06 22:10:17 - huginn - INFO - License saved successfully
2026-07-06 22:10:17 - huginn - INFO - License loaded and validated successfully
2026-07-06 22:10:22 - huginn - INFO - Using default configuration
2026-07-06 22:10:24 - huginn - INFO - Master index schema initialized.
2026-07-06 22:10:24 - huginn - INFO - License saved successfully
2026-07-06 22:10:24 - huginn - INFO - License loaded and validated successfully
2026-07-06 22:10:28 - huginn - INFO - Using default configuration
2026-07-06 22:10:30 - huginn - INFO - Master index schema initialized.
2026-07-06 22:10:30 - huginn - INFO - License saved successfully
2026-07-06 22:10:30 - huginn - INFO - License loaded and validated successfully
2026-07-06 22:10:34 - huginn - INFO - Using default configuration
2026-07-06 22:10:36 - huginn - INFO - Master index schema initialized.
2026-07-06 22:10:36 - huginn - INFO - License saved successfully
2026-07-06 22:10:36 - huginn - INFO - License loaded and validated successfully
2026-07-06 22:10:40 - huginn - INFO - Using default configuration
2026-07-06 22:10:42 - huginn - INFO - Master index schema initialized.
2026-07-06 22:10:42 - huginn - INFO - License saved successfully
2026-07-06 22:10:42 - huginn - INFO - License loaded and validated successfully
2026-07-06 22:10:46 - huginn - INFO - Using default configuration
2026-07-06 22:10:48 - huginn - INFO - Master index schema initialized.
2026-07-06 22:10:48 - huginn - INFO - License saved successfully
2026-07-06 22:10:48 - huginn - INFO - License loaded and validated successfully
2026-07-06 22:10:54 - huginn - INFO - Using default configuration
2026-07-06 22:10:56 - huginn - INFO - Master index schema initialized.
2026-07-06 22:10:57 - huginn - INFO - License saved successfully
2026-07-06 22:10:57 - huginn - INFO - License loaded and validated successfully
2026-07-06 22:11:00 - huginn - INFO - Using default configuration
2026-07-06 22:11:02 - huginn - INFO - Master index schema initialized.
2026-07-06 22:11:02 - huginn - INFO - License saved successfully
2026-07-06 22:11:02 - huginn - INFO - License loaded and validated successfully
2026-07-06 22:11:07 - huginn - INFO - Using default configuration
2026-07-06 22:11:09 - huginn - INFO - Master index schema initialized.
2026-07-06 22:11:10 - huginn - INFO - License saved successfully
2026-07-06 22:11:10 - huginn - INFO - License loaded and validated successfully
2026-07-06 22:11:14 - huginn - INFO - Using default configuration
2026-07-06 22:11:16 - huginn - INFO - Master index schema initialized.
2026-07-06 22:11:16 - huginn - INFO - License saved successfully
2026-07-06 22:11:16 - huginn - INFO - License loaded and validated successfully
2026-07-06 22:11:22 - huginn - INFO - Using default configuration
2026-07-06 22:11:24 - huginn - INFO - Master index schema initialized.
2026-07-06 22:11:24 - huginn - INFO - License saved successfully
2026-07-06 22:11:24 - huginn - INFO - License loaded and validated successfully
2026-07-06 22:11:27 - huginn - INFO - Using default configuration
2026-07-06 22:11:29 - huginn - INFO - Master index schema initialized.
2026-07-06 22:11:29 - huginn - INFO - License saved successfully
2026-07-06 22:11:29 - huginn - INFO - License loaded and validated successfully
2026-07-06 22:11:32 - huginn - INFO - Using default configuration
2026-07-06 22:11:34 - huginn - INFO - Master index schema initialized.
2026-07-06 22:11:35 - huginn - INFO - License saved successfully
2026-07-06 22:11:35 - huginn - INFO - License loaded and validated successfully
2026-07-06 22:11:39 - huginn - INFO - Using default configuration
2026-07-06 22:11:41 - huginn - INFO - Master index schema initialized.
2026-07-06 22:11:41 - huginn - INFO - License saved successfully
2026-07-06 22:11:41 - huginn - INFO - License loaded and validated successfully
2026-07-06 22:11:46 - huginn - INFO - Using default configuration
2026-07-06 22:11:48 - huginn - INFO - Master index schema initialized.
2026-07-06 22:11:48 - huginn - INFO - License saved successfully
2026-07-06 22:11:48 - huginn - INFO - License loaded and validated successfully
2026-07-06 22:11:54 - huginn - INFO - Using default configuration
2026-07-06 22:11:56 - huginn - INFO - Master index schema initialized.
2026-07-06 22:11:56 - huginn - INFO - License saved successfully
2026-07-06 22:11:56 - huginn - INFO - License loaded and validated successfully
2026-07-06 22:11:59 - huginn - INFO - Using default configuration
2026-07-06 22:12:01 - huginn - INFO - Master index schema initialized.
2026-07-06 22:12:02 - huginn - INFO - License saved successfully
2026-07-06 22:12:02 - huginn - INFO - License loaded and validated successfully
2026-07-06 22:12:07 - huginn - INFO - Using default configuration
2026-07-06 22:12:09 - huginn - INFO - Master index schema initialized.
2026-07-06 22:12:09 - huginn - INFO - License saved successfully
2026-07-06 22:12:09 - huginn - INFO - License loaded and validated successfully
2026-07-06 22:12:14 - huginn - INFO - Using default configuration
2026-07-06 22:12:16 - huginn - INFO - Master index schema initialized.
2026-07-06 22:12:16 - huginn - INFO - License saved successfully
2026-07-06 22:12:16 - huginn - INFO - License loaded and validated successfully
2026-07-06 22:12:21 - huginn - INFO - Using default configuration
2026-07-06 22:12:23 - huginn - INFO - Master index schema initialized.
2026-07-06 22:12:23 - huginn - INFO - License saved successfully
2026-07-06 22:12:23 - huginn - INFO - License loaded and validated successfully
2026-07-06 22:12:27 - huginn - INFO - Using default configuration
2026-07-06 22:12:30 - huginn - INFO - Master index schema initialized.
2026-07-06 22:12:30 - huginn - INFO - License saved successfully
2026-07-06 22:12:30 - huginn - INFO - License loaded and validated successfully
2026-07-06 22:12:34 - huginn - INFO - Using default configuration
2026-07-06 22:12:36 - huginn - INFO - Master index schema initialized.
2026-07-06 22:12:36 - huginn - INFO - License saved successfully
2026-07-06 22:12:36 - huginn - INFO - License loaded and validated successfully
2026-07-06 22:12:40 - huginn - INFO - Using default configuration
2026-07-06 22:12:42 - huginn - INFO - Master index schema initialized.
2026-07-06 22:12:42 - huginn - INFO - License saved successfully
2026-07-06 22:12:42 - huginn - INFO - License loaded and validated successfully
2026-07-06 22:12:47 - huginn - INFO - Using default configuration
2026-07-06 22:12:49 - huginn - INFO - Master index schema initialized.
2026-07-06 22:12:49 - huginn - INFO - License saved successfully
2026-07-06 22:12:49 - huginn - INFO - License loaded and validated successfully
2026-07-06 22:12:55 - huginn - INFO - Using default configuration
2026-07-06 22:12:57 - huginn - INFO - Master index schema initialized.
2026-07-06 22:12:58 - huginn - INFO - License saved successfully
2026-07-06 22:12:58 - huginn - INFO - License loaded and validated successfully
2026-07-06 22:13:01 - huginn - INFO - Using default configuration
2026-07-06 22:13:03 - huginn - INFO - Master index schema initialized.
2026-07-06 22:13:04 - huginn - INFO - License saved successfully
2026-07-06 22:13:04 - huginn - INFO - License loaded and validated successfully
2026-07-06 22:13:10 - huginn - INFO - Using default configuration
2026-07-06 22:13:12 - huginn - INFO - Master index schema initialized.
2026-07-06 22:13:12 - huginn - INFO - License saved successfully
2026-07-06 22:13:12 - huginn - INFO - License loaded and validated successfully
2026-07-06 22:13:16 - huginn - INFO - Using default configuration
2026-07-06 22:13:18 - huginn - INFO - Master index schema initialized.
2026-07-06 22:13:18 - huginn - INFO - License saved successfully
2026-07-06 22:13:18 - huginn - INFO - License loaded and validated successfully
2026-07-06 22:13:23 - huginn - INFO - Using default configuration
2026-07-06 22:13:25 - huginn - INFO - Master index schema initialized.
2026-07-06 22:13:25 - huginn - INFO - License saved successfully
2026-07-06 22:13:25 - huginn - INFO - License loaded and validated successfully
2026-07-06 22:13:29 - huginn - INFO - Using default configuration
2026-07-06 22:13:31 - huginn - INFO - Master index schema initialized.
2026-07-06 22:13:31 - huginn - INFO - License saved successfully
2026-07-06 22:13:31 - huginn - INFO - License loaded and validated successfully
2026-07-06 22:13:35 - huginn - INFO - Using default configuration
2026-07-06 22:13:37 - huginn - INFO - Master index schema initialized.
2026-07-06 22:13:37 - huginn - INFO - License saved successfully
2026-07-06 22:13:37 - huginn - INFO - License loaded and validated successfully
2026-07-06 22:13:43 - huginn - INFO - Using default configuration
2026-07-06 22:13:45 - huginn - INFO - Master index schema initialized.
2026-07-06 22:13:45 - huginn - INFO - License saved successfully
2026-07-06 22:13:45 - huginn - INFO - License loaded and validated successfully
2026-07-06 22:13:56 - huginn - INFO - Using default configuration
2026-07-06 22:13:58 - huginn - INFO - Master index schema initialized.
2026-07-06 22:13:58 - huginn - INFO - License saved successfully
2026-07-06 22:13:58 - huginn - INFO - License loaded and validated successfully
2026-07-06 22:14:02 - huginn - INFO - Using default configuration
2026-07-06 22:14:04 - huginn - INFO - Master index schema initialized.
2026-07-06 22:14:04 - huginn - INFO - License saved successfully
2026-07-06 22:14:04 - huginn - INFO - License loaded and validated successfully
2026-07-06 22:14:11 - huginn - INFO - Using default configuration
2026-07-06 22:14:13 - huginn - INFO - Master index schema initialized.
2026-07-06 22:14:13 - huginn - INFO - License saved successfully
2026-07-06 22:14:13 - huginn - INFO - License loaded and validated successfully
2026-07-06 22:14:17 - huginn - INFO - Using default configuration
2026-07-06 22:14:19 - huginn - INFO - Master index schema initialized.
2026-07-06 22:14:20 - huginn - INFO - License saved successfully
2026-07-06 22:14:20 - huginn - INFO - License loaded and validated successfully
2026-07-06 22:14:23 - huginn - INFO - Using default configuration
2026-07-06 22:14:25 - huginn - INFO - Master index schema initialized.
2026-07-06 22:14:25 - huginn - INFO - License saved successfully
2026-07-06 22:14:25 - huginn - INFO - License loaded and validated successfully
2026-07-06 22:14:29 - huginn - INFO - Using default configuration
2026-07-06 22:14:31 - huginn - INFO - Master index schema initialized.
2026-07-06 22:14:31 - huginn - INFO - License saved successfully
2026-07-06 22:14:31 - huginn - INFO - License loaded and validated successfully
2026-07-06 22:14:34 - huginn - INFO - Using default configuration
2026-07-06 22:14:36 - huginn - INFO - Master index schema initialized.
2026-07-06 22:14:36 - huginn - INFO - License saved successfully
2026-07-06 22:14:36 - huginn - INFO - License loaded and validated successfully
2026-07-06 22:14:39 - huginn - INFO - Using default configuration
2026-07-06 22:14:41 - huginn - INFO - Master index schema initialized.
2026-07-06 22:14:41 - huginn - INFO - License saved successfully
2026-07-06 22:14:41 - huginn - INFO - License loaded and validated successfully
2026-07-06 22:14:44 - huginn - INFO - Using default configuration
2026-07-06 22:14:46 - huginn - INFO - Master index schema initialized.
2026-07-06 22:14:47 - huginn - INFO - License saved successfully
2026-07-06 22:14:47 - huginn - INFO - License loaded and validated successfully
2026-07-06 22:14:50 - huginn - INFO - Using default configuration
2026-07-06 22:14:52 - huginn - INFO - Master index schema initialized.
2026-07-06 22:14:52 - huginn - INFO - License saved successfully
2026-07-06 22:14:52 - huginn - INFO - License loaded and validated successfully
2026-07-06 22:15:03 - huginn - INFO - Using default configuration
2026-07-06 22:15:05 - huginn - INFO - Master index schema initialized.
2026-07-06 22:15:06 - huginn - INFO - License saved successfully
2026-07-06 22:15:06 - huginn - INFO - License loaded and validated successfully
2026-07-06 22:15:10 - huginn - INFO - Using default configuration
2026-07-06 22:15:12 - huginn - INFO - Master index schema initialized.
2026-07-06 22:15:12 - huginn - INFO - License saved successfully
2026-07-06 22:15:12 - huginn - INFO - License loaded and validated successfully
2026-07-06 22:15:16 - huginn - INFO - Using default configuration
2026-07-06 22:15:18 - huginn - INFO - Master index schema initialized.
2026-07-06 22:15:18 - huginn - INFO - License saved successfully
2026-07-06 22:15:18 - huginn - INFO - License loaded and validated successfully
2026-07-06 22:15:45 - huginn - INFO - Using default configuration
2026-07-06 22:15:47 - huginn - INFO - Master index schema initialized.
2026-07-06 22:15:47 - huginn - INFO - License saved successfully
2026-07-06 22:15:47 - huginn - INFO - License loaded and validated successfully
2026-07-06 22:15:51 - huginn - INFO - Using default configuration
2026-07-06 22:15:53 - huginn - INFO - Master index schema initialized.
2026-07-06 22:15:53 - huginn - INFO - License saved successfully
2026-07-06 22:15:53 - huginn - INFO - License loaded and validated successfully
2026-07-06 22:15:58 - huginn - INFO - Using default configuration
2026-07-06 22:16:00 - huginn - INFO - Master index schema initialized.
2026-07-06 22:16:00 - huginn - INFO - License saved successfully
2026-07-06 22:16:00 - huginn - INFO - License loaded and validated successfully
2026-07-06 22:16:04 - huginn - INFO - Using default configuration
2026-07-06 22:16:06 - huginn - INFO - Master index schema initialized.
2026-07-06 22:16:06 - huginn - INFO - License saved successfully
2026-07-06 22:16:06 - huginn - INFO - License loaded and validated successfully
2026-07-06 22:16:09 - huginn - INFO - Using default configuration
2026-07-06 22:16:11 - huginn - INFO - Master index schema initialized.
2026-07-06 22:16:11 - huginn - INFO - License saved successfully
2026-07-06 22:16:11 - huginn - INFO - License loaded and validated successfully
2026-07-06 22:16:14 - huginn - INFO - Using default configuration
2026-07-06 22:16:16 - huginn - INFO - Master index schema initialized.
2026-07-06 22:16:17 - huginn - INFO - License saved successfully
2026-07-06 22:16:17 - huginn - INFO - License loaded and validated successfully
2026-07-06 22:16:20 - huginn - INFO - Using default configuration
2026-07-06 22:16:22 - huginn - INFO - Master index schema initialized.
2026-07-06 22:16:22 - huginn - INFO - License saved successfully
2026-07-06 22:16:22 - huginn - INFO - License loaded and validated successfully
2026-07-06 22:16:28 - huginn - INFO - Using default configuration
2026-07-06 22:16:30 - huginn - INFO - Master index schema initialized.
2026-07-06 22:16:31 - huginn - INFO - License saved successfully
2026-07-06 22:16:31 - huginn - INFO - License loaded and validated successfully
2026-07-06 22:16:35 - huginn - INFO - Using default configuration
2026-07-06 22:16:37 - huginn - INFO - Master index schema initialized.
2026-07-06 22:16:37 - huginn - INFO - License saved successfully
2026-07-06 22:16:37 - huginn - INFO - License loaded and validated successfully
2026-07-06 22:16:44 - huginn - INFO - Using default configuration
2026-07-06 22:16:46 - huginn - INFO - Master index schema initialized.
2026-07-06 22:16:46 - huginn - INFO - License saved successfully
2026-07-06 22:16:46 - huginn - INFO - License loaded and validated successfully
2026-07-06 22:17:03 - huginn - INFO - Using default configuration
2026-07-06 22:17:05 - huginn - INFO - Master index schema initialized.
2026-07-06 22:17:06 - huginn - INFO - License saved successfully
2026-07-06 22:17:06 - huginn - INFO - License loaded and validated successfully
2026-07-06 22:17:16 - huginn - INFO - Using default configuration
2026-07-06 22:17:18 - huginn - INFO - Master index schema initialized.
2026-07-06 22:17:19 - huginn - INFO - License saved successfully
2026-07-06 22:17:19 - huginn - INFO - License loaded and validated successfully
2026-07-06 22:17:23 - huginn - INFO - Using default configuration
2026-07-06 22:17:25 - huginn - INFO - Master index schema initialized.
2026-07-06 22:17:25 - huginn - INFO - License saved successfully
2026-07-06 22:17:25 - huginn - INFO - License loaded and validated successfully
2026-07-06 22:17:32 - huginn - INFO - Using default configuration
2026-07-06 22:17:34 - huginn - INFO - Master index schema initialized.
2026-07-06 22:17:34 - huginn - INFO - License saved successfully
2026-07-06 22:17:34 - huginn - INFO - License loaded and validated successfully
2026-07-06 22:17:40 - huginn - INFO - Using default configuration
2026-07-06 22:17:42 - huginn - INFO - Master index schema initialized.
2026-07-06 22:17:42 - huginn - INFO - License saved successfully
2026-07-06 22:17:42 - huginn - INFO - License loaded and validated successfully
2026-07-06 22:17:46 - huginn - INFO - Using default configuration
2026-07-06 22:17:48 - huginn - INFO - Master index schema initialized.
2026-07-06 22:17:49 - huginn - INFO - License saved successfully
2026-07-06 22:17:49 - huginn - INFO - License loaded and validated successfully
2026-07-06 22:17:53 - huginn - INFO - Using default configuration
2026-07-06 22:17:55 - huginn - INFO - Master index schema initialized.
2026-07-06 22:17:55 - huginn - INFO - License saved successfully
2026-07-06 22:17:55 - huginn - INFO - License loaded and validated successfully
2026-07-06 22:18:01 - huginn - INFO - Using default configuration
2026-07-06 22:18:03 - huginn - INFO - Master index schema initialized.
2026-07-06 22:18:03 - huginn - INFO - License saved successfully
2026-07-06 22:18:03 - huginn - INFO - License loaded and validated successfully
2026-07-06 22:18:08 - huginn - INFO - Using default configuration
2026-07-06 22:18:10 - huginn - INFO - Master index schema initialized.
2026-07-06 22:18:11 - huginn - INFO - License saved successfully
2026-07-06 22:18:11 - huginn - INFO - License loaded and validated successfully
2026-07-06 22:18:14 - huginn - INFO - Using default configuration
2026-07-06 22:18:16 - huginn - INFO - Master index schema initialized.
2026-07-06 22:18:16 - huginn - INFO - License saved successfully
2026-07-06 22:18:16 - huginn - INFO - License loaded and validated successfully
2026-07-06 22:18:22 - huginn - INFO - Using default configuration
2026-07-06 22:18:24 - huginn - INFO - Master index schema initialized.
2026-07-06 22:18:25 - huginn - INFO - License saved successfully
2026-07-06 22:18:25 - huginn - INFO - License loaded and validated successfully
2026-07-06 22:18:29 - huginn - INFO - Using default configuration
2026-07-06 22:18:31 - huginn - INFO - Master index schema initialized.
2026-07-06 22:18:32 - huginn - INFO - License saved successfully
2026-07-06 22:18:32 - huginn - INFO - License loaded and validated successfully
2026-07-06 22:18:36 - huginn - INFO - Using default configuration
2026-07-06 22:18:38 - huginn - INFO - Master index schema initialized.
2026-07-06 22:18:38 - huginn - INFO - License saved successfully
2026-07-06 22:18:38 - huginn - INFO - License loaded and validated successfully
2026-07-06 22:19:12 - huginn - INFO - Using default configuration
2026-07-06 22:19:14 - huginn - INFO - Master index schema initialized.
2026-07-06 22:19:14 - huginn - INFO - License saved successfully
2026-07-06 22:19:14 - huginn - INFO - License loaded and validated successfully
2026-07-06 22:19:17 - huginn - INFO - Using default configuration
2026-07-06 22:19:19 - huginn - INFO - Master index schema initialized.
2026-07-06 22:19:19 - huginn - INFO - License saved successfully
2026-07-06 22:19:19 - huginn - INFO - License loaded and validated successfully
2026-07-06 22:19:23 - huginn - INFO - Using default configuration
2026-07-06 22:19:25 - huginn - INFO - Master index schema initialized.
2026-07-06 22:19:25 - huginn - INFO - License saved successfully
2026-07-06 22:19:25 - huginn - INFO - License loaded and validated successfully
2026-07-06 22:19:31 - huginn - INFO - Using default configuration
2026-07-06 22:19:33 - huginn - INFO - Master index schema initialized.
2026-07-06 22:19:33 - huginn - INFO - License saved successfully
2026-07-06 22:19:33 - huginn - INFO - License loaded and validated successfully
2026-07-06 22:19:37 - huginn - INFO - Using default configuration
2026-07-06 22:19:39 - huginn - INFO - Master index schema initialized.
2026-07-06 22:19:39 - huginn - INFO - License saved successfully
2026-07-06 22:19:39 - huginn - INFO - License loaded and validated successfully
2026-07-06 22:19:53 - huginn - INFO - Using default configuration
2026-07-06 22:19:55 - huginn - INFO - Master index schema initialized.
2026-07-06 22:19:55 - huginn - INFO - License saved successfully
2026-07-06 22:19:55 - huginn - INFO - License loaded and validated successfully
2026-07-06 22:20:12 - huginn - INFO - Using default configuration
2026-07-06 22:20:14 - huginn - INFO - Master index schema initialized.
2026-07-06 22:20:14 - huginn - INFO - License saved successfully
2026-07-06 22:20:14 - huginn - INFO - License loaded and validated successfully
2026-07-06 22:20:21 - huginn - INFO - Using default configuration
2026-07-06 22:20:23 - huginn - INFO - Master index schema initialized.
2026-07-06 22:20:23 - huginn - INFO - License saved successfully
2026-07-06 22:20:23 - huginn - INFO - License loaded and validated successfully
2026-07-06 22:20:35 - huginn - INFO - Using default configuration
2026-07-06 22:20:37 - huginn - INFO - Master index schema initialized.
2026-07-06 22:20:37 - huginn - INFO - License saved successfully
2026-07-06 22:20:37 - huginn - INFO - License loaded and validated successfully
2026-07-06 22:20:41 - huginn - INFO - Using default configuration
2026-07-06 22:20:43 - huginn - INFO - Master index schema initialized.
2026-07-06 22:20:43 - huginn - INFO - License saved successfully
2026-07-06 22:20:43 - huginn - INFO - License loaded and validated successfully
2026-07-06 22:20:53 - huginn - INFO - Using default configuration
2026-07-06 22:20:55 - huginn - INFO - Master index schema initialized.
2026-07-06 22:20:55 - huginn - INFO - License saved successfully
2026-07-06 22:20:55 - huginn - INFO - License loaded and validated successfully
2026-07-06 22:20:59 - huginn - INFO - Using default configuration
2026-07-06 22:21:01 - huginn - INFO - Master index schema initialized.
2026-07-06 22:21:01 - huginn - INFO - License saved successfully
2026-07-06 22:21:01 - huginn - INFO - License loaded and validated successfully
2026-07-06 22:21:04 - huginn - INFO - Using default configuration
2026-07-06 22:21:06 - huginn - INFO - Master index schema initialized.
2026-07-06 22:21:07 - huginn - INFO - License saved successfully
2026-07-06 22:21:07 - huginn - INFO - License loaded and validated successfully
2026-07-06 22:21:11 - huginn - INFO - Using default configuration
2026-07-06 22:21:13 - huginn - INFO - Master index schema initialized.
2026-07-06 22:21:13 - huginn - INFO - License saved successfully
2026-07-06 22:21:13 - huginn - INFO - License loaded and validated successfully
2026-07-06 22:21:17 - huginn - INFO - Using default configuration
2026-07-06 22:21:19 - huginn - INFO - Master index schema initialized.
2026-07-06 22:21:19 - huginn - INFO - License saved successfully
2026-07-06 22:21:19 - huginn - INFO - License loaded and validated successfully
2026-07-06 22:21:25 - huginn - INFO - Using default configuration
2026-07-06 22:21:27 - huginn - INFO - Master index schema initialized.
2026-07-06 22:21:27 - huginn - INFO - License saved successfully
2026-07-06 22:21:27 - huginn - INFO - License loaded and validated successfully
2026-07-06 22:21:40 - huginn - INFO - Using default configuration
2026-07-06 22:21:42 - huginn - INFO - Master index schema initialized.
2026-07-06 22:21:42 - huginn - INFO - License saved successfully
2026-07-06 22:21:42 - huginn - INFO - License loaded and validated successfully
2026-07-06 22:22:01 - huginn - INFO - Using default configuration
2026-07-06 22:22:03 - huginn - INFO - Master index schema initialized.
2026-07-06 22:22:04 - huginn - INFO - License saved successfully
2026-07-06 22:22:04 - huginn - INFO - License loaded and validated successfully
2026-07-06 22:22:11 - huginn - INFO - Using default configuration
2026-07-06 22:22:13 - huginn - INFO - Master index schema initialized.
2026-07-06 22:22:13 - huginn - INFO - License saved successfully
2026-07-06 22:22:13 - huginn - INFO - License loaded and validated successfully
2026-07-06 22:22:26 - huginn - INFO - Using default configuration
2026-07-06 22:22:28 - huginn - INFO - Master index schema initialized.
2026-07-06 22:22:28 - huginn - INFO - License saved successfully
2026-07-06 22:22:28 - huginn - INFO - License loaded and validated successfully
2026-07-06 22:22:44 - huginn - INFO - Using default configuration
2026-07-06 22:22:46 - huginn - INFO - Master index schema initialized.
2026-07-06 22:22:46 - huginn - INFO - License saved successfully
2026-07-06 22:22:46 - huginn - INFO - License loaded and validated successfully
2026-07-06 22:23:04 - huginn - INFO - Using default configuration
2026-07-06 22:23:06 - huginn - INFO - Master index schema initialized.
2026-07-06 22:23:06 - huginn - INFO - License saved successfully
2026-07-06 22:23:06 - huginn - INFO - License loaded and validated successfully
2026-07-06 22:23:16 - huginn - INFO - Using default configuration
2026-07-06 22:23:18 - huginn - INFO - Master index schema initialized.
2026-07-06 22:23:18 - huginn - INFO - License saved successfully
2026-07-06 22:23:18 - huginn - INFO - License loaded and validated successfully
2026-07-06 22:23:28 - huginn - INFO - Using default configuration
2026-07-06 22:23:30 - huginn - INFO - Master index schema initialized.
2026-07-06 22:23:30 - huginn - INFO - License saved successfully
2026-07-06 22:23:30 - huginn - INFO - License loaded and validated successfully
2026-07-06 22:23:42 - huginn - INFO - Using default configuration
2026-07-06 22:23:44 - huginn - INFO - Master index schema initialized.
2026-07-06 22:23:44 - huginn - INFO - License saved successfully
2026-07-06 22:23:44 - huginn - INFO - License loaded and validated successfully
2026-07-06 22:23:59 - huginn - INFO - Using default configuration
2026-07-06 22:24:01 - huginn - INFO - Master index schema initialized.
2026-07-06 22:24:01 - huginn - INFO - License saved successfully
2026-07-06 22:24:01 - huginn - INFO - License loaded and validated successfully
2026-07-06 22:24:11 - huginn - INFO - Using default configuration
2026-07-06 22:24:13 - huginn - INFO - Master index schema initialized.
2026-07-06 22:24:14 - huginn - INFO - License saved successfully
2026-07-06 22:24:14 - huginn - INFO - License loaded and validated successfully
2026-07-06 22:24:36 - huginn - INFO - Using default configuration
2026-07-06 22:24:38 - huginn - INFO - Master index schema initialized.
2026-07-06 22:24:38 - huginn - INFO - License saved successfully
2026-07-06 22:24:38 - huginn - INFO - License loaded and validated successfully
2026-07-06 22:24:48 - huginn - INFO - Using default configuration
2026-07-06 22:24:50 - huginn - INFO - Master index schema initialized.
2026-07-06 22:24:50 - huginn - INFO - License saved successfully
2026-07-06 22:24:50 - huginn - INFO - License loaded and validated successfully
2026-07-06 22:25:08 - huginn - INFO - Using default configuration
2026-07-06 22:25:10 - huginn - INFO - Master index schema initialized.
2026-07-06 22:25:10 - huginn - INFO - License saved successfully
2026-07-06 22:25:10 - huginn - INFO - License loaded and validated successfully
2026-07-06 22:25:30 - huginn - INFO - Using default configuration
2026-07-06 22:25:32 - huginn - INFO - Master index schema initialized.
2026-07-06 22:25:33 - huginn - INFO - License saved successfully
2026-07-06 22:25:33 - huginn - INFO - License loaded and validated successfully
2026-07-06 22:25:42 - huginn - INFO - Using default configuration
2026-07-06 22:25:44 - huginn - INFO - Master index schema initialized.
2026-07-06 22:25:45 - huginn - INFO - License saved successfully
2026-07-06 22:25:45 - huginn - INFO - License loaded and validated successfully
