2026-06-18 19:14:31 - huginn - INFO - License saved successfully
2026-06-18 19:14:31 - huginn - INFO - License loaded and validated successfully
2026-06-18 19:14:31 - huginn - INFO - Application starting...
2026-06-18 19:14:31 - huginn - INFO - Huginn version 0.0.0
2026-06-18 19:14:31 - huginn - INFO - Font loaded successfully
2026-06-18 19:14:31 - huginn - INFO - Stylesheet loaded successfully
2026-06-18 19:14:31 - huginn - INFO - Creating main window...
2026-06-18 19:14:31 - huginn - INFO - QThreadPool max threads set to 32 (CPUs: 32)
2026-06-18 19:14:31 - huginn - INFO - Custom font 'Neuropol X' loaded from C:\Users\allie\Coding Projects\huggin_suite\huginn\resources\fonts\neuropol.otf
2026-06-18 19:14:32 - huginn - INFO - Master index schema initialized.
2026-06-18 19:14:33 - huginn - DEBUG - [FeatureGapIntegration] Tenant→Engagement wiring connected.
2026-06-18 19:14:33 - huginn - INFO - [FeatureGapIntegration] All new modules integrated successfully.
2026-06-18 19:14:33 - huginn - INFO - Feature gap integration completed successfully
2026-06-18 19:15:06 - huginn - DEBUG - Memory monitoring stopped
2026-06-18 19:15:06 - huginn - DEBUG - Connection pool closed all sessions
2026-06-18 19:16:57 - huginn - INFO - License saved successfully
2026-06-18 19:16:57 - huginn - INFO - License loaded and validated successfully
2026-06-18 19:16:57 - huginn - INFO - Application starting...
2026-06-18 19:16:57 - huginn - INFO - Huginn version 0.0.0
2026-06-18 19:16:57 - huginn - INFO - Font loaded successfully
2026-06-18 19:16:57 - huginn - INFO - Stylesheet loaded successfully
2026-06-18 19:16:57 - huginn - INFO - Creating main window...
2026-06-18 19:16:57 - huginn - INFO - QThreadPool max threads set to 32 (CPUs: 32)
2026-06-18 19:16:57 - huginn - INFO - Custom font 'Neuropol X' loaded from C:\Users\allie\Coding Projects\huggin_suite\huginn\resources\fonts\neuropol.otf
2026-06-18 19:16:58 - huginn - INFO - Master index schema initialized.
2026-06-18 19:16:58 - huginn - DEBUG - [FeatureGapIntegration] Tenant→Engagement wiring connected.
2026-06-18 19:16:58 - huginn - INFO - [FeatureGapIntegration] All new modules integrated successfully.
2026-06-18 19:16:58 - huginn - INFO - Feature gap integration completed successfully
2026-06-18 20:06:56 - huginn - DEBUG - Memory monitoring stopped
2026-06-18 20:06:56 - huginn - DEBUG - Connection pool closed all sessions
2026-06-18 20:42:43 - huginn - INFO - License saved successfully
2026-06-18 20:42:43 - huginn - INFO - License loaded and validated successfully
2026-06-18 20:42:43 - huginn - INFO - Application starting...
2026-06-18 20:42:43 - huginn - INFO - Huginn version 0.0.0
2026-06-18 20:42:43 - huginn - INFO - Font loaded successfully
2026-06-18 20:42:43 - huginn - INFO - Stylesheet loaded successfully
2026-06-18 20:42:43 - huginn - INFO - Creating main window...
2026-06-18 20:42:43 - huginn - INFO - QThreadPool max threads set to 32 (CPUs: 32)
2026-06-18 20:42:43 - huginn - INFO - Custom font 'Neuropol X' loaded from C:\Users\allie\Coding Projects\huggin_suite\huginn\resources\fonts\neuropol.otf
2026-06-18 20:42:45 - huginn - INFO - Master index schema initialized.
2026-06-18 20:42:45 - huginn - DEBUG - [FeatureGapIntegration] Tenant→Engagement wiring connected.
2026-06-18 20:42:45 - huginn - INFO - [FeatureGapIntegration] All new modules integrated successfully.
2026-06-18 20:42:45 - huginn - INFO - Feature gap integration completed successfully
2026-06-18 20:43:06 - huginn - DEBUG - Memory monitoring stopped
2026-06-18 20:43:06 - huginn - DEBUG - Connection pool closed all sessions
2026-06-18 20:43:40 - huginn - INFO - License saved successfully
2026-06-18 20:43:40 - huginn - INFO - License loaded and validated successfully
2026-06-18 20:43:40 - huginn - INFO - Application starting...
2026-06-18 20:43:40 - huginn - INFO - Huginn version 0.0.0
2026-06-18 20:43:40 - huginn - INFO - Font loaded successfully
2026-06-18 20:43:40 - huginn - INFO - Stylesheet loaded successfully
2026-06-18 20:43:40 - huginn - INFO - Creating main window...
2026-06-18 20:43:40 - huginn - INFO - QThreadPool max threads set to 32 (CPUs: 32)
2026-06-18 20:43:40 - huginn - INFO - Custom font 'Neuropol X' loaded from C:\Users\allie\Coding Projects\huggin_suite\huginn\resources\fonts\neuropol.otf
2026-06-18 20:43:41 - huginn - INFO - Master index schema initialized.
2026-06-18 20:43:41 - huginn - DEBUG - [FeatureGapIntegration] Tenant→Engagement wiring connected.
2026-06-18 20:43:41 - huginn - INFO - [FeatureGapIntegration] All new modules integrated successfully.
2026-06-18 20:43:41 - huginn - INFO - Feature gap integration completed successfully
2026-06-18 20:44:16 - huginn - DEBUG - Memory monitoring stopped
2026-06-18 20:44:16 - huginn - DEBUG - Connection pool closed all sessions
2026-06-18 20:45:16 - huginn - INFO - Using default configuration
2026-06-18 20:45:19 - huginn - INFO - License saved successfully
2026-06-18 20:45:19 - huginn - INFO - License loaded and validated successfully
2026-06-18 20:47:09 - huginn - INFO - License saved successfully
2026-06-18 20:47:09 - huginn - INFO - License loaded and validated successfully
2026-06-18 20:47:09 - huginn - INFO - Application starting...
2026-06-18 20:47:09 - huginn - INFO - Huginn version 0.0.0
2026-06-18 20:47:09 - huginn - INFO - Font loaded successfully
2026-06-18 20:47:09 - huginn - INFO - Stylesheet loaded successfully
2026-06-18 20:47:09 - huginn - INFO - Creating main window...
2026-06-18 20:47:09 - huginn - INFO - QThreadPool max threads set to 32 (CPUs: 32)
2026-06-18 20:47:09 - huginn - INFO - Custom font 'Neuropol X' loaded from C:\Users\allie\Coding Projects\huggin_suite\huginn\resources\fonts\neuropol.otf
2026-06-18 20:47:10 - huginn - INFO - Master index schema initialized.
2026-06-18 20:47:10 - huginn - DEBUG - [FeatureGapIntegration] Tenant→Engagement wiring connected.
2026-06-18 20:47:10 - huginn - INFO - [FeatureGapIntegration] All new modules integrated successfully.
2026-06-18 20:47:10 - huginn - INFO - Feature gap integration completed successfully
2026-06-18 20:49:49 - huginn - DEBUG - Memory monitoring stopped
2026-06-18 20:49:49 - huginn - DEBUG - Connection pool closed all sessions
2026-06-18 20:50:36 - huginn - INFO - License saved successfully
2026-06-18 20:50:36 - huginn - INFO - License loaded and validated successfully
2026-06-18 20:50:36 - huginn - INFO - Application starting...
2026-06-18 20:50:36 - huginn - INFO - Huginn version 0.0.0
2026-06-18 20:50:36 - huginn - INFO - Font loaded successfully
2026-06-18 20:50:36 - huginn - INFO - Stylesheet loaded successfully
2026-06-18 20:50:36 - huginn - INFO - Creating main window...
2026-06-18 20:50:36 - huginn - INFO - QThreadPool max threads set to 32 (CPUs: 32)
2026-06-18 20:50:36 - huginn - INFO - Custom font 'Neuropol X' loaded from C:\Users\allie\Coding Projects\huggin_suite\huginn\resources\fonts\neuropol.otf
2026-06-18 20:50:37 - huginn - INFO - Master index schema initialized.
2026-06-18 20:50:37 - huginn - DEBUG - [FeatureGapIntegration] Tenant→Engagement wiring connected.
2026-06-18 20:50:37 - huginn - INFO - [FeatureGapIntegration] All new modules integrated successfully.
2026-06-18 20:50:37 - huginn - INFO - Feature gap integration completed successfully
2026-06-18 20:50:48 - huginn - DEBUG - Memory monitoring stopped
2026-06-18 20:50:48 - huginn - DEBUG - Connection pool closed all sessions
2026-06-18 20:51:02 - huginn - INFO - License saved successfully
2026-06-18 20:51:02 - huginn - INFO - License loaded and validated successfully
2026-06-18 20:51:02 - huginn - INFO - Application starting...
2026-06-18 20:51:02 - huginn - INFO - Huginn version 0.0.0
2026-06-18 20:51:02 - huginn - INFO - Font loaded successfully
2026-06-18 20:51:02 - huginn - INFO - Stylesheet loaded successfully
2026-06-18 20:51:02 - huginn - INFO - Creating main window...
2026-06-18 20:51:02 - huginn - INFO - QThreadPool max threads set to 32 (CPUs: 32)
2026-06-18 20:51:02 - huginn - INFO - Custom font 'Neuropol X' loaded from C:\Users\allie\Coding Projects\huggin_suite\huginn\resources\fonts\neuropol.otf
2026-06-18 20:51:03 - huginn - INFO - Master index schema initialized.
2026-06-18 20:51:03 - huginn - DEBUG - [FeatureGapIntegration] Tenant→Engagement wiring connected.
2026-06-18 20:51:03 - huginn - INFO - [FeatureGapIntegration] All new modules integrated successfully.
2026-06-18 20:51:03 - huginn - INFO - Feature gap integration completed successfully
2026-06-18 20:51:13 - huginn - DEBUG - Memory monitoring stopped
2026-06-18 20:51:13 - huginn - DEBUG - Connection pool closed all sessions
2026-06-18 20:52:04 - huginn - INFO - License saved successfully
2026-06-18 20:52:04 - huginn - INFO - License loaded and validated successfully
2026-06-18 20:52:04 - huginn - INFO - Application starting...
2026-06-18 20:52:04 - huginn - INFO - Huginn version 0.0.0
2026-06-18 20:52:04 - huginn - INFO - Font loaded successfully
2026-06-18 20:52:04 - huginn - INFO - Stylesheet loaded successfully
2026-06-18 20:52:04 - huginn - INFO - Creating main window...
2026-06-18 20:52:04 - huginn - INFO - QThreadPool max threads set to 32 (CPUs: 32)
2026-06-18 20:52:04 - huginn - INFO - Custom font 'Neuropol X' loaded from C:\Users\allie\Coding Projects\huggin_suite\huginn\resources\fonts\neuropol.otf
2026-06-18 20:52:06 - huginn - INFO - Master index schema initialized.
2026-06-18 20:52:06 - huginn - DEBUG - [FeatureGapIntegration] Tenant→Engagement wiring connected.
2026-06-18 20:52:06 - huginn - INFO - [FeatureGapIntegration] All new modules integrated successfully.
2026-06-18 20:52:06 - huginn - INFO - Feature gap integration completed successfully
2026-06-18 20:53:55 - huginn - INFO - Using default configuration
2026-06-18 20:53:57 - huginn - INFO - License saved successfully
2026-06-18 20:53:57 - huginn - INFO - License loaded and validated successfully
2026-06-18 20:56:26 - huginn - DEBUG - Memory monitoring stopped
2026-06-18 20:56:26 - huginn - DEBUG - Connection pool closed all sessions
2026-06-18 20:56:34 - huginn - INFO - License saved successfully
2026-06-18 20:56:34 - huginn - INFO - License loaded and validated successfully
2026-06-18 20:56:34 - huginn - INFO - Application starting...
2026-06-18 20:56:34 - huginn - INFO - Huginn version 0.0.0
2026-06-18 20:56:34 - huginn - INFO - Font loaded successfully
2026-06-18 20:56:34 - huginn - INFO - Stylesheet loaded successfully
2026-06-18 20:56:34 - huginn - INFO - Creating main window...
2026-06-18 20:56:34 - huginn - INFO - QThreadPool max threads set to 32 (CPUs: 32)
2026-06-18 20:56:34 - huginn - INFO - Custom font 'Neuropol X' loaded from C:\Users\allie\Coding Projects\huggin_suite\huginn\resources\fonts\neuropol.otf
2026-06-18 20:56:35 - huginn - INFO - Master index schema initialized.
2026-06-18 20:56:35 - huginn - DEBUG - [FeatureGapIntegration] Tenant→Engagement wiring connected.
2026-06-18 20:56:35 - huginn - INFO - [FeatureGapIntegration] All new modules integrated successfully.
2026-06-18 20:56:35 - huginn - INFO - Feature gap integration completed successfully
2026-06-18 20:56:46 - huginn - DEBUG - Memory monitoring stopped
2026-06-18 20:56:46 - huginn - DEBUG - Connection pool closed all sessions
2026-06-18 20:58:56 - huginn - INFO - Using default configuration
2026-06-18 20:58:59 - huginn - INFO - License saved successfully
2026-06-18 20:58:59 - huginn - INFO - License loaded and validated successfully
