2026-07-08 07:59:42 - huginn - INFO - Using default configuration
2026-07-08 07:59:44 - huginn - INFO - Master index schema initialized.
2026-07-08 07:59:45 - huginn - INFO - License saved successfully
2026-07-08 07:59:45 - huginn - INFO - License loaded and validated successfully
2026-07-08 08:00:01 - huginn - INFO - Using default configuration
2026-07-08 08:00:03 - huginn - INFO - Master index schema initialized.
2026-07-08 08:00:03 - huginn - INFO - License saved successfully
2026-07-08 08:00:03 - huginn - INFO - License loaded and validated successfully
2026-07-08 08:00:22 - huginn - INFO - Using default configuration
2026-07-08 08:00:24 - huginn - INFO - Master index schema initialized.
2026-07-08 08:00:24 - huginn - INFO - License saved successfully
2026-07-08 08:00:24 - huginn - INFO - License loaded and validated successfully
2026-07-08 08:00:36 - huginn - INFO - Using default configuration
2026-07-08 08:00:38 - huginn - INFO - Master index schema initialized.
2026-07-08 08:00:38 - huginn - INFO - License saved successfully
2026-07-08 08:00:38 - huginn - INFO - License loaded and validated successfully
2026-07-08 08:01:07 - huginn - INFO - Using default configuration
2026-07-08 08:01:09 - huginn - INFO - Master index schema initialized.
2026-07-08 08:01:09 - huginn - INFO - License saved successfully
2026-07-08 08:01:09 - huginn - INFO - License loaded and validated successfully
2026-07-08 08:01:27 - huginn - INFO - Using default configuration
2026-07-08 08:01:29 - huginn - INFO - Master index schema initialized.
2026-07-08 08:01:30 - huginn - INFO - License saved successfully
2026-07-08 08:01:30 - huginn - INFO - License loaded and validated successfully
2026-07-08 08:01:44 - huginn - INFO - Using default configuration
2026-07-08 08:01:46 - huginn - INFO - Master index schema initialized.
2026-07-08 08:01:47 - huginn - INFO - License saved successfully
2026-07-08 08:01:47 - huginn - INFO - License loaded and validated successfully
2026-07-08 08:02:08 - huginn - INFO - Using default configuration
2026-07-08 08:02:10 - huginn - INFO - Master index schema initialized.
2026-07-08 08:02:10 - huginn - INFO - License saved successfully
2026-07-08 08:02:10 - huginn - INFO - License loaded and validated successfully
2026-07-08 08:02:33 - huginn - INFO - Using default configuration
2026-07-08 08:02:36 - huginn - INFO - Master index schema initialized.
2026-07-08 08:02:36 - huginn - INFO - License saved successfully
2026-07-08 08:02:36 - huginn - INFO - License loaded and validated successfully
2026-07-08 08:02:54 - huginn - INFO - Using default configuration
2026-07-08 08:02:56 - huginn - INFO - Master index schema initialized.
2026-07-08 08:02:56 - huginn - INFO - License saved successfully
2026-07-08 08:02:56 - huginn - INFO - License loaded and validated successfully
2026-07-08 08:03:23 - huginn - INFO - Using default configuration
2026-07-08 08:03:25 - huginn - INFO - Master index schema initialized.
2026-07-08 08:03:25 - huginn - INFO - License saved successfully
2026-07-08 08:03:25 - huginn - INFO - License loaded and validated successfully
2026-07-08 08:03:32 - huginn - INFO - Using default configuration
2026-07-08 08:03:34 - huginn - INFO - Master index schema initialized.
2026-07-08 08:03:34 - huginn - INFO - License saved successfully
2026-07-08 08:03:34 - huginn - INFO - License loaded and validated successfully
2026-07-08 08:04:00 - huginn - INFO - Using default configuration
2026-07-08 08:04:02 - huginn - INFO - Master index schema initialized.
2026-07-08 08:04:03 - huginn - INFO - License saved successfully
2026-07-08 08:04:03 - huginn - INFO - License loaded and validated successfully
2026-07-08 08:04:36 - huginn - INFO - Using default configuration
2026-07-08 08:04:38 - huginn - INFO - Master index schema initialized.
2026-07-08 08:04:39 - huginn - INFO - License saved successfully
2026-07-08 08:04:39 - huginn - INFO - License loaded and validated successfully
2026-07-08 17:45:06 - huginn - INFO - License saved successfully
2026-07-08 17:45:06 - huginn - INFO - License loaded and validated successfully
2026-07-08 17:45:07 - huginn - INFO - Application starting...
2026-07-08 17:45:07 - huginn - INFO - Huginn version 0.0.0
2026-07-08 17:45:07 - huginn - INFO - Font loaded successfully
2026-07-08 17:45:07 - huginn - INFO - Stylesheet loaded successfully
2026-07-08 17:45:07 - huginn - INFO - Creating main window...
2026-07-08 17:45:07 - huginn - INFO - QThreadPool max threads set to 32 (CPUs: 32)
2026-07-08 17:45:07 - huginn - INFO - Custom font 'Neuropol X' loaded from C:\Users\allie\Coding Projects\huggin_suite\huginn\resources\fonts\neuropol.otf
2026-07-08 17:45:08 - huginn - INFO - Master index schema initialized.
2026-07-08 17:45:08 - huginn - DEBUG - [FeatureGapIntegration] Tenant→Engagement wiring connected.
2026-07-08 17:45:08 - huginn - INFO - [FeatureGapIntegration] All new modules integrated successfully.
2026-07-08 17:45:08 - huginn - INFO - Feature gap integration completed successfully
2026-07-08 17:45:20 - huginn - DEBUG - Session token generated
2026-07-08 17:46:36 - huginn - DEBUG - Memory monitoring stopped
2026-07-08 17:46:36 - huginn - DEBUG - Connection pool closed all sessions
2026-07-08 17:47:12 - huginn - INFO - Using default configuration
2026-07-08 17:47:14 - huginn - INFO - Master index schema initialized.
2026-07-08 17:47:14 - huginn - INFO - License saved successfully
2026-07-08 17:47:14 - huginn - INFO - License loaded and validated successfully
2026-07-08 17:48:07 - huginn - INFO - License saved successfully
2026-07-08 17:48:07 - huginn - INFO - License loaded and validated successfully
2026-07-08 17:48:07 - huginn - INFO - Application starting...
2026-07-08 17:48:07 - huginn - INFO - Huginn version 0.0.0
2026-07-08 17:48:07 - huginn - INFO - Font loaded successfully
2026-07-08 17:48:07 - huginn - INFO - Stylesheet loaded successfully
2026-07-08 17:48:07 - huginn - INFO - Creating main window...
2026-07-08 17:48:07 - huginn - INFO - QThreadPool max threads set to 32 (CPUs: 32)
2026-07-08 17:48:07 - huginn - INFO - Custom font 'Neuropol X' loaded from C:\Users\allie\Coding Projects\huggin_suite\huginn\resources\fonts\neuropol.otf
2026-07-08 17:48:08 - huginn - INFO - Master index schema initialized.
2026-07-08 17:48:08 - huginn - DEBUG - [FeatureGapIntegration] Tenant→Engagement wiring connected.
2026-07-08 17:48:08 - huginn - INFO - [FeatureGapIntegration] All new modules integrated successfully.
2026-07-08 17:48:08 - huginn - INFO - Feature gap integration completed successfully
2026-07-08 17:48:16 - huginn - DEBUG - Session token generated
2026-07-08 17:49:53 - huginn - INFO - Using default configuration
2026-07-08 17:49:57 - huginn - INFO - Master index schema initialized.
2026-07-08 17:49:57 - huginn - INFO - License saved successfully
2026-07-08 17:49:57 - huginn - INFO - License loaded and validated successfully
2026-07-08 17:50:01 - huginn - INFO - Using default configuration
2026-07-08 17:50:03 - huginn - INFO - Master index schema initialized.
2026-07-08 17:50:03 - huginn - INFO - License saved successfully
2026-07-08 17:50:03 - huginn - INFO - License loaded and validated successfully
2026-07-08 17:51:47 - huginn - DEBUG - Memory monitoring stopped
2026-07-08 17:51:47 - huginn - DEBUG - Connection pool closed all sessions
2026-07-08 17:51:49 - huginn - INFO - License saved successfully
2026-07-08 17:51:49 - huginn - INFO - License loaded and validated successfully
2026-07-08 17:51:49 - huginn - INFO - Application starting...
2026-07-08 17:51:49 - huginn - INFO - Huginn version 0.0.0
2026-07-08 17:51:49 - huginn - INFO - Font loaded successfully
2026-07-08 17:51:49 - huginn - INFO - Stylesheet loaded successfully
2026-07-08 17:51:49 - huginn - INFO - Creating main window...
2026-07-08 17:51:49 - huginn - INFO - QThreadPool max threads set to 32 (CPUs: 32)
2026-07-08 17:51:49 - huginn - INFO - Custom font 'Neuropol X' loaded from C:\Users\allie\Coding Projects\huggin_suite\huginn\resources\fonts\neuropol.otf
2026-07-08 17:51:50 - huginn - INFO - Master index schema initialized.
2026-07-08 17:51:51 - huginn - DEBUG - [FeatureGapIntegration] Tenant→Engagement wiring connected.
2026-07-08 17:51:51 - huginn - INFO - [FeatureGapIntegration] All new modules integrated successfully.
2026-07-08 17:51:51 - huginn - INFO - Feature gap integration completed successfully
2026-07-08 17:53:30 - huginn - DEBUG - Memory monitoring stopped
2026-07-08 17:53:30 - huginn - DEBUG - Connection pool closed all sessions
2026-07-08 17:53:42 - huginn - INFO - Using default configuration
2026-07-08 17:53:44 - huginn - INFO - Master index schema initialized.
2026-07-08 17:53:45 - huginn - INFO - License saved successfully
2026-07-08 17:53:45 - huginn - INFO - License loaded and validated successfully
2026-07-08 17:54:20 - huginn - INFO - License saved successfully
2026-07-08 17:54:20 - huginn - INFO - License loaded and validated successfully
2026-07-08 17:54:20 - huginn - INFO - Application starting...
2026-07-08 17:54:20 - huginn - INFO - Huginn version 0.0.0
2026-07-08 17:54:20 - huginn - INFO - Font loaded successfully
2026-07-08 17:54:20 - huginn - INFO - Stylesheet loaded successfully
2026-07-08 17:54:20 - huginn - INFO - Creating main window...
2026-07-08 17:54:20 - huginn - INFO - QThreadPool max threads set to 32 (CPUs: 32)
2026-07-08 17:54:20 - huginn - INFO - Custom font 'Neuropol X' loaded from C:\Users\allie\Coding Projects\huggin_suite\huginn\resources\fonts\neuropol.otf
2026-07-08 17:54:21 - huginn - INFO - Master index schema initialized.
2026-07-08 17:54:21 - huginn - DEBUG - [FeatureGapIntegration] Tenant→Engagement wiring connected.
2026-07-08 17:54:21 - huginn - INFO - [FeatureGapIntegration] All new modules integrated successfully.
2026-07-08 17:54:21 - huginn - INFO - Feature gap integration completed successfully
2026-07-08 19:51:02 - huginn - INFO - Using default configuration
2026-07-08 19:51:04 - huginn - INFO - Master index schema initialized.
2026-07-08 19:51:04 - huginn - INFO - License saved successfully
2026-07-08 19:51:04 - huginn - INFO - License loaded and validated successfully
2026-07-08 19:51:48 - huginn - DEBUG - Memory monitoring stopped
2026-07-08 19:51:48 - huginn - DEBUG - Connection pool closed all sessions
2026-07-08 19:52:14 - huginn - INFO - Using default configuration
2026-07-08 19:52:16 - huginn - INFO - Master index schema initialized.
2026-07-08 19:52:16 - huginn - INFO - License saved successfully
2026-07-08 19:52:16 - huginn - INFO - License loaded and validated successfully
2026-07-08 19:53:01 - huginn - INFO - License saved successfully
2026-07-08 19:53:01 - huginn - INFO - License loaded and validated successfully
2026-07-08 19:53:01 - huginn - INFO - Application starting...
2026-07-08 19:53:01 - huginn - INFO - Huginn version 0.0.0
2026-07-08 19:53:01 - huginn - INFO - Font loaded successfully
2026-07-08 19:53:01 - huginn - INFO - Stylesheet loaded successfully
2026-07-08 19:53:01 - huginn - INFO - Creating main window...
2026-07-08 19:53:01 - huginn - INFO - QThreadPool max threads set to 32 (CPUs: 32)
2026-07-08 19:53:01 - huginn - INFO - Custom font 'Neuropol X' loaded from C:\Users\allie\Coding Projects\huggin_suite\huginn\resources\fonts\neuropol.otf
2026-07-08 19:53:02 - huginn - INFO - Master index schema initialized.
2026-07-08 19:53:02 - huginn - DEBUG - [FeatureGapIntegration] Tenant→Engagement wiring connected.
2026-07-08 19:53:02 - huginn - INFO - [FeatureGapIntegration] All new modules integrated successfully.
2026-07-08 19:53:02 - huginn - INFO - Feature gap integration completed successfully
2026-07-08 19:55:45 - huginn - DEBUG - Memory monitoring stopped
2026-07-08 19:55:45 - huginn - DEBUG - Connection pool closed all sessions
2026-07-08 19:56:35 - huginn - INFO - License saved successfully
2026-07-08 19:56:35 - huginn - INFO - License loaded and validated successfully
2026-07-08 19:56:35 - huginn - INFO - Application starting...
2026-07-08 19:56:35 - huginn - INFO - Huginn version 0.0.0
2026-07-08 19:56:35 - huginn - INFO - Font loaded successfully
2026-07-08 19:56:35 - huginn - INFO - Stylesheet loaded successfully
2026-07-08 19:56:35 - huginn - INFO - Creating main window...
2026-07-08 19:56:35 - huginn - INFO - QThreadPool max threads set to 32 (CPUs: 32)
2026-07-08 19:56:35 - huginn - INFO - Custom font 'Neuropol X' loaded from C:\Users\allie\Coding Projects\huggin_suite\huginn\resources\fonts\neuropol.otf
2026-07-08 19:56:36 - huginn - INFO - Master index schema initialized.
2026-07-08 19:56:36 - huginn - DEBUG - [FeatureGapIntegration] Tenant→Engagement wiring connected.
2026-07-08 19:56:36 - huginn - INFO - [FeatureGapIntegration] All new modules integrated successfully.
2026-07-08 19:56:36 - huginn - INFO - Feature gap integration completed successfully
2026-07-08 19:58:49 - huginn - DEBUG - Suppressed exception
Traceback (most recent call last):
  File "C:\Users\allie\Coding Projects\huggin_suite\huginn\app\core\asset_manager.py", line 729, in _resolve_hostname_to_ip
    ip = socket.gethostbyname(identifier)
socket.gaierror: [Errno 11001] getaddrinfo failed
2026-07-08 19:58:49 - huginn - DEBUG - Suppressed exception
Traceback (most recent call last):
  File "C:\Users\allie\Coding Projects\huggin_suite\huginn\app\core\asset_manager.py", line 729, in _resolve_hostname_to_ip
    ip = socket.gethostbyname(identifier)
socket.gaierror: [Errno 11001] getaddrinfo failed
2026-07-08 19:58:49 - huginn - DEBUG - Suppressed exception
Traceback (most recent call last):
  File "C:\Users\allie\Coding Projects\huggin_suite\huginn\app\core\asset_manager.py", line 729, in _resolve_hostname_to_ip
    ip = socket.gethostbyname(identifier)
socket.gaierror: [Errno 11001] getaddrinfo failed
2026-07-08 19:58:49 - huginn - DEBUG - Suppressed exception
Traceback (most recent call last):
  File "C:\Users\allie\Coding Projects\huggin_suite\huginn\app\core\asset_manager.py", line 729, in _resolve_hostname_to_ip
    ip = socket.gethostbyname(identifier)
socket.gaierror: [Errno 11001] getaddrinfo failed
2026-07-08 19:58:49 - huginn - DEBUG - Suppressed exception
Traceback (most recent call last):
  File "C:\Users\allie\Coding Projects\huggin_suite\huginn\app\core\asset_manager.py", line 729, in _resolve_hostname_to_ip
    ip = socket.gethostbyname(identifier)
socket.gaierror: [Errno 11001] getaddrinfo failed
2026-07-08 19:58:49 - huginn - DEBUG - Suppressed exception
Traceback (most recent call last):
  File "C:\Users\allie\Coding Projects\huggin_suite\huginn\app\core\asset_manager.py", line 729, in _resolve_hostname_to_ip
    ip = socket.gethostbyname(identifier)
socket.gaierror: [Errno 11001] getaddrinfo failed
2026-07-08 19:58:49 - huginn - DEBUG - Suppressed exception
Traceback (most recent call last):
  File "C:\Users\allie\Coding Projects\huggin_suite\huginn\app\core\asset_manager.py", line 729, in _resolve_hostname_to_ip
    ip = socket.gethostbyname(identifier)
socket.gaierror: [Errno 11001] getaddrinfo failed
2026-07-08 19:58:49 - huginn - DEBUG - Suppressed exception
Traceback (most recent call last):
  File "C:\Users\allie\Coding Projects\huggin_suite\huginn\app\core\asset_manager.py", line 729, in _resolve_hostname_to_ip
    ip = socket.gethostbyname(identifier)
socket.gaierror: [Errno 11001] getaddrinfo failed
2026-07-08 19:58:50 - huginn - DEBUG - Suppressed exception
Traceback (most recent call last):
  File "C:\Users\allie\Coding Projects\huggin_suite\huginn\app\core\asset_manager.py", line 729, in _resolve_hostname_to_ip
    ip = socket.gethostbyname(identifier)
socket.gaierror: [Errno 11001] getaddrinfo failed
2026-07-08 19:58:50 - huginn - DEBUG - Suppressed exception
Traceback (most recent call last):
  File "C:\Users\allie\Coding Projects\huggin_suite\huginn\app\core\asset_manager.py", line 729, in _resolve_hostname_to_ip
    ip = socket.gethostbyname(identifier)
socket.gaierror: [Errno 11001] getaddrinfo failed
2026-07-08 19:58:50 - huginn - DEBUG - Suppressed exception
Traceback (most recent call last):
  File "C:\Users\allie\Coding Projects\huggin_suite\huginn\app\core\asset_manager.py", line 729, in _resolve_hostname_to_ip
    ip = socket.gethostbyname(identifier)
socket.gaierror: [Errno 11001] getaddrinfo failed
2026-07-08 19:58:50 - huginn - DEBUG - Suppressed exception
Traceback (most recent call last):
  File "C:\Users\allie\Coding Projects\huggin_suite\huginn\app\core\asset_manager.py", line 729, in _resolve_hostname_to_ip
    ip = socket.gethostbyname(identifier)
socket.gaierror: [Errno 11001] getaddrinfo failed
2026-07-08 19:58:50 - huginn - DEBUG - Suppressed exception
Traceback (most recent call last):
  File "C:\Users\allie\Coding Projects\huggin_suite\huginn\app\core\asset_manager.py", line 729, in _resolve_hostname_to_ip
    ip = socket.gethostbyname(identifier)
socket.gaierror: [Errno 11001] getaddrinfo failed
2026-07-08 19:58:50 - huginn - DEBUG - Suppressed exception
Traceback (most recent call last):
  File "C:\Users\allie\Coding Projects\huggin_suite\huginn\app\core\asset_manager.py", line 729, in _resolve_hostname_to_ip
    ip = socket.gethostbyname(identifier)
socket.gaierror: [Errno 11001] getaddrinfo failed
2026-07-08 19:58:50 - huginn - DEBUG - Suppressed exception
Traceback (most recent call last):
  File "C:\Users\allie\Coding Projects\huggin_suite\huginn\app\core\asset_manager.py", line 729, in _resolve_hostname_to_ip
    ip = socket.gethostbyname(identifier)
socket.gaierror: [Errno 11001] getaddrinfo failed
2026-07-08 19:58:50 - huginn - DEBUG - Suppressed exception
Traceback (most recent call last):
  File "C:\Users\allie\Coding Projects\huggin_suite\huginn\app\core\asset_manager.py", line 729, in _resolve_hostname_to_ip
    ip = socket.gethostbyname(identifier)
socket.gaierror: [Errno 11001] getaddrinfo failed
2026-07-08 19:58:50 - huginn - DEBUG - Suppressed exception
Traceback (most recent call last):
  File "C:\Users\allie\Coding Projects\huggin_suite\huginn\app\core\asset_manager.py", line 729, in _resolve_hostname_to_ip
    ip = socket.gethostbyname(identifier)
socket.gaierror: [Errno 11001] getaddrinfo failed
2026-07-08 19:58:50 - huginn - DEBUG - Suppressed exception
Traceback (most recent call last):
  File "C:\Users\allie\Coding Projects\huggin_suite\huginn\app\core\asset_manager.py", line 729, in _resolve_hostname_to_ip
    ip = socket.gethostbyname(identifier)
socket.gaierror: [Errno 11001] getaddrinfo failed
2026-07-08 19:58:50 - huginn - DEBUG - Suppressed exception
Traceback (most recent call last):
  File "C:\Users\allie\Coding Projects\huggin_suite\huginn\app\core\asset_manager.py", line 729, in _resolve_hostname_to_ip
    ip = socket.gethostbyname(identifier)
socket.gaierror: [Errno 11001] getaddrinfo failed
2026-07-08 19:58:50 - huginn - DEBUG - Suppressed exception
Traceback (most recent call last):
  File "C:\Users\allie\Coding Projects\huggin_suite\huginn\app\core\asset_manager.py", line 729, in _resolve_hostname_to_ip
    ip = socket.gethostbyname(identifier)
socket.gaierror: [Errno 11001] getaddrinfo failed
2026-07-08 19:58:50 - huginn - DEBUG - Suppressed exception
Traceback (most recent call last):
  File "C:\Users\allie\Coding Projects\huggin_suite\huginn\app\core\asset_manager.py", line 729, in _resolve_hostname_to_ip
    ip = socket.gethostbyname(identifier)
socket.gaierror: [Errno 11001] getaddrinfo failed
2026-07-08 19:58:50 - huginn - DEBUG - Suppressed exception
Traceback (most recent call last):
  File "C:\Users\allie\Coding Projects\huggin_suite\huginn\app\core\asset_manager.py", line 729, in _resolve_hostname_to_ip
    ip = socket.gethostbyname(identifier)
socket.gaierror: [Errno 11001] getaddrinfo failed
2026-07-08 19:58:50 - huginn - DEBUG - Suppressed exception
Traceback (most recent call last):
  File "C:\Users\allie\Coding Projects\huggin_suite\huginn\app\core\asset_manager.py", line 729, in _resolve_hostname_to_ip
    ip = socket.gethostbyname(identifier)
socket.gaierror: [Errno 11001] getaddrinfo failed
2026-07-08 19:58:50 - huginn - DEBUG - Suppressed exception
Traceback (most recent call last):
  File "C:\Users\allie\Coding Projects\huggin_suite\huginn\app\core\asset_manager.py", line 729, in _resolve_hostname_to_ip
    ip = socket.gethostbyname(identifier)
socket.gaierror: [Errno 11001] getaddrinfo failed
2026-07-08 19:58:50 - huginn - DEBUG - Suppressed exception
Traceback (most recent call last):
  File "C:\Users\allie\Coding Projects\huggin_suite\huginn\app\core\asset_manager.py", line 729, in _resolve_hostname_to_ip
    ip = socket.gethostbyname(identifier)
socket.gaierror: [Errno 11001] getaddrinfo failed
2026-07-08 19:58:50 - huginn - DEBUG - Suppressed exception
Traceback (most recent call last):
  File "C:\Users\allie\Coding Projects\huggin_suite\huginn\app\core\asset_manager.py", line 729, in _resolve_hostname_to_ip
    ip = socket.gethostbyname(identifier)
socket.gaierror: [Errno 11001] getaddrinfo failed
2026-07-08 19:58:50 - huginn - DEBUG - Suppressed exception
Traceback (most recent call last):
  File "C:\Users\allie\Coding Projects\huggin_suite\huginn\app\core\asset_manager.py", line 729, in _resolve_hostname_to_ip
    ip = socket.gethostbyname(identifier)
socket.gaierror: [Errno 11001] getaddrinfo failed
2026-07-08 19:58:50 - huginn - DEBUG - Suppressed exception
Traceback (most recent call last):
  File "C:\Users\allie\Coding Projects\huggin_suite\huginn\app\core\asset_manager.py", line 729, in _resolve_hostname_to_ip
    ip = socket.gethostbyname(identifier)
socket.gaierror: [Errno 11001] getaddrinfo failed
2026-07-08 19:58:50 - huginn - DEBUG - Suppressed exception
Traceback (most recent call last):
  File "C:\Users\allie\Coding Projects\huggin_suite\huginn\app\core\asset_manager.py", line 729, in _resolve_hostname_to_ip
    ip = socket.gethostbyname(identifier)
socket.gaierror: [Errno 11001] getaddrinfo failed
2026-07-08 19:58:50 - huginn - DEBUG - Suppressed exception
Traceback (most recent call last):
  File "C:\Users\allie\Coding Projects\huggin_suite\huginn\app\core\asset_manager.py", line 729, in _resolve_hostname_to_ip
    ip = socket.gethostbyname(identifier)
socket.gaierror: [Errno 11001] getaddrinfo failed
2026-07-08 19:58:50 - huginn - DEBUG - Suppressed exception
Traceback (most recent call last):
  File "C:\Users\allie\Coding Projects\huggin_suite\huginn\app\core\asset_manager.py", line 729, in _resolve_hostname_to_ip
    ip = socket.gethostbyname(identifier)
socket.gaierror: [Errno 11001] getaddrinfo failed
2026-07-08 19:58:50 - huginn - DEBUG - Suppressed exception
Traceback (most recent call last):
  File "C:\Users\allie\Coding Projects\huggin_suite\huginn\app\core\asset_manager.py", line 729, in _resolve_hostname_to_ip
    ip = socket.gethostbyname(identifier)
socket.gaierror: [Errno 11001] getaddrinfo failed
2026-07-08 19:58:50 - huginn - DEBUG - Suppressed exception
Traceback (most recent call last):
  File "C:\Users\allie\Coding Projects\huggin_suite\huginn\app\core\asset_manager.py", line 729, in _resolve_hostname_to_ip
    ip = socket.gethostbyname(identifier)
socket.gaierror: [Errno 11001] getaddrinfo failed
2026-07-08 19:58:50 - huginn - DEBUG - Suppressed exception
Traceback (most recent call last):
  File "C:\Users\allie\Coding Projects\huggin_suite\huginn\app\core\asset_manager.py", line 729, in _resolve_hostname_to_ip
    ip = socket.gethostbyname(identifier)
socket.gaierror: [Errno 11001] getaddrinfo failed
2026-07-08 19:58:50 - huginn - DEBUG - Suppressed exception
Traceback (most recent call last):
  File "C:\Users\allie\Coding Projects\huggin_suite\huginn\app\core\asset_manager.py", line 729, in _resolve_hostname_to_ip
    ip = socket.gethostbyname(identifier)
socket.gaierror: [Errno 11001] getaddrinfo failed
2026-07-08 19:58:50 - huginn - DEBUG - Suppressed exception
Traceback (most recent call last):
  File "C:\Users\allie\Coding Projects\huggin_suite\huginn\app\core\asset_manager.py", line 729, in _resolve_hostname_to_ip
    ip = socket.gethostbyname(identifier)
socket.gaierror: [Errno 11001] getaddrinfo failed
2026-07-08 19:58:50 - huginn - DEBUG - Suppressed exception
Traceback (most recent call last):
  File "C:\Users\allie\Coding Projects\huggin_suite\huginn\app\core\asset_manager.py", line 729, in _resolve_hostname_to_ip
    ip = socket.gethostbyname(identifier)
socket.gaierror: [Errno 11001] getaddrinfo failed
2026-07-08 19:58:50 - huginn - DEBUG - Suppressed exception
Traceback (most recent call last):
  File "C:\Users\allie\Coding Projects\huggin_suite\huginn\app\core\asset_manager.py", line 729, in _resolve_hostname_to_ip
    ip = socket.gethostbyname(identifier)
socket.gaierror: [Errno 11001] getaddrinfo failed
2026-07-08 19:58:50 - huginn - DEBUG - Suppressed exception
Traceback (most recent call last):
  File "C:\Users\allie\Coding Projects\huggin_suite\huginn\app\core\asset_manager.py", line 729, in _resolve_hostname_to_ip
    ip = socket.gethostbyname(identifier)
socket.gaierror: [Errno 11001] getaddrinfo failed
2026-07-08 19:58:50 - huginn - DEBUG - Suppressed exception
Traceback (most recent call last):
  File "C:\Users\allie\Coding Projects\huggin_suite\huginn\app\core\asset_manager.py", line 729, in _resolve_hostname_to_ip
    ip = socket.gethostbyname(identifier)
socket.gaierror: [Errno 11001] getaddrinfo failed
2026-07-08 19:58:50 - huginn - DEBUG - Suppressed exception
Traceback (most recent call last):
  File "C:\Users\allie\Coding Projects\huggin_suite\huginn\app\core\asset_manager.py", line 729, in _resolve_hostname_to_ip
    ip = socket.gethostbyname(identifier)
socket.gaierror: [Errno 11001] getaddrinfo failed
2026-07-08 19:58:51 - huginn - DEBUG - Suppressed exception
Traceback (most recent call last):
  File "C:\Users\allie\Coding Projects\huggin_suite\huginn\app\core\asset_manager.py", line 729, in _resolve_hostname_to_ip
    ip = socket.gethostbyname(identifier)
socket.gaierror: [Errno 11001] getaddrinfo failed
2026-07-08 19:58:51 - huginn - DEBUG - Suppressed exception
Traceback (most recent call last):
  File "C:\Users\allie\Coding Projects\huggin_suite\huginn\app\core\asset_manager.py", line 729, in _resolve_hostname_to_ip
    ip = socket.gethostbyname(identifier)
socket.gaierror: [Errno 11001] getaddrinfo failed
2026-07-08 19:58:51 - huginn - DEBUG - Suppressed exception
Traceback (most recent call last):
  File "C:\Users\allie\Coding Projects\huggin_suite\huginn\app\core\asset_manager.py", line 729, in _resolve_hostname_to_ip
    ip = socket.gethostbyname(identifier)
socket.gaierror: [Errno 11001] getaddrinfo failed
2026-07-08 19:58:51 - huginn - DEBUG - Suppressed exception
Traceback (most recent call last):
  File "C:\Users\allie\Coding Projects\huggin_suite\huginn\app\core\asset_manager.py", line 729, in _resolve_hostname_to_ip
    ip = socket.gethostbyname(identifier)
socket.gaierror: [Errno 11001] getaddrinfo failed
2026-07-08 19:58:51 - huginn - DEBUG - Suppressed exception
Traceback (most recent call last):
  File "C:\Users\allie\Coding Projects\huggin_suite\huginn\app\core\asset_manager.py", line 729, in _resolve_hostname_to_ip
    ip = socket.gethostbyname(identifier)
socket.gaierror: [Errno 11001] getaddrinfo failed
2026-07-08 19:58:51 - huginn - DEBUG - Suppressed exception
Traceback (most recent call last):
  File "C:\Users\allie\Coding Projects\huggin_suite\huginn\app\core\asset_manager.py", line 729, in _resolve_hostname_to_ip
    ip = socket.gethostbyname(identifier)
socket.gaierror: [Errno 11001] getaddrinfo failed
2026-07-08 19:58:51 - huginn - DEBUG - Suppressed exception
Traceback (most recent call last):
  File "C:\Users\allie\Coding Projects\huggin_suite\huginn\app\core\asset_manager.py", line 729, in _resolve_hostname_to_ip
    ip = socket.gethostbyname(identifier)
socket.gaierror: [Errno 11001] getaddrinfo failed
2026-07-08 19:58:51 - huginn - DEBUG - Suppressed exception
Traceback (most recent call last):
  File "C:\Users\allie\Coding Projects\huggin_suite\huginn\app\core\asset_manager.py", line 729, in _resolve_hostname_to_ip
    ip = socket.gethostbyname(identifier)
socket.gaierror: [Errno 11001] getaddrinfo failed
2026-07-08 20:02:29 - huginn - INFO - Using default configuration
2026-07-08 20:02:31 - huginn - INFO - Master index schema initialized.
2026-07-08 20:02:32 - huginn - INFO - License saved successfully
2026-07-08 20:02:32 - huginn - INFO - License loaded and validated successfully
2026-07-08 20:07:56 - huginn - DEBUG - Memory monitoring stopped
2026-07-08 20:07:56 - huginn - DEBUG - Connection pool closed all sessions
2026-07-08 20:07:59 - huginn - INFO - License saved successfully
2026-07-08 20:07:59 - huginn - INFO - License loaded and validated successfully
2026-07-08 20:07:59 - huginn - INFO - Application starting...
2026-07-08 20:07:59 - huginn - INFO - Huginn version 0.0.0
2026-07-08 20:07:59 - huginn - INFO - Font loaded successfully
2026-07-08 20:07:59 - huginn - INFO - Stylesheet loaded successfully
2026-07-08 20:07:59 - huginn - INFO - Creating main window...
2026-07-08 20:07:59 - huginn - INFO - QThreadPool max threads set to 32 (CPUs: 32)
2026-07-08 20:07:59 - huginn - INFO - Custom font 'Neuropol X' loaded from C:\Users\allie\Coding Projects\huggin_suite\huginn\resources\fonts\neuropol.otf
2026-07-08 20:08:00 - huginn - INFO - Master index schema initialized.
2026-07-08 20:08:00 - huginn - DEBUG - [FeatureGapIntegration] Tenant→Engagement wiring connected.
2026-07-08 20:08:00 - huginn - INFO - [FeatureGapIntegration] All new modules integrated successfully.
2026-07-08 20:08:00 - huginn - INFO - Feature gap integration completed successfully
2026-07-08 20:08:54 - huginn - DEBUG - Memory monitoring stopped
2026-07-08 20:08:54 - huginn - DEBUG - Connection pool closed all sessions
2026-07-08 20:09:16 - huginn - INFO - Using default configuration
2026-07-08 20:09:18 - huginn - INFO - Master index schema initialized.
2026-07-08 20:09:18 - huginn - INFO - License saved successfully
2026-07-08 20:09:18 - huginn - INFO - License loaded and validated successfully
2026-07-08 20:10:28 - huginn - INFO - License saved successfully
2026-07-08 20:10:28 - huginn - INFO - License loaded and validated successfully
2026-07-08 20:10:28 - huginn - INFO - Application starting...
2026-07-08 20:10:28 - huginn - INFO - Huginn version 0.0.0
2026-07-08 20:10:28 - huginn - INFO - Font loaded successfully
2026-07-08 20:10:28 - huginn - INFO - Stylesheet loaded successfully
2026-07-08 20:10:28 - huginn - INFO - Creating main window...
2026-07-08 20:10:28 - huginn - INFO - QThreadPool max threads set to 32 (CPUs: 32)
2026-07-08 20:10:28 - huginn - INFO - Custom font 'Neuropol X' loaded from C:\Users\allie\Coding Projects\huggin_suite\huginn\resources\fonts\neuropol.otf
2026-07-08 20:10:29 - huginn - INFO - Master index schema initialized.
2026-07-08 20:10:29 - huginn - DEBUG - [FeatureGapIntegration] Tenant→Engagement wiring connected.
2026-07-08 20:10:29 - huginn - INFO - [FeatureGapIntegration] All new modules integrated successfully.
2026-07-08 20:10:29 - huginn - INFO - Feature gap integration completed successfully
2026-07-08 20:11:52 - huginn - INFO - Using default configuration
2026-07-08 20:11:55 - huginn - INFO - Master index schema initialized.
2026-07-08 20:11:55 - huginn - INFO - License saved successfully
2026-07-08 20:11:55 - huginn - INFO - License loaded and validated successfully
2026-07-08 20:12:53 - huginn - INFO - Using default configuration
2026-07-08 20:12:56 - huginn - INFO - Master index schema initialized.
2026-07-08 20:12:56 - huginn - INFO - License saved successfully
2026-07-08 20:12:56 - huginn - INFO - License loaded and validated successfully
2026-07-08 20:14:29 - huginn - INFO - Using default configuration
2026-07-08 20:14:31 - huginn - INFO - Master index schema initialized.
2026-07-08 20:14:31 - huginn - INFO - License saved successfully
2026-07-08 20:14:31 - huginn - INFO - License loaded and validated successfully
2026-07-08 20:16:06 - huginn - INFO - Using default configuration
2026-07-08 20:16:08 - huginn - INFO - Master index schema initialized.
2026-07-08 20:16:09 - huginn - INFO - License saved successfully
2026-07-08 20:16:09 - huginn - INFO - License loaded and validated successfully
2026-07-08 20:16:27 - huginn - DEBUG - Memory monitoring stopped
2026-07-08 20:16:27 - huginn - DEBUG - Connection pool closed all sessions
2026-07-08 20:16:43 - huginn - INFO - License saved successfully
2026-07-08 20:16:43 - huginn - INFO - License loaded and validated successfully
2026-07-08 20:16:44 - huginn - INFO - Application starting...
2026-07-08 20:16:44 - huginn - INFO - Huginn version 0.0.0
2026-07-08 20:16:44 - huginn - INFO - Font loaded successfully
2026-07-08 20:16:44 - huginn - INFO - Stylesheet loaded successfully
2026-07-08 20:16:44 - huginn - INFO - Creating main window...
2026-07-08 20:16:44 - huginn - INFO - QThreadPool max threads set to 32 (CPUs: 32)
2026-07-08 20:16:44 - huginn - INFO - Custom font 'Neuropol X' loaded from C:\Users\allie\Coding Projects\huggin_suite\huginn\resources\fonts\neuropol.otf
2026-07-08 20:16:44 - huginn - INFO - Master index schema initialized.
2026-07-08 20:16:45 - huginn - DEBUG - [FeatureGapIntegration] Tenant→Engagement wiring connected.
2026-07-08 20:16:45 - huginn - INFO - [FeatureGapIntegration] All new modules integrated successfully.
2026-07-08 20:16:45 - huginn - INFO - Feature gap integration completed successfully
2026-07-08 20:17:52 - huginn - INFO - Using default configuration
2026-07-08 20:17:55 - huginn - INFO - Master index schema initialized.
2026-07-08 20:17:55 - huginn - INFO - License saved successfully
2026-07-08 20:17:55 - huginn - INFO - License loaded and validated successfully
2026-07-08 20:18:09 - huginn - INFO - Using default configuration
2026-07-08 20:18:11 - huginn - INFO - Master index schema initialized.
2026-07-08 20:18:11 - huginn - INFO - License saved successfully
2026-07-08 20:18:11 - huginn - INFO - License loaded and validated successfully
2026-07-08 20:18:20 - huginn - DEBUG - Session token generated
2026-07-08 20:18:24 - huginn - INFO - Using default configuration
2026-07-08 20:18:26 - huginn - INFO - Master index schema initialized.
2026-07-08 20:18:26 - huginn - INFO - License saved successfully
2026-07-08 20:18:26 - huginn - INFO - License loaded and validated successfully
2026-07-08 20:18:59 - huginn - INFO - Using default configuration
2026-07-08 20:19:02 - huginn - INFO - Master index schema initialized.
2026-07-08 20:19:02 - huginn - INFO - License saved successfully
2026-07-08 20:19:02 - huginn - INFO - License loaded and validated successfully
2026-07-08 20:20:17 - huginn - DEBUG - Memory monitoring stopped
2026-07-08 20:20:17 - huginn - DEBUG - Connection pool closed all sessions
2026-07-08 20:20:20 - huginn - INFO - License saved successfully
2026-07-08 20:20:20 - huginn - INFO - License loaded and validated successfully
2026-07-08 20:20:20 - huginn - INFO - Application starting...
2026-07-08 20:20:20 - huginn - INFO - Huginn version 0.0.0
2026-07-08 20:20:20 - huginn - INFO - Font loaded successfully
2026-07-08 20:20:20 - huginn - INFO - Stylesheet loaded successfully
2026-07-08 20:20:20 - huginn - INFO - Creating main window...
2026-07-08 20:20:20 - huginn - INFO - QThreadPool max threads set to 32 (CPUs: 32)
2026-07-08 20:20:20 - huginn - INFO - Custom font 'Neuropol X' loaded from C:\Users\allie\Coding Projects\huggin_suite\huginn\resources\fonts\neuropol.otf
2026-07-08 20:20:21 - huginn - INFO - Master index schema initialized.
2026-07-08 20:20:22 - huginn - DEBUG - [FeatureGapIntegration] Tenant→Engagement wiring connected.
2026-07-08 20:20:22 - huginn - INFO - [FeatureGapIntegration] All new modules integrated successfully.
2026-07-08 20:20:22 - huginn - INFO - Feature gap integration completed successfully
2026-07-08 20:20:54 - huginn - DEBUG - Session token generated
2026-07-08 20:20:57 - huginn - DEBUG - Memory monitoring stopped
2026-07-08 20:20:57 - huginn - DEBUG - Connection pool closed all sessions
2026-07-08 20:22:13 - huginn - INFO - Using default configuration
2026-07-08 20:22:15 - huginn - INFO - Master index schema initialized.
2026-07-08 20:22:16 - huginn - INFO - License saved successfully
2026-07-08 20:22:16 - huginn - INFO - License loaded and validated successfully
2026-07-08 20:22:23 - huginn - INFO - Using default configuration
2026-07-08 20:22:25 - huginn - INFO - Master index schema initialized.
2026-07-08 20:22:25 - huginn - INFO - License saved successfully
2026-07-08 20:22:25 - huginn - INFO - License loaded and validated successfully
2026-07-08 20:22:31 - huginn - INFO - Using default configuration
2026-07-08 20:22:32 - huginn - INFO - Master index schema initialized.
2026-07-08 20:22:33 - huginn - INFO - License saved successfully
2026-07-08 20:22:33 - huginn - INFO - License loaded and validated successfully
2026-07-08 20:22:38 - huginn - INFO - Using default configuration
2026-07-08 20:22:40 - huginn - INFO - Master index schema initialized.
2026-07-08 20:22:40 - huginn - INFO - License saved successfully
2026-07-08 20:22:40 - huginn - INFO - License loaded and validated successfully
2026-07-08 20:22:45 - huginn - INFO - Using default configuration
2026-07-08 20:22:47 - huginn - INFO - Master index schema initialized.
2026-07-08 20:22:47 - huginn - INFO - License saved successfully
2026-07-08 20:22:47 - huginn - INFO - License loaded and validated successfully
2026-07-08 20:22:53 - huginn - INFO - Using default configuration
2026-07-08 20:22:55 - huginn - INFO - Master index schema initialized.
2026-07-08 20:22:55 - huginn - INFO - License saved successfully
2026-07-08 20:22:55 - huginn - INFO - License loaded and validated successfully
2026-07-08 20:22:59 - huginn - INFO - Using default configuration
2026-07-08 20:23:01 - huginn - INFO - Master index schema initialized.
2026-07-08 20:23:01 - huginn - INFO - License saved successfully
2026-07-08 20:23:01 - huginn - INFO - License loaded and validated successfully
2026-07-08 20:23:04 - huginn - INFO - Using default configuration
2026-07-08 20:23:06 - huginn - INFO - Master index schema initialized.
2026-07-08 20:23:06 - huginn - INFO - License saved successfully
2026-07-08 20:23:06 - huginn - INFO - License loaded and validated successfully
2026-07-08 20:23:10 - huginn - INFO - Using default configuration
2026-07-08 20:23:12 - huginn - INFO - Master index schema initialized.
2026-07-08 20:23:12 - huginn - INFO - License saved successfully
2026-07-08 20:23:12 - huginn - INFO - License loaded and validated successfully
2026-07-08 20:23:16 - huginn - INFO - Using default configuration
2026-07-08 20:23:18 - huginn - INFO - Master index schema initialized.
2026-07-08 20:23:19 - huginn - INFO - License saved successfully
2026-07-08 20:23:19 - huginn - INFO - License loaded and validated successfully
2026-07-08 20:23:22 - huginn - INFO - Using default configuration
2026-07-08 20:23:24 - huginn - INFO - Master index schema initialized.
2026-07-08 20:23:25 - huginn - INFO - License saved successfully
2026-07-08 20:23:25 - huginn - INFO - License loaded and validated successfully
2026-07-08 20:23:51 - huginn - INFO - Using default configuration
2026-07-08 20:23:53 - huginn - INFO - Master index schema initialized.
2026-07-08 20:23:53 - huginn - INFO - License saved successfully
2026-07-08 20:23:53 - huginn - INFO - License loaded and validated successfully
2026-07-08 20:23:58 - huginn - INFO - Using default configuration
2026-07-08 20:24:00 - huginn - INFO - Master index schema initialized.
2026-07-08 20:24:00 - huginn - INFO - License saved successfully
2026-07-08 20:24:00 - huginn - INFO - License loaded and validated successfully
2026-07-08 20:24:06 - huginn - INFO - Using default configuration
2026-07-08 20:24:08 - huginn - INFO - Master index schema initialized.
2026-07-08 20:24:09 - huginn - INFO - License saved successfully
2026-07-08 20:24:09 - huginn - INFO - License loaded and validated successfully
2026-07-08 20:24:12 - huginn - INFO - Using default configuration
2026-07-08 20:24:14 - huginn - INFO - Master index schema initialized.
2026-07-08 20:24:15 - huginn - INFO - License saved successfully
2026-07-08 20:24:15 - huginn - INFO - License loaded and validated successfully
2026-07-08 20:24:22 - huginn - INFO - Using default configuration
2026-07-08 20:24:24 - huginn - INFO - Master index schema initialized.
2026-07-08 20:24:24 - huginn - INFO - License saved successfully
2026-07-08 20:24:24 - huginn - INFO - License loaded and validated successfully
2026-07-08 20:24:27 - huginn - INFO - Using default configuration
2026-07-08 20:24:29 - huginn - INFO - Master index schema initialized.
2026-07-08 20:24:30 - huginn - INFO - License saved successfully
2026-07-08 20:24:30 - huginn - INFO - License loaded and validated successfully
2026-07-08 20:24:33 - huginn - INFO - Using default configuration
2026-07-08 20:24:35 - huginn - INFO - Master index schema initialized.
2026-07-08 20:24:35 - huginn - INFO - License saved successfully
2026-07-08 20:24:35 - huginn - INFO - License loaded and validated successfully
2026-07-08 20:24:40 - huginn - INFO - Using default configuration
2026-07-08 20:24:42 - huginn - INFO - Master index schema initialized.
2026-07-08 20:24:42 - huginn - INFO - License saved successfully
2026-07-08 20:24:42 - huginn - INFO - License loaded and validated successfully
2026-07-08 20:24:46 - huginn - INFO - Using default configuration
2026-07-08 20:24:48 - huginn - INFO - Master index schema initialized.
2026-07-08 20:24:49 - huginn - INFO - License saved successfully
2026-07-08 20:24:49 - huginn - INFO - License loaded and validated successfully
2026-07-08 20:24:53 - huginn - INFO - Using default configuration
2026-07-08 20:24:55 - huginn - INFO - Master index schema initialized.
2026-07-08 20:24:56 - huginn - INFO - License saved successfully
2026-07-08 20:24:56 - huginn - INFO - License loaded and validated successfully
2026-07-08 20:24:59 - huginn - INFO - Using default configuration
2026-07-08 20:25:01 - huginn - INFO - Master index schema initialized.
2026-07-08 20:25:02 - huginn - INFO - License saved successfully
2026-07-08 20:25:02 - huginn - INFO - License loaded and validated successfully
2026-07-08 20:25:05 - huginn - INFO - Using default configuration
2026-07-08 20:25:07 - huginn - INFO - Master index schema initialized.
2026-07-08 20:25:07 - huginn - INFO - License saved successfully
2026-07-08 20:25:07 - huginn - INFO - License loaded and validated successfully
2026-07-08 20:25:10 - huginn - INFO - Using default configuration
2026-07-08 20:25:12 - huginn - INFO - Master index schema initialized.
2026-07-08 20:25:13 - huginn - INFO - License saved successfully
2026-07-08 20:25:13 - huginn - INFO - License loaded and validated successfully
2026-07-08 20:25:16 - huginn - INFO - Using default configuration
2026-07-08 20:25:18 - huginn - INFO - Master index schema initialized.
2026-07-08 20:25:18 - huginn - INFO - License saved successfully
2026-07-08 20:25:18 - huginn - INFO - License loaded and validated successfully
2026-07-08 20:25:22 - huginn - INFO - Using default configuration
2026-07-08 20:25:24 - huginn - INFO - Master index schema initialized.
2026-07-08 20:25:24 - huginn - INFO - License saved successfully
2026-07-08 20:25:24 - huginn - INFO - License loaded and validated successfully
2026-07-08 20:25:39 - huginn - INFO - Using default configuration
2026-07-08 20:25:41 - huginn - INFO - Master index schema initialized.
2026-07-08 20:25:41 - huginn - INFO - License saved successfully
2026-07-08 20:25:41 - huginn - INFO - License loaded and validated successfully
2026-07-08 20:26:02 - huginn - INFO - Using default configuration
2026-07-08 20:26:04 - huginn - INFO - Master index schema initialized.
2026-07-08 20:26:04 - huginn - INFO - License saved successfully
2026-07-08 20:26:04 - huginn - INFO - License loaded and validated successfully
2026-07-08 20:26:07 - huginn - INFO - Using default configuration
2026-07-08 20:26:09 - huginn - INFO - Master index schema initialized.
2026-07-08 20:26:09 - huginn - INFO - License saved successfully
2026-07-08 20:26:09 - huginn - INFO - License loaded and validated successfully
2026-07-08 20:26:19 - huginn - INFO - Using default configuration
2026-07-08 20:26:21 - huginn - INFO - Master index schema initialized.
2026-07-08 20:26:21 - huginn - INFO - License saved successfully
2026-07-08 20:26:21 - huginn - INFO - License loaded and validated successfully
2026-07-08 20:26:36 - huginn - INFO - Using default configuration
2026-07-08 20:26:38 - huginn - INFO - Master index schema initialized.
2026-07-08 20:26:39 - huginn - INFO - License saved successfully
2026-07-08 20:26:39 - huginn - INFO - License loaded and validated successfully
2026-07-08 20:32:40 - huginn - INFO - Using default configuration
2026-07-08 20:32:42 - huginn - INFO - Master index schema initialized.
2026-07-08 20:32:42 - huginn - INFO - License saved successfully
2026-07-08 20:32:42 - huginn - INFO - License loaded and validated successfully
2026-07-08 20:32:47 - huginn - INFO - Using default configuration
2026-07-08 20:32:49 - huginn - INFO - Master index schema initialized.
2026-07-08 20:32:49 - huginn - INFO - License saved successfully
2026-07-08 20:32:49 - huginn - INFO - License loaded and validated successfully
2026-07-08 20:32:53 - huginn - INFO - Using default configuration
2026-07-08 20:32:55 - huginn - INFO - Master index schema initialized.
2026-07-08 20:32:55 - huginn - INFO - License saved successfully
2026-07-08 20:32:55 - huginn - INFO - License loaded and validated successfully
2026-07-08 20:33:04 - huginn - INFO - Using default configuration
2026-07-08 20:33:06 - huginn - INFO - Master index schema initialized.
2026-07-08 20:33:06 - huginn - INFO - License saved successfully
2026-07-08 20:33:06 - huginn - INFO - License loaded and validated successfully
2026-07-08 20:38:59 - huginn - INFO - Using default configuration
2026-07-08 20:39:01 - huginn - INFO - Master index schema initialized.
2026-07-08 20:39:01 - huginn - INFO - License saved successfully
2026-07-08 20:39:01 - huginn - INFO - License loaded and validated successfully
2026-07-08 20:44:34 - huginn - INFO - License saved successfully
2026-07-08 20:44:34 - huginn - INFO - License loaded and validated successfully
2026-07-08 20:44:34 - huginn - INFO - Application starting...
2026-07-08 20:44:34 - huginn - INFO - Huginn version 0.0.0
2026-07-08 20:44:34 - huginn - INFO - Font loaded successfully
2026-07-08 20:44:34 - huginn - INFO - Stylesheet loaded successfully
2026-07-08 20:44:34 - huginn - INFO - Creating main window...
2026-07-08 20:44:34 - huginn - INFO - QThreadPool max threads set to 32 (CPUs: 32)
2026-07-08 20:44:35 - huginn - INFO - Custom font 'Neuropol X' loaded from C:\Users\allie\Coding Projects\huggin_suite\huginn\resources\fonts\neuropol.otf
2026-07-08 20:44:35 - huginn - INFO - Master index schema initialized.
2026-07-08 20:44:36 - huginn - DEBUG - [FeatureGapIntegration] Tenant→Engagement wiring connected.
2026-07-08 20:44:36 - huginn - INFO - [FeatureGapIntegration] All new modules integrated successfully.
2026-07-08 20:44:36 - huginn - INFO - Feature gap integration completed successfully
2026-07-08 20:44:45 - huginn - DEBUG - Session token generated
2026-07-08 20:46:13 - huginn - INFO - EngagementDatabase connected: C:\Users\allie\Coding Projects\huggin_suite\huginn\resources\engagements\3be37757-07dc-499f-b6c5-bf1ed60dc47f\engagement.db (pool_size=5)
2026-07-08 20:46:13 - huginn - INFO - Engagement opened: 3be37757-07dc-499f-b6c5-bf1ed60dc47f
2026-07-08 20:46:13 - huginn - INFO - NoteSystem: database attached and FTS initialized.
2026-07-08 20:46:13 - huginn - INFO - RetestWorkflow: database attached.
2026-07-08 20:46:16 - huginn - INFO - EngagementDatabase closed: C:\Users\allie\Coding Projects\huggin_suite\huginn\resources\engagements\3be37757-07dc-499f-b6c5-bf1ed60dc47f\engagement.db (5 connections)
2026-07-08 20:46:16 - huginn - INFO - EngagementDatabase connected: C:\Users\allie\Coding Projects\huggin_suite\huginn\resources\engagements\3be37757-07dc-499f-b6c5-bf1ed60dc47f\engagement.db (pool_size=5)
2026-07-08 20:46:16 - huginn - INFO - Engagement opened: 3be37757-07dc-499f-b6c5-bf1ed60dc47f
2026-07-08 20:46:16 - huginn - INFO - NoteSystem: database attached and FTS initialized.
2026-07-08 20:46:16 - huginn - INFO - RetestWorkflow: database attached.
2026-07-08 20:46:16 - huginn - INFO - EngagementDatabase closed: C:\Users\allie\Coding Projects\huggin_suite\huginn\resources\engagements\3be37757-07dc-499f-b6c5-bf1ed60dc47f\engagement.db (5 connections)
2026-07-08 20:46:16 - huginn - INFO - EngagementDatabase connected: C:\Users\allie\Coding Projects\huggin_suite\huginn\resources\engagements\3be37757-07dc-499f-b6c5-bf1ed60dc47f\engagement.db (pool_size=5)
2026-07-08 20:46:16 - huginn - INFO - Engagement opened: 3be37757-07dc-499f-b6c5-bf1ed60dc47f
2026-07-08 20:46:16 - huginn - INFO - NoteSystem: database attached and FTS initialized.
2026-07-08 20:46:16 - huginn - INFO - RetestWorkflow: database attached.
2026-07-08 20:46:17 - huginn - INFO - EngagementDatabase closed: C:\Users\allie\Coding Projects\huggin_suite\huginn\resources\engagements\3be37757-07dc-499f-b6c5-bf1ed60dc47f\engagement.db (5 connections)
2026-07-08 20:46:17 - huginn - INFO - EngagementDatabase connected: C:\Users\allie\Coding Projects\huggin_suite\huginn\resources\engagements\3be37757-07dc-499f-b6c5-bf1ed60dc47f\engagement.db (pool_size=5)
2026-07-08 20:46:17 - huginn - INFO - Engagement opened: 3be37757-07dc-499f-b6c5-bf1ed60dc47f
2026-07-08 20:46:17 - huginn - INFO - NoteSystem: database attached and FTS initialized.
2026-07-08 20:46:17 - huginn - INFO - RetestWorkflow: database attached.
2026-07-08 20:46:18 - huginn - INFO - EngagementDatabase closed: C:\Users\allie\Coding Projects\huggin_suite\huginn\resources\engagements\3be37757-07dc-499f-b6c5-bf1ed60dc47f\engagement.db (5 connections)
2026-07-08 20:46:18 - huginn - INFO - EngagementDatabase connected: C:\Users\allie\Coding Projects\huggin_suite\huginn\resources\engagements\3be37757-07dc-499f-b6c5-bf1ed60dc47f\engagement.db (pool_size=5)
2026-07-08 20:46:18 - huginn - INFO - Engagement opened: 3be37757-07dc-499f-b6c5-bf1ed60dc47f
2026-07-08 20:46:18 - huginn - INFO - NoteSystem: database attached and FTS initialized.
2026-07-08 20:46:18 - huginn - INFO - RetestWorkflow: database attached.
2026-07-08 20:46:18 - huginn - INFO - EngagementDatabase closed: C:\Users\allie\Coding Projects\huggin_suite\huginn\resources\engagements\3be37757-07dc-499f-b6c5-bf1ed60dc47f\engagement.db (5 connections)
2026-07-08 20:46:18 - huginn - INFO - EngagementDatabase connected: C:\Users\allie\Coding Projects\huggin_suite\huginn\resources\engagements\3be37757-07dc-499f-b6c5-bf1ed60dc47f\engagement.db (pool_size=5)
2026-07-08 20:46:18 - huginn - INFO - Engagement opened: 3be37757-07dc-499f-b6c5-bf1ed60dc47f
2026-07-08 20:46:18 - huginn - INFO - NoteSystem: database attached and FTS initialized.
2026-07-08 20:46:18 - huginn - INFO - RetestWorkflow: database attached.
2026-07-08 20:47:06 - huginn - DEBUG - Memory monitoring stopped
2026-07-08 20:47:06 - huginn - DEBUG - Connection pool closed all sessions
2026-07-08 20:47:29 - huginn - INFO - Using default configuration
2026-07-08 20:47:31 - huginn - INFO - Master index schema initialized.
2026-07-08 20:47:32 - huginn - INFO - License saved successfully
2026-07-08 20:47:32 - huginn - INFO - License loaded and validated successfully
2026-07-08 20:50:06 - huginn - INFO - License saved successfully
2026-07-08 20:50:06 - huginn - INFO - License loaded and validated successfully
2026-07-08 20:50:06 - huginn - INFO - Application starting...
2026-07-08 20:50:06 - huginn - INFO - Huginn version 0.0.0
2026-07-08 20:50:06 - huginn - INFO - Font loaded successfully
2026-07-08 20:50:06 - huginn - INFO - Stylesheet loaded successfully
2026-07-08 20:50:06 - huginn - INFO - Creating main window...
2026-07-08 20:50:06 - huginn - INFO - QThreadPool max threads set to 32 (CPUs: 32)
2026-07-08 20:50:06 - huginn - INFO - Custom font 'Neuropol X' loaded from C:\Users\allie\Coding Projects\huggin_suite\huginn\resources\fonts\neuropol.otf
2026-07-08 20:50:07 - huginn - INFO - Master index schema initialized.
2026-07-08 20:50:08 - huginn - DEBUG - [FeatureGapIntegration] Tenant→Engagement wiring connected.
2026-07-08 20:50:08 - huginn - INFO - [FeatureGapIntegration] All new modules integrated successfully.
2026-07-08 20:50:08 - huginn - INFO - Feature gap integration completed successfully
2026-07-08 20:50:15 - huginn - INFO - EngagementDatabase connected: C:\Users\allie\Coding Projects\huggin_suite\huginn\resources\engagements\3be37757-07dc-499f-b6c5-bf1ed60dc47f\engagement.db (pool_size=5)
2026-07-08 20:50:15 - huginn - INFO - Engagement opened: 3be37757-07dc-499f-b6c5-bf1ed60dc47f
2026-07-08 20:50:15 - huginn - INFO - NoteSystem: database attached and FTS initialized.
2026-07-08 20:50:15 - huginn - INFO - RetestWorkflow: database attached.
2026-07-08 20:50:58 - huginn - INFO - EngagementDatabase closed: C:\Users\allie\Coding Projects\huggin_suite\huginn\resources\engagements\3be37757-07dc-499f-b6c5-bf1ed60dc47f\engagement.db (5 connections)
2026-07-08 20:50:58 - huginn - INFO - EngagementDatabase connected: C:\Users\allie\Coding Projects\huggin_suite\huginn\resources\engagements\3be37757-07dc-499f-b6c5-bf1ed60dc47f\engagement.db (pool_size=5)
2026-07-08 20:50:58 - huginn - INFO - Engagement opened: 3be37757-07dc-499f-b6c5-bf1ed60dc47f
2026-07-08 20:50:58 - huginn - INFO - NoteSystem: database attached and FTS initialized.
2026-07-08 20:50:58 - huginn - INFO - RetestWorkflow: database attached.
2026-07-08 20:50:59 - huginn - INFO - EngagementDatabase closed: C:\Users\allie\Coding Projects\huggin_suite\huginn\resources\engagements\3be37757-07dc-499f-b6c5-bf1ed60dc47f\engagement.db (5 connections)
2026-07-08 20:50:59 - huginn - INFO - EngagementDatabase connected: C:\Users\allie\Coding Projects\huggin_suite\huginn\resources\engagements\3be37757-07dc-499f-b6c5-bf1ed60dc47f\engagement.db (pool_size=5)
2026-07-08 20:50:59 - huginn - INFO - Engagement opened: 3be37757-07dc-499f-b6c5-bf1ed60dc47f
2026-07-08 20:50:59 - huginn - INFO - NoteSystem: database attached and FTS initialized.
2026-07-08 20:50:59 - huginn - INFO - RetestWorkflow: database attached.
2026-07-08 20:51:00 - huginn - INFO - EngagementDatabase closed: C:\Users\allie\Coding Projects\huggin_suite\huginn\resources\engagements\3be37757-07dc-499f-b6c5-bf1ed60dc47f\engagement.db (5 connections)
2026-07-08 20:51:00 - huginn - INFO - EngagementDatabase connected: C:\Users\allie\Coding Projects\huggin_suite\huginn\resources\engagements\3be37757-07dc-499f-b6c5-bf1ed60dc47f\engagement.db (pool_size=5)
2026-07-08 20:51:00 - huginn - INFO - Engagement opened: 3be37757-07dc-499f-b6c5-bf1ed60dc47f
2026-07-08 20:51:00 - huginn - INFO - NoteSystem: database attached and FTS initialized.
2026-07-08 20:51:00 - huginn - INFO - RetestWorkflow: database attached.
2026-07-08 20:51:00 - huginn - INFO - EngagementDatabase closed: C:\Users\allie\Coding Projects\huggin_suite\huginn\resources\engagements\3be37757-07dc-499f-b6c5-bf1ed60dc47f\engagement.db (5 connections)
2026-07-08 20:51:00 - huginn - INFO - EngagementDatabase connected: C:\Users\allie\Coding Projects\huggin_suite\huginn\resources\engagements\3be37757-07dc-499f-b6c5-bf1ed60dc47f\engagement.db (pool_size=5)
2026-07-08 20:51:00 - huginn - INFO - Engagement opened: 3be37757-07dc-499f-b6c5-bf1ed60dc47f
2026-07-08 20:51:00 - huginn - INFO - NoteSystem: database attached and FTS initialized.
2026-07-08 20:51:00 - huginn - INFO - RetestWorkflow: database attached.
2026-07-08 20:51:02 - huginn - INFO - EngagementDatabase closed: C:\Users\allie\Coding Projects\huggin_suite\huginn\resources\engagements\3be37757-07dc-499f-b6c5-bf1ed60dc47f\engagement.db (5 connections)
2026-07-08 20:51:02 - huginn - INFO - EngagementDatabase connected: C:\Users\allie\Coding Projects\huggin_suite\huginn\resources\engagements\3be37757-07dc-499f-b6c5-bf1ed60dc47f\engagement.db (pool_size=5)
2026-07-08 20:51:02 - huginn - INFO - Engagement opened: 3be37757-07dc-499f-b6c5-bf1ed60dc47f
2026-07-08 20:51:02 - huginn - INFO - NoteSystem: database attached and FTS initialized.
2026-07-08 20:51:02 - huginn - INFO - RetestWorkflow: database attached.
2026-07-08 20:51:46 - huginn - INFO - EngagementDatabase closed: C:\Users\allie\Coding Projects\huggin_suite\huginn\resources\engagements\3be37757-07dc-499f-b6c5-bf1ed60dc47f\engagement.db (5 connections)
2026-07-08 20:51:46 - huginn - INFO - EngagementDatabase connected: C:\Users\allie\Coding Projects\huggin_suite\huginn\resources\engagements\3be37757-07dc-499f-b6c5-bf1ed60dc47f\engagement.db (pool_size=5)
2026-07-08 20:51:46 - huginn - INFO - Engagement opened: 3be37757-07dc-499f-b6c5-bf1ed60dc47f
2026-07-08 20:51:46 - huginn - INFO - NoteSystem: database attached and FTS initialized.
2026-07-08 20:51:46 - huginn - INFO - RetestWorkflow: database attached.
2026-07-08 20:51:47 - huginn - INFO - EngagementDatabase closed: C:\Users\allie\Coding Projects\huggin_suite\huginn\resources\engagements\3be37757-07dc-499f-b6c5-bf1ed60dc47f\engagement.db (5 connections)
2026-07-08 20:51:47 - huginn - INFO - EngagementDatabase connected: C:\Users\allie\Coding Projects\huggin_suite\huginn\resources\engagements\3be37757-07dc-499f-b6c5-bf1ed60dc47f\engagement.db (pool_size=5)
2026-07-08 20:51:47 - huginn - INFO - Engagement opened: 3be37757-07dc-499f-b6c5-bf1ed60dc47f
2026-07-08 20:51:47 - huginn - INFO - NoteSystem: database attached and FTS initialized.
2026-07-08 20:51:47 - huginn - INFO - RetestWorkflow: database attached.
2026-07-08 20:51:47 - huginn - INFO - EngagementDatabase closed: C:\Users\allie\Coding Projects\huggin_suite\huginn\resources\engagements\3be37757-07dc-499f-b6c5-bf1ed60dc47f\engagement.db (5 connections)
2026-07-08 20:51:47 - huginn - INFO - EngagementDatabase connected: C:\Users\allie\Coding Projects\huggin_suite\huginn\resources\engagements\3be37757-07dc-499f-b6c5-bf1ed60dc47f\engagement.db (pool_size=5)
2026-07-08 20:51:47 - huginn - INFO - Engagement opened: 3be37757-07dc-499f-b6c5-bf1ed60dc47f
2026-07-08 20:51:47 - huginn - INFO - NoteSystem: database attached and FTS initialized.
2026-07-08 20:51:47 - huginn - INFO - RetestWorkflow: database attached.
2026-07-08 20:51:49 - huginn - INFO - EngagementDatabase closed: C:\Users\allie\Coding Projects\huggin_suite\huginn\resources\engagements\3be37757-07dc-499f-b6c5-bf1ed60dc47f\engagement.db (5 connections)
2026-07-08 20:51:49 - huginn - INFO - EngagementDatabase connected: C:\Users\allie\Coding Projects\huggin_suite\huginn\resources\engagements\3be37757-07dc-499f-b6c5-bf1ed60dc47f\engagement.db (pool_size=5)
2026-07-08 20:51:49 - huginn - INFO - Engagement opened: 3be37757-07dc-499f-b6c5-bf1ed60dc47f
2026-07-08 20:51:49 - huginn - INFO - NoteSystem: database attached and FTS initialized.
2026-07-08 20:51:49 - huginn - INFO - RetestWorkflow: database attached.
2026-07-08 20:51:50 - huginn - INFO - EngagementDatabase closed: C:\Users\allie\Coding Projects\huggin_suite\huginn\resources\engagements\3be37757-07dc-499f-b6c5-bf1ed60dc47f\engagement.db (5 connections)
2026-07-08 20:51:50 - huginn - INFO - EngagementDatabase connected: C:\Users\allie\Coding Projects\huggin_suite\huginn\resources\engagements\3be37757-07dc-499f-b6c5-bf1ed60dc47f\engagement.db (pool_size=5)
2026-07-08 20:51:50 - huginn - INFO - Engagement opened: 3be37757-07dc-499f-b6c5-bf1ed60dc47f
2026-07-08 20:51:50 - huginn - INFO - NoteSystem: database attached and FTS initialized.
2026-07-08 20:51:50 - huginn - INFO - RetestWorkflow: database attached.
2026-07-08 20:51:51 - huginn - INFO - EngagementDatabase closed: C:\Users\allie\Coding Projects\huggin_suite\huginn\resources\engagements\3be37757-07dc-499f-b6c5-bf1ed60dc47f\engagement.db (5 connections)
2026-07-08 20:51:51 - huginn - INFO - EngagementDatabase connected: C:\Users\allie\Coding Projects\huggin_suite\huginn\resources\engagements\3be37757-07dc-499f-b6c5-bf1ed60dc47f\engagement.db (pool_size=5)
2026-07-08 20:51:51 - huginn - INFO - Engagement opened: 3be37757-07dc-499f-b6c5-bf1ed60dc47f
2026-07-08 20:51:51 - huginn - INFO - NoteSystem: database attached and FTS initialized.
2026-07-08 20:51:51 - huginn - INFO - RetestWorkflow: database attached.
2026-07-08 20:51:52 - huginn - INFO - EngagementDatabase closed: C:\Users\allie\Coding Projects\huggin_suite\huginn\resources\engagements\3be37757-07dc-499f-b6c5-bf1ed60dc47f\engagement.db (5 connections)
2026-07-08 20:51:52 - huginn - INFO - EngagementDatabase connected: C:\Users\allie\Coding Projects\huggin_suite\huginn\resources\engagements\3be37757-07dc-499f-b6c5-bf1ed60dc47f\engagement.db (pool_size=5)
2026-07-08 20:51:52 - huginn - INFO - Engagement opened: 3be37757-07dc-499f-b6c5-bf1ed60dc47f
2026-07-08 20:51:52 - huginn - INFO - NoteSystem: database attached and FTS initialized.
2026-07-08 20:51:52 - huginn - INFO - RetestWorkflow: database attached.
2026-07-08 20:51:53 - huginn - INFO - EngagementDatabase closed: C:\Users\allie\Coding Projects\huggin_suite\huginn\resources\engagements\3be37757-07dc-499f-b6c5-bf1ed60dc47f\engagement.db (5 connections)
2026-07-08 20:51:53 - huginn - INFO - EngagementDatabase connected: C:\Users\allie\Coding Projects\huggin_suite\huginn\resources\engagements\3be37757-07dc-499f-b6c5-bf1ed60dc47f\engagement.db (pool_size=5)
2026-07-08 20:51:53 - huginn - INFO - Engagement opened: 3be37757-07dc-499f-b6c5-bf1ed60dc47f
2026-07-08 20:51:53 - huginn - INFO - NoteSystem: database attached and FTS initialized.
2026-07-08 20:51:53 - huginn - INFO - RetestWorkflow: database attached.
2026-07-08 20:51:55 - huginn - INFO - EngagementDatabase closed: C:\Users\allie\Coding Projects\huggin_suite\huginn\resources\engagements\3be37757-07dc-499f-b6c5-bf1ed60dc47f\engagement.db (5 connections)
2026-07-08 20:51:55 - huginn - INFO - EngagementDatabase connected: C:\Users\allie\Coding Projects\huggin_suite\huginn\resources\engagements\3be37757-07dc-499f-b6c5-bf1ed60dc47f\engagement.db (pool_size=5)
2026-07-08 20:51:55 - huginn - INFO - Engagement opened: 3be37757-07dc-499f-b6c5-bf1ed60dc47f
2026-07-08 20:51:55 - huginn - INFO - NoteSystem: database attached and FTS initialized.
2026-07-08 20:51:55 - huginn - INFO - RetestWorkflow: database attached.
2026-07-08 20:52:01 - huginn - INFO - EngagementDatabase closed: C:\Users\allie\Coding Projects\huggin_suite\huginn\resources\engagements\3be37757-07dc-499f-b6c5-bf1ed60dc47f\engagement.db (5 connections)
2026-07-08 20:52:01 - huginn - INFO - EngagementDatabase connected: C:\Users\allie\Coding Projects\huggin_suite\huginn\resources\engagements\3be37757-07dc-499f-b6c5-bf1ed60dc47f\engagement.db (pool_size=5)
2026-07-08 20:52:01 - huginn - INFO - Engagement opened: 3be37757-07dc-499f-b6c5-bf1ed60dc47f
2026-07-08 20:52:01 - huginn - INFO - NoteSystem: database attached and FTS initialized.
2026-07-08 20:52:01 - huginn - INFO - RetestWorkflow: database attached.
2026-07-08 20:52:17 - huginn - DEBUG - Memory monitoring stopped
2026-07-08 20:52:17 - huginn - DEBUG - Connection pool closed all sessions
2026-07-08 21:26:48 - huginn - INFO - License saved successfully
2026-07-08 21:26:48 - huginn - INFO - License loaded and validated successfully
2026-07-08 21:26:48 - huginn - INFO - Application starting...
2026-07-08 21:26:48 - huginn - INFO - Huginn version 0.0.0
2026-07-08 21:26:48 - huginn - INFO - Font loaded successfully
2026-07-08 21:26:48 - huginn - INFO - Stylesheet loaded successfully
2026-07-08 21:26:48 - huginn - INFO - Creating main window...
2026-07-08 21:26:48 - huginn - INFO - QThreadPool max threads set to 32 (CPUs: 32)
2026-07-08 21:26:48 - huginn - INFO - Custom font 'Neuropol X' loaded from C:\Users\allie\Coding Projects\huggin_suite\huginn\resources\fonts\neuropol.otf
2026-07-08 21:26:49 - huginn - INFO - Master index schema initialized.
2026-07-08 21:26:49 - huginn - DEBUG - [FeatureGapIntegration] Tenant→Engagement wiring connected.
2026-07-08 21:26:49 - huginn - INFO - [FeatureGapIntegration] All new modules integrated successfully.
2026-07-08 21:26:49 - huginn - INFO - Feature gap integration completed successfully
2026-07-08 21:27:19 - huginn - DEBUG - Memory monitoring stopped
2026-07-08 21:27:19 - huginn - DEBUG - Connection pool closed all sessions
2026-07-08 21:28:06 - huginn - INFO - Using default configuration
2026-07-08 21:28:09 - huginn - INFO - Master index schema initialized.
2026-07-08 21:28:09 - huginn - INFO - License saved successfully
2026-07-08 21:28:09 - huginn - INFO - License loaded and validated successfully
2026-07-08 21:28:14 - huginn - INFO - Using default configuration
2026-07-08 21:28:16 - huginn - INFO - Master index schema initialized.
2026-07-08 21:28:17 - huginn - INFO - License saved successfully
2026-07-08 21:28:17 - huginn - INFO - License loaded and validated successfully
2026-07-08 21:28:22 - huginn - INFO - Using default configuration
2026-07-08 21:28:24 - huginn - INFO - Master index schema initialized.
2026-07-08 21:28:25 - huginn - INFO - License saved successfully
2026-07-08 21:28:25 - huginn - INFO - License loaded and validated successfully
2026-07-08 21:31:48 - huginn - INFO - License saved successfully
2026-07-08 21:31:48 - huginn - INFO - License loaded and validated successfully
2026-07-08 21:31:48 - huginn - INFO - Application starting...
2026-07-08 21:31:48 - huginn - INFO - Huginn version 0.0.0
2026-07-08 21:31:48 - huginn - INFO - Font loaded successfully
2026-07-08 21:31:48 - huginn - INFO - Stylesheet loaded successfully
2026-07-08 21:31:48 - huginn - INFO - Creating main window...
2026-07-08 21:31:48 - huginn - INFO - QThreadPool max threads set to 32 (CPUs: 32)
2026-07-08 21:31:48 - huginn - INFO - Custom font 'Neuropol X' loaded from C:\Users\allie\Coding Projects\huggin_suite\huginn\resources\fonts\neuropol.otf
2026-07-08 21:31:49 - huginn - INFO - Master index schema initialized.
2026-07-08 21:31:49 - huginn - DEBUG - [FeatureGapIntegration] Tenant→Engagement wiring connected.
2026-07-08 21:31:49 - huginn - INFO - [FeatureGapIntegration] All new modules integrated successfully.
2026-07-08 21:31:49 - huginn - INFO - Feature gap integration completed successfully
2026-07-08 21:33:07 - huginn - INFO - Using default configuration
2026-07-08 21:33:09 - huginn - INFO - Master index schema initialized.
2026-07-08 21:33:09 - huginn - INFO - License saved successfully
2026-07-08 21:33:09 - huginn - INFO - License loaded and validated successfully
2026-07-08 21:33:38 - huginn - DEBUG - Memory monitoring stopped
2026-07-08 21:33:38 - huginn - DEBUG - Connection pool closed all sessions
2026-07-08 21:34:02 - huginn - INFO - Using default configuration
2026-07-08 21:34:05 - huginn - INFO - Master index schema initialized.
2026-07-08 21:34:05 - huginn - INFO - License saved successfully
2026-07-08 21:34:05 - huginn - INFO - License loaded and validated successfully
2026-07-08 21:34:19 - huginn - INFO - Using default configuration
2026-07-08 21:34:22 - huginn - INFO - Master index schema initialized.
2026-07-08 21:34:22 - huginn - INFO - License saved successfully
2026-07-08 21:34:22 - huginn - INFO - License loaded and validated successfully
2026-07-08 21:35:03 - huginn - INFO - License saved successfully
2026-07-08 21:35:03 - huginn - INFO - License loaded and validated successfully
2026-07-08 21:35:03 - huginn - INFO - Application starting...
2026-07-08 21:35:03 - huginn - INFO - Huginn version 0.0.0
2026-07-08 21:35:03 - huginn - INFO - Font loaded successfully
2026-07-08 21:35:03 - huginn - INFO - Stylesheet loaded successfully
2026-07-08 21:35:03 - huginn - INFO - Creating main window...
2026-07-08 21:35:03 - huginn - INFO - QThreadPool max threads set to 32 (CPUs: 32)
2026-07-08 21:35:03 - huginn - INFO - Custom font 'Neuropol X' loaded from C:\Users\allie\Coding Projects\huggin_suite\huginn\resources\fonts\neuropol.otf
2026-07-08 21:35:04 - huginn - INFO - Master index schema initialized.
2026-07-08 21:35:04 - huginn - DEBUG - [FeatureGapIntegration] Tenant→Engagement wiring connected.
2026-07-08 21:35:04 - huginn - INFO - [FeatureGapIntegration] All new modules integrated successfully.
2026-07-08 21:35:04 - huginn - INFO - Feature gap integration completed successfully
2026-07-08 21:35:54 - huginn - INFO - EngagementDatabase connected: C:\Users\allie\Coding Projects\huggin_suite\huginn\resources\engagements\3be37757-07dc-499f-b6c5-bf1ed60dc47f\engagement.db (pool_size=5)
2026-07-08 21:35:54 - huginn - INFO - Engagement opened: 3be37757-07dc-499f-b6c5-bf1ed60dc47f
2026-07-08 21:35:54 - huginn - INFO - NoteSystem: database attached and FTS initialized.
2026-07-08 21:35:54 - huginn - INFO - RetestWorkflow: database attached.
2026-07-08 21:37:12 - huginn - INFO - Using default configuration
2026-07-08 21:37:14 - huginn - INFO - Master index schema initialized.
2026-07-08 21:37:14 - huginn - INFO - License saved successfully
2026-07-08 21:37:14 - huginn - INFO - License loaded and validated successfully
2026-07-08 21:38:31 - huginn - DEBUG - Memory monitoring stopped
2026-07-08 21:38:31 - huginn - DEBUG - Connection pool closed all sessions
2026-07-08 21:38:33 - huginn - INFO - License saved successfully
2026-07-08 21:38:33 - huginn - INFO - License loaded and validated successfully
2026-07-08 21:38:33 - huginn - INFO - Application starting...
2026-07-08 21:38:33 - huginn - INFO - Huginn version 0.0.0
2026-07-08 21:38:33 - huginn - INFO - Font loaded successfully
2026-07-08 21:38:33 - huginn - INFO - Stylesheet loaded successfully
2026-07-08 21:38:33 - huginn - INFO - Creating main window...
2026-07-08 21:38:33 - huginn - INFO - QThreadPool max threads set to 32 (CPUs: 32)
2026-07-08 21:38:33 - huginn - INFO - Custom font 'Neuropol X' loaded from C:\Users\allie\Coding Projects\huggin_suite\huginn\resources\fonts\neuropol.otf
2026-07-08 21:38:35 - huginn - INFO - Master index schema initialized.
2026-07-08 21:38:35 - huginn - DEBUG - [FeatureGapIntegration] Tenant→Engagement wiring connected.
2026-07-08 21:38:35 - huginn - INFO - [FeatureGapIntegration] All new modules integrated successfully.
2026-07-08 21:38:35 - huginn - INFO - Feature gap integration completed successfully
2026-07-08 21:39:22 - huginn - DEBUG - Memory monitoring stopped
2026-07-08 21:39:22 - huginn - DEBUG - Connection pool closed all sessions
2026-07-08 21:40:29 - huginn - INFO - Using default configuration
2026-07-08 21:40:31 - huginn - INFO - Master index schema initialized.
2026-07-08 21:40:32 - huginn - INFO - License saved successfully
2026-07-08 21:40:32 - huginn - INFO - License loaded and validated successfully
2026-07-08 21:40:42 - huginn - INFO - License saved successfully
2026-07-08 21:40:42 - huginn - INFO - License loaded and validated successfully
2026-07-08 21:40:42 - huginn - INFO - Application starting...
2026-07-08 21:40:42 - huginn - INFO - Huginn version 0.0.0
2026-07-08 21:40:42 - huginn - INFO - Font loaded successfully
2026-07-08 21:40:42 - huginn - INFO - Stylesheet loaded successfully
2026-07-08 21:40:42 - huginn - INFO - Creating main window...
2026-07-08 21:40:42 - huginn - INFO - QThreadPool max threads set to 32 (CPUs: 32)
2026-07-08 21:40:42 - huginn - INFO - Custom font 'Neuropol X' loaded from C:\Users\allie\Coding Projects\huggin_suite\huginn\resources\fonts\neuropol.otf
2026-07-08 21:40:43 - huginn - INFO - Master index schema initialized.
2026-07-08 21:40:44 - huginn - DEBUG - [FeatureGapIntegration] Tenant→Engagement wiring connected.
2026-07-08 21:40:44 - huginn - INFO - [FeatureGapIntegration] All new modules integrated successfully.
2026-07-08 21:40:44 - huginn - INFO - Feature gap integration completed successfully
2026-07-08 21:41:32 - huginn - DEBUG - Memory monitoring stopped
2026-07-08 21:41:32 - huginn - DEBUG - Connection pool closed all sessions
2026-07-08 21:43:21 - huginn - INFO - Using default configuration
2026-07-08 21:43:23 - huginn - INFO - License saved successfully
2026-07-08 21:43:23 - huginn - INFO - License loaded and validated successfully
2026-07-08 21:43:23 - huginn - INFO - Application starting...
2026-07-08 21:43:23 - huginn - INFO - Huginn version 0.0.0
2026-07-08 21:43:23 - huginn - INFO - Font loaded successfully
2026-07-08 21:43:23 - huginn - INFO - Stylesheet loaded successfully
2026-07-08 21:43:23 - huginn - INFO - Creating main window...
2026-07-08 21:43:23 - huginn - INFO - QThreadPool max threads set to 32 (CPUs: 32)
2026-07-08 21:43:23 - huginn - INFO - Custom font 'Neuropol X' loaded from C:\Users\allie\Coding Projects\huggin_suite\huginn\resources\fonts\neuropol.otf
2026-07-08 21:43:23 - huginn - INFO - Master index schema initialized.
2026-07-08 21:43:23 - huginn - INFO - License saved successfully
2026-07-08 21:43:23 - huginn - INFO - License loaded and validated successfully
2026-07-08 21:43:24 - huginn - INFO - Master index schema initialized.
2026-07-08 21:43:24 - huginn - DEBUG - [FeatureGapIntegration] Tenant→Engagement wiring connected.
2026-07-08 21:43:24 - huginn - INFO - [FeatureGapIntegration] All new modules integrated successfully.
2026-07-08 21:43:24 - huginn - INFO - Feature gap integration completed successfully
2026-07-08 21:43:44 - huginn - DEBUG - Memory monitoring stopped
2026-07-08 21:43:44 - huginn - DEBUG - Connection pool closed all sessions
2026-07-08 21:44:03 - huginn - INFO - License saved successfully
2026-07-08 21:44:03 - huginn - INFO - License loaded and validated successfully
2026-07-08 21:44:03 - huginn - INFO - Application starting...
2026-07-08 21:44:03 - huginn - INFO - Huginn version 0.0.0
2026-07-08 21:44:03 - huginn - INFO - Font loaded successfully
2026-07-08 21:44:03 - huginn - INFO - Stylesheet loaded successfully
2026-07-08 21:44:03 - huginn - INFO - Creating main window...
2026-07-08 21:44:03 - huginn - INFO - QThreadPool max threads set to 32 (CPUs: 32)
2026-07-08 21:44:03 - huginn - INFO - Custom font 'Neuropol X' loaded from C:\Users\allie\Coding Projects\huggin_suite\huginn\resources\fonts\neuropol.otf
2026-07-08 21:44:04 - huginn - INFO - Master index schema initialized.
2026-07-08 21:44:04 - huginn - DEBUG - [FeatureGapIntegration] Tenant→Engagement wiring connected.
2026-07-08 21:44:04 - huginn - INFO - [FeatureGapIntegration] All new modules integrated successfully.
2026-07-08 21:44:04 - huginn - INFO - Feature gap integration completed successfully
2026-07-08 21:44:17 - huginn - DEBUG - Memory monitoring stopped
2026-07-08 21:44:17 - huginn - DEBUG - Connection pool closed all sessions
2026-07-08 21:45:43 - huginn - INFO - Using default configuration
2026-07-08 21:45:45 - huginn - INFO - Master index schema initialized.
2026-07-08 21:45:45 - huginn - INFO - License saved successfully
2026-07-08 21:45:45 - huginn - INFO - License loaded and validated successfully
2026-07-08 21:46:52 - huginn - INFO - Using default configuration
2026-07-08 21:46:55 - huginn - INFO - Master index schema initialized.
2026-07-08 21:46:55 - huginn - INFO - License saved successfully
2026-07-08 21:46:55 - huginn - INFO - License loaded and validated successfully
2026-07-08 21:47:08 - huginn - INFO - Using default configuration
2026-07-08 21:47:10 - huginn - INFO - Master index schema initialized.
2026-07-08 21:47:10 - huginn - INFO - License saved successfully
2026-07-08 21:47:10 - huginn - INFO - License loaded and validated successfully
2026-07-08 21:47:46 - huginn - INFO - License saved successfully
2026-07-08 21:47:46 - huginn - INFO - License loaded and validated successfully
2026-07-08 21:47:46 - huginn - INFO - Application starting...
2026-07-08 21:47:46 - huginn - INFO - Huginn version 0.0.0
2026-07-08 21:47:46 - huginn - INFO - Font loaded successfully
2026-07-08 21:47:46 - huginn - INFO - Stylesheet loaded successfully
2026-07-08 21:47:46 - huginn - INFO - Creating main window...
2026-07-08 21:47:46 - huginn - INFO - QThreadPool max threads set to 32 (CPUs: 32)
2026-07-08 21:47:46 - huginn - INFO - Custom font 'Neuropol X' loaded from C:\Users\allie\Coding Projects\huggin_suite\huginn\resources\fonts\neuropol.otf
2026-07-08 21:47:47 - huginn - INFO - Master index schema initialized.
2026-07-08 21:47:47 - huginn - DEBUG - [FeatureGapIntegration] Tenant→Engagement wiring connected.
2026-07-08 21:47:47 - huginn - INFO - [FeatureGapIntegration] All new modules integrated successfully.
2026-07-08 21:47:47 - huginn - INFO - Feature gap integration completed successfully
2026-07-08 21:48:07 - huginn - DEBUG - Memory monitoring stopped
2026-07-08 21:48:07 - huginn - DEBUG - Connection pool closed all sessions
2026-07-08 21:48:57 - huginn - INFO - Using default configuration
2026-07-08 21:48:59 - huginn - INFO - Master index schema initialized.
2026-07-08 21:48:59 - huginn - INFO - License saved successfully
2026-07-08 21:48:59 - huginn - INFO - License loaded and validated successfully
2026-07-08 21:49:04 - huginn - INFO - Using default configuration
2026-07-08 21:49:06 - huginn - INFO - Master index schema initialized.
2026-07-08 21:49:06 - huginn - INFO - License saved successfully
2026-07-08 21:49:06 - huginn - INFO - License loaded and validated successfully
2026-07-08 21:50:02 - huginn - INFO - License saved successfully
2026-07-08 21:50:02 - huginn - INFO - License loaded and validated successfully
2026-07-08 21:50:02 - huginn - INFO - Application starting...
2026-07-08 21:50:02 - huginn - INFO - Huginn version 0.0.0
2026-07-08 21:50:02 - huginn - INFO - Font loaded successfully
2026-07-08 21:50:02 - huginn - INFO - Stylesheet loaded successfully
2026-07-08 21:50:02 - huginn - INFO - Creating main window...
2026-07-08 21:50:02 - huginn - INFO - QThreadPool max threads set to 32 (CPUs: 32)
2026-07-08 21:50:02 - huginn - INFO - Custom font 'Neuropol X' loaded from C:\Users\allie\Coding Projects\huggin_suite\huginn\resources\fonts\neuropol.otf
2026-07-08 21:50:03 - huginn - INFO - Master index schema initialized.
2026-07-08 21:50:03 - huginn - DEBUG - [FeatureGapIntegration] Tenant→Engagement wiring connected.
2026-07-08 21:50:03 - huginn - INFO - [FeatureGapIntegration] All new modules integrated successfully.
2026-07-08 21:50:03 - huginn - INFO - Feature gap integration completed successfully
2026-07-08 21:50:18 - huginn - DEBUG - Memory monitoring stopped
2026-07-08 21:50:18 - huginn - DEBUG - Connection pool closed all sessions
