2026-06-28 18:10:54 - huginn - INFO - Using default configuration
2026-06-28 18:10:54 - huginn - INFO - Using default configuration
2026-06-28 18:10:56 - huginn - INFO - License saved successfully
2026-06-28 18:10:56 - huginn - INFO - License saved successfully
2026-06-28 18:10:56 - huginn - INFO - License loaded and validated successfully
2026-06-28 18:10:56 - huginn - INFO - License loaded and validated successfully
2026-06-28 18:10:57 - huginn - INFO - Using default configuration
2026-06-28 18:10:59 - huginn - INFO - License saved successfully
2026-06-28 18:10:59 - huginn - INFO - License loaded and validated successfully
2026-06-28 18:16:01 - huginn - INFO - Using default configuration
2026-06-28 18:16:03 - huginn - INFO - License saved successfully
2026-06-28 18:16:03 - huginn - INFO - License loaded and validated successfully
2026-06-28 18:16:24 - huginn - INFO - License saved successfully
2026-06-28 18:16:24 - huginn - INFO - License loaded and validated successfully
2026-06-28 18:16:24 - huginn - INFO - Application starting...
2026-06-28 18:16:24 - huginn - INFO - Huginn version 1.0.0
2026-06-28 18:16:24 - huginn - INFO - Font loaded successfully
2026-06-28 18:16:24 - huginn - INFO - Stylesheet loaded successfully
2026-06-28 18:16:24 - huginn - INFO - Creating main window...
2026-06-28 18:16:24 - huginn - INFO - QThreadPool max threads set to 32 (CPUs: 32)
2026-06-28 18:16:24 - huginn - INFO - Custom font 'Neuropol X' loaded from C:\Users\allie\Coding Projects\huggin_suite\huginn\resources\fonts\neuropol.otf
2026-06-28 18:16:26 - huginn - INFO - Master index schema initialized.
2026-06-28 18:16:26 - huginn - DEBUG - [FeatureGapIntegration] Tenant→Engagement wiring connected.
2026-06-28 18:16:26 - huginn - INFO - [FeatureGapIntegration] All new modules integrated successfully.
2026-06-28 18:16:26 - huginn - INFO - Feature gap integration completed successfully
2026-06-28 18:16:38 - huginn - DEBUG - Memory monitoring stopped
2026-06-28 18:16:38 - huginn - DEBUG - Connection pool closed all sessions
2026-06-28 18:18:06 - huginn - INFO - Using default configuration
2026-06-28 18:18:08 - huginn - INFO - License saved successfully
2026-06-28 18:18:08 - huginn - INFO - License loaded and validated successfully
2026-06-28 18:18:30 - huginn - INFO - License saved successfully
2026-06-28 18:18:30 - huginn - INFO - License loaded and validated successfully
2026-06-28 18:18:30 - huginn - INFO - Application starting...
2026-06-28 18:18:30 - huginn - INFO - Huginn version 1.0.0
2026-06-28 18:18:30 - huginn - INFO - Font loaded successfully
2026-06-28 18:18:30 - huginn - INFO - Stylesheet loaded successfully
2026-06-28 18:18:30 - huginn - INFO - Creating main window...
2026-06-28 18:18:30 - huginn - INFO - QThreadPool max threads set to 32 (CPUs: 32)
2026-06-28 18:18:30 - huginn - INFO - Custom font 'Neuropol X' loaded from C:\Users\allie\Coding Projects\huggin_suite\huginn\resources\fonts\neuropol.otf
2026-06-28 18:18:31 - huginn - INFO - Master index schema initialized.
2026-06-28 18:18:32 - huginn - DEBUG - [FeatureGapIntegration] Tenant→Engagement wiring connected.
2026-06-28 18:18:32 - huginn - INFO - [FeatureGapIntegration] All new modules integrated successfully.
2026-06-28 18:18:32 - huginn - INFO - Feature gap integration completed successfully
2026-06-28 18:18:56 - huginn - INFO - EngagementDatabase connected: C:\Users\allie\Coding Projects\huggin_suite\huginn\resources\engagements\5b978795-a889-497d-8dd7-8bfae3eb0638\engagement.db (pool_size=5)
2026-06-28 18:18:56 - huginn - INFO - EngagementDatabase schema created: C:\Users\allie\Coding Projects\huggin_suite\huginn\resources\engagements\5b978795-a889-497d-8dd7-8bfae3eb0638\engagement.db
2026-06-28 18:18:56 - huginn - INFO - EngagementDatabase closed: C:\Users\allie\Coding Projects\huggin_suite\huginn\resources\engagements\5b978795-a889-497d-8dd7-8bfae3eb0638\engagement.db (5 connections)
2026-06-28 18:18:56 - huginn - INFO - Engagement created: 5b978795-a889-497d-8dd7-8bfae3eb0638 (Facts)
2026-06-28 18:18:56 - huginn - INFO - EngagementDatabase connected: C:\Users\allie\Coding Projects\huggin_suite\huginn\resources\engagements\5b978795-a889-497d-8dd7-8bfae3eb0638\engagement.db (pool_size=5)
2026-06-28 18:18:56 - huginn - INFO - Engagement opened: 5b978795-a889-497d-8dd7-8bfae3eb0638
2026-06-28 18:18:56 - huginn - INFO - NoteSystem: database attached and FTS initialized.
2026-06-28 18:18:56 - huginn - INFO - RetestWorkflow: database attached.
2026-06-28 18:19:11 - huginn - DEBUG - Memory monitoring stopped
2026-06-28 18:19:11 - huginn - DEBUG - Connection pool closed all sessions
