2026-07-07 07:51:03 - huginn - INFO - Using default configuration
2026-07-07 07:51:06 - huginn - INFO - Master index schema initialized.
2026-07-07 07:51:06 - huginn - INFO - License saved successfully
2026-07-07 07:51:06 - huginn - INFO - License loaded and validated successfully
2026-07-07 07:51:12 - huginn - INFO - Using default configuration
2026-07-07 07:51:14 - huginn - INFO - Master index schema initialized.
2026-07-07 07:51:14 - huginn - INFO - License saved successfully
2026-07-07 07:51:14 - huginn - INFO - License loaded and validated successfully
2026-07-07 07:51:19 - huginn - INFO - Using default configuration
2026-07-07 07:51:21 - huginn - INFO - Master index schema initialized.
2026-07-07 07:51:22 - huginn - INFO - License saved successfully
2026-07-07 07:51:22 - huginn - INFO - License loaded and validated successfully
2026-07-07 07:51:27 - huginn - INFO - Using default configuration
2026-07-07 07:51:29 - huginn - INFO - Master index schema initialized.
2026-07-07 07:51:30 - huginn - INFO - License saved successfully
2026-07-07 07:51:30 - huginn - INFO - License loaded and validated successfully
2026-07-07 07:51:58 - huginn - INFO - Using default configuration
2026-07-07 07:52:00 - huginn - INFO - Master index schema initialized.
2026-07-07 07:52:00 - huginn - INFO - License saved successfully
2026-07-07 07:52:00 - huginn - INFO - License loaded and validated successfully
2026-07-07 07:52:04 - huginn - INFO - Using default configuration
2026-07-07 07:52:06 - huginn - INFO - Master index schema initialized.
2026-07-07 07:52:06 - huginn - INFO - License saved successfully
2026-07-07 07:52:06 - huginn - INFO - License loaded and validated successfully
2026-07-07 07:52:21 - huginn - INFO - Using default configuration
2026-07-07 07:52:23 - huginn - INFO - Master index schema initialized.
2026-07-07 07:52:23 - huginn - INFO - License saved successfully
2026-07-07 07:52:23 - huginn - INFO - License loaded and validated successfully
2026-07-07 07:52:30 - huginn - INFO - Using default configuration
2026-07-07 07:52:32 - huginn - INFO - Master index schema initialized.
2026-07-07 07:52:32 - huginn - INFO - License saved successfully
2026-07-07 07:52:32 - huginn - INFO - License loaded and validated successfully
2026-07-07 07:52:40 - huginn - INFO - Using default configuration
2026-07-07 07:52:42 - huginn - INFO - Master index schema initialized.
2026-07-07 07:52:42 - huginn - INFO - License saved successfully
2026-07-07 07:52:42 - huginn - INFO - License loaded and validated successfully
2026-07-07 07:52:48 - huginn - INFO - Using default configuration
2026-07-07 07:52:50 - huginn - INFO - Master index schema initialized.
2026-07-07 07:52:50 - huginn - INFO - License saved successfully
2026-07-07 07:52:50 - huginn - INFO - License loaded and validated successfully
2026-07-07 07:53:25 - huginn - INFO - Using default configuration
2026-07-07 07:53:27 - huginn - INFO - Master index schema initialized.
2026-07-07 07:53:27 - huginn - INFO - License saved successfully
2026-07-07 07:53:27 - huginn - INFO - License loaded and validated successfully
2026-07-07 07:54:02 - huginn - INFO - Using default configuration
2026-07-07 07:54:04 - huginn - INFO - Master index schema initialized.
2026-07-07 07:54:04 - huginn - INFO - License saved successfully
2026-07-07 07:54:04 - huginn - INFO - License loaded and validated successfully
2026-07-07 07:58:12 - huginn - INFO - Using default configuration
2026-07-07 07:58:14 - huginn - INFO - Master index schema initialized.
2026-07-07 07:58:14 - huginn - INFO - License saved successfully
2026-07-07 07:58:14 - huginn - INFO - License loaded and validated successfully
2026-07-07 07:58:29 - huginn - INFO - Using default configuration
2026-07-07 07:58:31 - huginn - INFO - Master index schema initialized.
2026-07-07 07:58:31 - huginn - INFO - License saved successfully
2026-07-07 07:58:31 - huginn - INFO - License loaded and validated successfully
2026-07-07 07:58:34 - huginn - INFO - Using default configuration
2026-07-07 07:58:36 - huginn - INFO - Master index schema initialized.
2026-07-07 07:58:36 - huginn - INFO - License saved successfully
2026-07-07 07:58:36 - huginn - INFO - License loaded and validated successfully
2026-07-07 07:58:42 - huginn - INFO - Using default configuration
2026-07-07 07:58:44 - huginn - INFO - Master index schema initialized.
2026-07-07 07:58:44 - huginn - INFO - License saved successfully
2026-07-07 07:58:44 - huginn - INFO - License loaded and validated successfully
2026-07-07 07:58:49 - huginn - INFO - Using default configuration
2026-07-07 07:58:51 - huginn - INFO - Master index schema initialized.
2026-07-07 07:58:51 - huginn - INFO - License saved successfully
2026-07-07 07:58:51 - huginn - INFO - License loaded and validated successfully
2026-07-07 07:58:54 - huginn - INFO - Using default configuration
2026-07-07 07:58:56 - huginn - INFO - Master index schema initialized.
2026-07-07 07:58:56 - huginn - INFO - License saved successfully
2026-07-07 07:58:56 - huginn - INFO - License loaded and validated successfully
2026-07-07 07:59:10 - huginn - INFO - Using default configuration
2026-07-07 07:59:12 - huginn - INFO - Master index schema initialized.
2026-07-07 07:59:12 - huginn - INFO - License saved successfully
2026-07-07 07:59:12 - huginn - INFO - License loaded and validated successfully
2026-07-07 07:59:15 - huginn - INFO - Using default configuration
2026-07-07 07:59:17 - huginn - INFO - Master index schema initialized.
2026-07-07 07:59:17 - huginn - INFO - License saved successfully
2026-07-07 07:59:17 - huginn - INFO - License loaded and validated successfully
2026-07-07 07:59:19 - huginn - INFO - Using default configuration
2026-07-07 07:59:21 - huginn - INFO - Master index schema initialized.
2026-07-07 07:59:21 - huginn - INFO - License saved successfully
2026-07-07 07:59:21 - huginn - INFO - License loaded and validated successfully
2026-07-07 07:59:24 - huginn - INFO - Using default configuration
2026-07-07 07:59:26 - huginn - INFO - Master index schema initialized.
2026-07-07 07:59:27 - huginn - INFO - License saved successfully
2026-07-07 07:59:27 - huginn - INFO - License loaded and validated successfully
2026-07-07 07:59:28 - huginn - INFO - Using default configuration
2026-07-07 07:59:30 - huginn - INFO - Master index schema initialized.
2026-07-07 07:59:31 - huginn - INFO - License saved successfully
2026-07-07 07:59:31 - huginn - INFO - License loaded and validated successfully
2026-07-07 07:59:33 - huginn - INFO - Using default configuration
2026-07-07 07:59:35 - huginn - INFO - Master index schema initialized.
2026-07-07 07:59:36 - huginn - INFO - License saved successfully
2026-07-07 07:59:36 - huginn - INFO - License loaded and validated successfully
2026-07-07 07:59:45 - huginn - INFO - Using default configuration
2026-07-07 07:59:47 - huginn - INFO - Master index schema initialized.
2026-07-07 07:59:47 - huginn - INFO - License saved successfully
2026-07-07 07:59:47 - huginn - INFO - License loaded and validated successfully
2026-07-07 07:59:51 - huginn - INFO - Using default configuration
2026-07-07 07:59:53 - huginn - INFO - Master index schema initialized.
2026-07-07 07:59:53 - huginn - INFO - License saved successfully
2026-07-07 07:59:53 - huginn - INFO - License loaded and validated successfully
2026-07-07 08:00:02 - huginn - INFO - Using default configuration
2026-07-07 08:00:04 - huginn - INFO - Master index schema initialized.
2026-07-07 08:00:04 - huginn - INFO - License saved successfully
2026-07-07 08:00:04 - huginn - INFO - License loaded and validated successfully
2026-07-07 08:00:06 - huginn - INFO - Using default configuration
2026-07-07 08:00:08 - huginn - INFO - Master index schema initialized.
2026-07-07 08:00:09 - huginn - INFO - License saved successfully
2026-07-07 08:00:09 - huginn - INFO - License loaded and validated successfully
2026-07-07 08:00:37 - huginn - INFO - Using default configuration
2026-07-07 08:00:39 - huginn - INFO - Master index schema initialized.
2026-07-07 08:00:39 - huginn - INFO - License saved successfully
2026-07-07 08:00:39 - huginn - INFO - License loaded and validated successfully
2026-07-07 08:00:56 - huginn - INFO - Using default configuration
2026-07-07 08:00:58 - huginn - INFO - Master index schema initialized.
2026-07-07 08:00:58 - huginn - INFO - License saved successfully
2026-07-07 08:00:58 - huginn - INFO - License loaded and validated successfully
2026-07-07 08:01:14 - huginn - INFO - Using default configuration
2026-07-07 08:01:16 - huginn - INFO - Master index schema initialized.
2026-07-07 08:01:16 - huginn - INFO - License saved successfully
2026-07-07 08:01:16 - huginn - INFO - License loaded and validated successfully
2026-07-07 08:01:37 - huginn - INFO - Using default configuration
2026-07-07 08:01:39 - huginn - INFO - Master index schema initialized.
2026-07-07 08:01:39 - huginn - INFO - License saved successfully
2026-07-07 08:01:39 - huginn - INFO - License loaded and validated successfully
2026-07-07 08:01:56 - huginn - INFO - Using default configuration
2026-07-07 08:01:58 - huginn - INFO - Master index schema initialized.
2026-07-07 08:01:58 - huginn - INFO - License saved successfully
2026-07-07 08:01:58 - huginn - INFO - License loaded and validated successfully
2026-07-07 08:02:21 - huginn - INFO - Using default configuration
2026-07-07 08:02:23 - huginn - INFO - Master index schema initialized.
2026-07-07 08:02:23 - huginn - INFO - License saved successfully
2026-07-07 08:02:23 - huginn - INFO - License loaded and validated successfully
2026-07-07 08:04:20 - huginn - INFO - Using default configuration
2026-07-07 08:04:22 - huginn - INFO - Master index schema initialized.
2026-07-07 08:04:22 - huginn - INFO - License saved successfully
2026-07-07 08:04:22 - huginn - INFO - License loaded and validated successfully
2026-07-07 17:51:56 - huginn - INFO - License saved successfully
2026-07-07 17:51:56 - huginn - INFO - License loaded and validated successfully
2026-07-07 17:51:56 - huginn - INFO - Application starting...
2026-07-07 17:51:56 - huginn - INFO - Huginn version 0.0.0
2026-07-07 17:51:56 - huginn - INFO - Font loaded successfully
2026-07-07 17:51:56 - huginn - INFO - Stylesheet loaded successfully
2026-07-07 17:51:56 - huginn - INFO - Creating main window...
2026-07-07 17:51:56 - huginn - INFO - QThreadPool max threads set to 32 (CPUs: 32)
2026-07-07 17:51:56 - huginn - INFO - Custom font 'Neuropol X' loaded from C:\Users\allie\Coding Projects\huggin_suite\huginn\resources\fonts\neuropol.otf
2026-07-07 17:51:57 - huginn - INFO - Master index schema initialized.
2026-07-07 17:51:58 - huginn - DEBUG - [FeatureGapIntegration] Tenant→Engagement wiring connected.
2026-07-07 17:51:58 - huginn - INFO - [FeatureGapIntegration] All new modules integrated successfully.
2026-07-07 17:51:58 - huginn - INFO - Feature gap integration completed successfully
2026-07-07 17:52:17 - huginn - INFO - EngagementDatabase connected: C:\Users\allie\Coding Projects\huggin_suite\huginn\resources\engagements\3be37757-07dc-499f-b6c5-bf1ed60dc47f\engagement.db (pool_size=5)
2026-07-07 17:52:17 - huginn - INFO - Engagement opened: 3be37757-07dc-499f-b6c5-bf1ed60dc47f
2026-07-07 17:52:17 - huginn - INFO - NoteSystem: database attached and FTS initialized.
2026-07-07 17:52:17 - huginn - INFO - RetestWorkflow: database attached.
2026-07-07 17:53:12 - huginn - DEBUG - Session token generated
2026-07-07 17:54:36 - huginn - DEBUG - Memory monitoring stopped
2026-07-07 17:54:36 - huginn - DEBUG - Connection pool closed all sessions
2026-07-07 17:55:23 - huginn - INFO - Using default configuration
2026-07-07 17:55:25 - huginn - INFO - Master index schema initialized.
2026-07-07 17:55:25 - huginn - INFO - License saved successfully
2026-07-07 17:55:25 - huginn - INFO - License loaded and validated successfully
2026-07-07 17:55:32 - huginn - INFO - Using default configuration
2026-07-07 17:55:34 - huginn - INFO - Master index schema initialized.
2026-07-07 17:55:34 - huginn - INFO - License saved successfully
2026-07-07 17:55:34 - huginn - INFO - License loaded and validated successfully
2026-07-07 17:55:41 - huginn - INFO - Using default configuration
2026-07-07 17:55:43 - huginn - INFO - Master index schema initialized.
2026-07-07 17:55:43 - huginn - INFO - License saved successfully
2026-07-07 17:55:43 - huginn - INFO - License loaded and validated successfully
2026-07-07 17:55:50 - huginn - INFO - Using default configuration
2026-07-07 17:55:52 - huginn - INFO - Master index schema initialized.
2026-07-07 17:55:52 - huginn - INFO - License saved successfully
2026-07-07 17:55:52 - huginn - INFO - License loaded and validated successfully
2026-07-07 17:55:58 - huginn - INFO - Using default configuration
2026-07-07 17:56:00 - huginn - INFO - Master index schema initialized.
2026-07-07 17:56:00 - huginn - INFO - License saved successfully
2026-07-07 17:56:00 - huginn - INFO - License loaded and validated successfully
2026-07-07 17:56:07 - huginn - INFO - Using default configuration
2026-07-07 17:56:09 - huginn - INFO - Master index schema initialized.
2026-07-07 17:56:09 - huginn - INFO - License saved successfully
2026-07-07 17:56:09 - huginn - INFO - License loaded and validated successfully
2026-07-07 17:57:30 - huginn - INFO - License saved successfully
2026-07-07 17:57:30 - huginn - INFO - License loaded and validated successfully
2026-07-07 17:57:30 - huginn - INFO - Application starting...
2026-07-07 17:57:30 - huginn - INFO - Huginn version 0.0.0
2026-07-07 17:57:30 - huginn - INFO - Font loaded successfully
2026-07-07 17:57:30 - huginn - INFO - Stylesheet loaded successfully
2026-07-07 17:57:30 - huginn - INFO - Creating main window...
2026-07-07 17:57:30 - huginn - INFO - QThreadPool max threads set to 32 (CPUs: 32)
2026-07-07 17:57:30 - huginn - INFO - Custom font 'Neuropol X' loaded from C:\Users\allie\Coding Projects\huggin_suite\huginn\resources\fonts\neuropol.otf
2026-07-07 17:57:31 - huginn - INFO - Master index schema initialized.
2026-07-07 17:57:31 - huginn - DEBUG - [FeatureGapIntegration] Tenant→Engagement wiring connected.
2026-07-07 17:57:31 - huginn - INFO - [FeatureGapIntegration] All new modules integrated successfully.
2026-07-07 17:57:31 - huginn - INFO - Feature gap integration completed successfully
2026-07-07 17:57:38 - huginn - INFO - EngagementDatabase connected: C:\Users\allie\Coding Projects\huggin_suite\huginn\resources\engagements\3be37757-07dc-499f-b6c5-bf1ed60dc47f\engagement.db (pool_size=5)
2026-07-07 17:57:38 - huginn - INFO - Engagement opened: 3be37757-07dc-499f-b6c5-bf1ed60dc47f
2026-07-07 17:57:38 - huginn - INFO - NoteSystem: database attached and FTS initialized.
2026-07-07 17:57:38 - huginn - INFO - RetestWorkflow: database attached.
2026-07-07 18:02:03 - huginn - DEBUG - Memory monitoring stopped
2026-07-07 18:02:03 - huginn - DEBUG - Connection pool closed all sessions
2026-07-07 18:03:30 - huginn - INFO - Using default configuration
2026-07-07 18:03:32 - huginn - INFO - Master index schema initialized.
2026-07-07 18:03:33 - huginn - INFO - License saved successfully
2026-07-07 18:03:33 - huginn - INFO - License loaded and validated successfully
2026-07-07 18:03:44 - huginn - INFO - Using default configuration
2026-07-07 18:03:46 - huginn - INFO - Master index schema initialized.
2026-07-07 18:03:46 - huginn - INFO - License saved successfully
2026-07-07 18:03:46 - huginn - INFO - License loaded and validated successfully
2026-07-07 18:03:54 - huginn - INFO - Using default configuration
2026-07-07 18:03:56 - huginn - INFO - Master index schema initialized.
2026-07-07 18:03:57 - huginn - INFO - License saved successfully
2026-07-07 18:03:57 - huginn - INFO - License loaded and validated successfully
2026-07-07 21:18:35 - huginn - INFO - License saved successfully
2026-07-07 21:18:35 - huginn - INFO - License loaded and validated successfully
2026-07-07 21:18:35 - huginn - INFO - Application starting...
2026-07-07 21:18:35 - huginn - INFO - Huginn version 0.0.0
2026-07-07 21:18:35 - huginn - INFO - Font loaded successfully
2026-07-07 21:18:35 - huginn - INFO - Stylesheet loaded successfully
2026-07-07 21:18:35 - huginn - INFO - Creating main window...
2026-07-07 21:18:35 - huginn - INFO - QThreadPool max threads set to 32 (CPUs: 32)
2026-07-07 21:18:35 - huginn - INFO - Custom font 'Neuropol X' loaded from C:\Users\allie\Coding Projects\huggin_suite\huginn\resources\fonts\neuropol.otf
2026-07-07 21:18:36 - huginn - INFO - Master index schema initialized.
2026-07-07 21:18:36 - huginn - DEBUG - [FeatureGapIntegration] Tenant→Engagement wiring connected.
2026-07-07 21:18:36 - huginn - INFO - [FeatureGapIntegration] All new modules integrated successfully.
2026-07-07 21:18:36 - huginn - INFO - Feature gap integration completed successfully
2026-07-07 21:18:45 - huginn - INFO - EngagementDatabase connected: C:\Users\allie\Coding Projects\huggin_suite\huginn\resources\engagements\3be37757-07dc-499f-b6c5-bf1ed60dc47f\engagement.db (pool_size=5)
2026-07-07 21:18:45 - huginn - INFO - Engagement opened: 3be37757-07dc-499f-b6c5-bf1ed60dc47f
2026-07-07 21:18:45 - huginn - INFO - NoteSystem: database attached and FTS initialized.
2026-07-07 21:18:45 - huginn - INFO - RetestWorkflow: database attached.
2026-07-07 21:21:42 - huginn - INFO - Using default configuration
2026-07-07 21:21:44 - huginn - INFO - Master index schema initialized.
2026-07-07 21:21:45 - huginn - INFO - License saved successfully
2026-07-07 21:21:45 - huginn - INFO - License loaded and validated successfully
2026-07-07 21:24:38 - huginn - DEBUG - Memory monitoring stopped
2026-07-07 21:24:38 - huginn - DEBUG - Connection pool closed all sessions
2026-07-07 21:25:22 - huginn - INFO - Using default configuration
2026-07-07 21:25:24 - huginn - INFO - Master index schema initialized.
2026-07-07 21:25:24 - huginn - INFO - License saved successfully
2026-07-07 21:25:24 - huginn - INFO - License loaded and validated successfully
2026-07-07 21:25:24 - huginn - INFO - License saved successfully
2026-07-07 21:25:24 - huginn - INFO - License loaded and validated successfully
2026-07-07 21:25:24 - huginn - INFO - Application starting...
2026-07-07 21:25:24 - huginn - INFO - Huginn version 0.0.0
2026-07-07 21:25:24 - huginn - INFO - Font loaded successfully
2026-07-07 21:25:24 - huginn - INFO - Stylesheet loaded successfully
2026-07-07 21:25:24 - huginn - INFO - Creating main window...
2026-07-07 21:25:24 - huginn - INFO - QThreadPool max threads set to 32 (CPUs: 32)
2026-07-07 21:25:24 - huginn - INFO - Custom font 'Neuropol X' loaded from C:\Users\allie\Coding Projects\huggin_suite\huginn\resources\fonts\neuropol.otf
2026-07-07 21:25:25 - huginn - INFO - Master index schema initialized.
2026-07-07 21:25:26 - huginn - DEBUG - [FeatureGapIntegration] Tenant→Engagement wiring connected.
2026-07-07 21:25:26 - huginn - INFO - [FeatureGapIntegration] All new modules integrated successfully.
2026-07-07 21:25:26 - huginn - INFO - Feature gap integration completed successfully
2026-07-07 21:29:50 - huginn - INFO - Using default configuration
2026-07-07 21:29:52 - huginn - INFO - Master index schema initialized.
2026-07-07 21:29:52 - huginn - INFO - License saved successfully
2026-07-07 21:29:52 - huginn - INFO - License loaded and validated successfully
2026-07-07 21:30:00 - huginn - DEBUG - Memory monitoring stopped
2026-07-07 21:30:00 - huginn - DEBUG - Connection pool closed all sessions
2026-07-07 21:30:04 - huginn - INFO - License saved successfully
2026-07-07 21:30:04 - huginn - INFO - License loaded and validated successfully
2026-07-07 21:30:04 - huginn - INFO - Application starting...
2026-07-07 21:30:04 - huginn - INFO - Huginn version 0.0.0
2026-07-07 21:30:04 - huginn - INFO - Font loaded successfully
2026-07-07 21:30:04 - huginn - INFO - Stylesheet loaded successfully
2026-07-07 21:30:04 - huginn - INFO - Creating main window...
2026-07-07 21:30:04 - huginn - INFO - QThreadPool max threads set to 32 (CPUs: 32)
2026-07-07 21:30:04 - huginn - INFO - Custom font 'Neuropol X' loaded from C:\Users\allie\Coding Projects\huggin_suite\huginn\resources\fonts\neuropol.otf
2026-07-07 21:30:05 - huginn - INFO - Master index schema initialized.
2026-07-07 21:30:05 - huginn - DEBUG - [FeatureGapIntegration] Tenant→Engagement wiring connected.
2026-07-07 21:30:05 - huginn - INFO - [FeatureGapIntegration] All new modules integrated successfully.
2026-07-07 21:30:05 - huginn - INFO - Feature gap integration completed successfully
2026-07-07 21:32:00 - huginn - INFO - Using default configuration
2026-07-07 21:32:02 - huginn - INFO - Master index schema initialized.
2026-07-07 21:32:02 - huginn - INFO - License saved successfully
2026-07-07 21:32:02 - huginn - INFO - License loaded and validated successfully
2026-07-07 21:32:20 - huginn - DEBUG - Memory monitoring stopped
2026-07-07 21:32:20 - huginn - DEBUG - Connection pool closed all sessions
2026-07-07 21:34:34 - huginn - INFO - Using default configuration
2026-07-07 21:34:36 - huginn - INFO - Master index schema initialized.
2026-07-07 21:34:37 - huginn - INFO - License saved successfully
2026-07-07 21:34:37 - huginn - INFO - License loaded and validated successfully
2026-07-07 21:34:59 - huginn - INFO - Using default configuration
2026-07-07 21:35:01 - huginn - INFO - Master index schema initialized.
2026-07-07 21:35:01 - huginn - INFO - License saved successfully
2026-07-07 21:35:01 - huginn - INFO - License loaded and validated successfully
2026-07-07 21:35:09 - huginn - INFO - Using default configuration
2026-07-07 21:35:11 - huginn - INFO - Master index schema initialized.
2026-07-07 21:35:11 - huginn - INFO - License saved successfully
2026-07-07 21:35:11 - huginn - INFO - License loaded and validated successfully
2026-07-07 21:35:18 - huginn - INFO - Using default configuration
2026-07-07 21:35:20 - huginn - INFO - Master index schema initialized.
2026-07-07 21:35:20 - huginn - INFO - License saved successfully
2026-07-07 21:35:20 - huginn - INFO - License loaded and validated successfully
2026-07-07 21:35:27 - huginn - INFO - Using default configuration
2026-07-07 21:35:29 - huginn - INFO - Master index schema initialized.
2026-07-07 21:35:29 - huginn - INFO - License saved successfully
2026-07-07 21:35:29 - huginn - INFO - License loaded and validated successfully
2026-07-07 21:54:58 - huginn - INFO - License saved successfully
2026-07-07 21:54:58 - huginn - INFO - License loaded and validated successfully
2026-07-07 21:54:58 - huginn - INFO - Application starting...
2026-07-07 21:54:58 - huginn - INFO - Huginn version 0.0.0
2026-07-07 21:54:58 - huginn - INFO - Font loaded successfully
2026-07-07 21:54:58 - huginn - INFO - Stylesheet loaded successfully
2026-07-07 21:54:58 - huginn - INFO - Creating main window...
2026-07-07 21:54:58 - huginn - INFO - QThreadPool max threads set to 32 (CPUs: 32)
2026-07-07 21:54:58 - huginn - INFO - Custom font 'Neuropol X' loaded from C:\Users\allie\Coding Projects\huggin_suite\huginn\resources\fonts\neuropol.otf
2026-07-07 21:54:59 - huginn - INFO - Master index schema initialized.
2026-07-07 21:55:00 - huginn - DEBUG - [FeatureGapIntegration] Tenant→Engagement wiring connected.
2026-07-07 21:55:00 - huginn - INFO - [FeatureGapIntegration] All new modules integrated successfully.
2026-07-07 21:55:00 - huginn - INFO - Feature gap integration completed successfully
2026-07-07 21:55:08 - huginn - INFO - EngagementDatabase connected: C:\Users\allie\Coding Projects\huggin_suite\huginn\resources\engagements\3be37757-07dc-499f-b6c5-bf1ed60dc47f\engagement.db (pool_size=5)
2026-07-07 21:55:08 - huginn - INFO - Engagement opened: 3be37757-07dc-499f-b6c5-bf1ed60dc47f
2026-07-07 21:55:08 - huginn - INFO - NoteSystem: database attached and FTS initialized.
2026-07-07 21:55:08 - huginn - INFO - RetestWorkflow: database attached.
2026-07-07 21:58:26 - huginn - INFO - Using default configuration
2026-07-07 21:58:28 - huginn - INFO - Master index schema initialized.
2026-07-07 21:58:29 - huginn - INFO - License saved successfully
2026-07-07 21:58:29 - huginn - INFO - License loaded and validated successfully
2026-07-07 21:59:36 - huginn - DEBUG - Memory monitoring stopped
2026-07-07 21:59:36 - huginn - DEBUG - Connection pool closed all sessions
2026-07-07 21:59:40 - huginn - INFO - License saved successfully
2026-07-07 21:59:40 - huginn - INFO - License loaded and validated successfully
2026-07-07 21:59:40 - huginn - INFO - Application starting...
2026-07-07 21:59:40 - huginn - INFO - Huginn version 0.0.0
2026-07-07 21:59:40 - huginn - INFO - Font loaded successfully
2026-07-07 21:59:40 - huginn - INFO - Stylesheet loaded successfully
2026-07-07 21:59:40 - huginn - INFO - Creating main window...
2026-07-07 21:59:40 - huginn - INFO - QThreadPool max threads set to 32 (CPUs: 32)
2026-07-07 21:59:40 - huginn - INFO - Custom font 'Neuropol X' loaded from C:\Users\allie\Coding Projects\huggin_suite\huginn\resources\fonts\neuropol.otf
2026-07-07 21:59:41 - huginn - INFO - Master index schema initialized.
2026-07-07 21:59:41 - huginn - DEBUG - [FeatureGapIntegration] Tenant→Engagement wiring connected.
2026-07-07 21:59:41 - huginn - INFO - [FeatureGapIntegration] All new modules integrated successfully.
2026-07-07 21:59:41 - huginn - INFO - Feature gap integration completed successfully
2026-07-07 22:02:05 - huginn - INFO - Using default configuration
2026-07-07 22:02:06 - huginn - INFO - Master index schema initialized.
2026-07-07 22:02:07 - huginn - INFO - License saved successfully
2026-07-07 22:02:07 - huginn - INFO - License loaded and validated successfully
2026-07-07 22:02:07 - huginn - DEBUG - Memory monitoring stopped
2026-07-07 22:02:07 - huginn - DEBUG - Connection pool closed all sessions
2026-07-07 22:02:12 - huginn - INFO - License saved successfully
2026-07-07 22:02:12 - huginn - INFO - License loaded and validated successfully
2026-07-07 22:02:12 - huginn - INFO - Application starting...
2026-07-07 22:02:12 - huginn - INFO - Huginn version 0.0.0
2026-07-07 22:02:12 - huginn - INFO - Font loaded successfully
2026-07-07 22:02:12 - huginn - INFO - Stylesheet loaded successfully
2026-07-07 22:02:12 - huginn - INFO - Creating main window...
2026-07-07 22:02:12 - huginn - INFO - QThreadPool max threads set to 32 (CPUs: 32)
2026-07-07 22:02:12 - huginn - INFO - Custom font 'Neuropol X' loaded from C:\Users\allie\Coding Projects\huggin_suite\huginn\resources\fonts\neuropol.otf
2026-07-07 22:02:13 - huginn - INFO - Master index schema initialized.
2026-07-07 22:02:13 - huginn - DEBUG - [FeatureGapIntegration] Tenant→Engagement wiring connected.
2026-07-07 22:02:13 - huginn - INFO - [FeatureGapIntegration] All new modules integrated successfully.
2026-07-07 22:02:13 - huginn - INFO - Feature gap integration completed successfully
2026-07-07 22:03:30 - huginn - INFO - Using default configuration
2026-07-07 22:03:32 - huginn - INFO - Master index schema initialized.
2026-07-07 22:03:32 - huginn - INFO - License saved successfully
2026-07-07 22:03:32 - huginn - INFO - License loaded and validated successfully
2026-07-07 22:04:25 - huginn - DEBUG - Memory monitoring stopped
2026-07-07 22:04:25 - huginn - DEBUG - Connection pool closed all sessions
2026-07-07 22:05:08 - huginn - INFO - Using default configuration
2026-07-07 22:05:10 - huginn - INFO - Master index schema initialized.
2026-07-07 22:05:10 - huginn - INFO - License saved successfully
2026-07-07 22:05:10 - huginn - INFO - License loaded and validated successfully
2026-07-07 22:05:30 - huginn - INFO - Using default configuration
2026-07-07 22:05:32 - huginn - INFO - Master index schema initialized.
2026-07-07 22:05:32 - huginn - INFO - License saved successfully
2026-07-07 22:05:32 - huginn - INFO - License loaded and validated successfully
2026-07-07 22:05:34 - huginn - INFO - License saved successfully
2026-07-07 22:05:34 - huginn - INFO - License loaded and validated successfully
2026-07-07 22:05:34 - huginn - INFO - Application starting...
2026-07-07 22:05:34 - huginn - INFO - Huginn version 0.0.0
2026-07-07 22:05:34 - huginn - INFO - Font loaded successfully
2026-07-07 22:05:34 - huginn - INFO - Stylesheet loaded successfully
2026-07-07 22:05:34 - huginn - INFO - Creating main window...
2026-07-07 22:05:34 - huginn - INFO - QThreadPool max threads set to 32 (CPUs: 32)
2026-07-07 22:05:34 - huginn - INFO - Custom font 'Neuropol X' loaded from C:\Users\allie\Coding Projects\huggin_suite\huginn\resources\fonts\neuropol.otf
2026-07-07 22:05:35 - huginn - INFO - Master index schema initialized.
2026-07-07 22:05:35 - huginn - DEBUG - [FeatureGapIntegration] Tenant→Engagement wiring connected.
2026-07-07 22:05:35 - huginn - INFO - [FeatureGapIntegration] All new modules integrated successfully.
2026-07-07 22:05:35 - huginn - INFO - Feature gap integration completed successfully
2026-07-07 22:06:34 - huginn - DEBUG - Memory monitoring stopped
2026-07-07 22:06:34 - huginn - DEBUG - Connection pool closed all sessions
2026-07-07 22:07:33 - huginn - INFO - Using default configuration
2026-07-07 22:07:35 - huginn - INFO - Master index schema initialized.
2026-07-07 22:07:35 - huginn - INFO - License saved successfully
2026-07-07 22:07:35 - huginn - INFO - License loaded and validated successfully
2026-07-07 22:07:44 - huginn - INFO - License saved successfully
2026-07-07 22:07:44 - huginn - INFO - License loaded and validated successfully
2026-07-07 22:07:44 - huginn - INFO - Application starting...
2026-07-07 22:07:44 - huginn - INFO - Huginn version 0.0.0
2026-07-07 22:07:44 - huginn - INFO - Font loaded successfully
2026-07-07 22:07:44 - huginn - INFO - Stylesheet loaded successfully
2026-07-07 22:07:44 - huginn - INFO - Creating main window...
2026-07-07 22:07:44 - huginn - INFO - QThreadPool max threads set to 32 (CPUs: 32)
2026-07-07 22:07:44 - huginn - INFO - Custom font 'Neuropol X' loaded from C:\Users\allie\Coding Projects\huggin_suite\huginn\resources\fonts\neuropol.otf
2026-07-07 22:07:45 - huginn - INFO - Master index schema initialized.
2026-07-07 22:07:46 - huginn - DEBUG - [FeatureGapIntegration] Tenant→Engagement wiring connected.
2026-07-07 22:07:46 - huginn - INFO - [FeatureGapIntegration] All new modules integrated successfully.
2026-07-07 22:07:46 - huginn - INFO - Feature gap integration completed successfully
2026-07-07 22:13:16 - huginn - DEBUG - Memory monitoring stopped
2026-07-07 22:13:16 - huginn - DEBUG - Connection pool closed all sessions
2026-07-07 22:15:54 - huginn - INFO - License saved successfully
2026-07-07 22:15:54 - huginn - INFO - License loaded and validated successfully
2026-07-07 22:15:54 - huginn - INFO - Application starting...
2026-07-07 22:15:54 - huginn - INFO - Huginn version 0.0.0
2026-07-07 22:15:54 - huginn - INFO - Font loaded successfully
2026-07-07 22:15:54 - huginn - INFO - Stylesheet loaded successfully
2026-07-07 22:15:54 - huginn - INFO - Creating main window...
2026-07-07 22:15:54 - huginn - INFO - QThreadPool max threads set to 32 (CPUs: 32)
2026-07-07 22:15:54 - huginn - INFO - Custom font 'Neuropol X' loaded from C:\Users\allie\Coding Projects\huggin_suite\huginn\resources\fonts\neuropol.otf
2026-07-07 22:15:55 - huginn - INFO - Master index schema initialized.
2026-07-07 22:15:55 - huginn - DEBUG - [FeatureGapIntegration] Tenant→Engagement wiring connected.
2026-07-07 22:15:55 - huginn - INFO - [FeatureGapIntegration] All new modules integrated successfully.
2026-07-07 22:15:55 - huginn - INFO - Feature gap integration completed successfully
2026-07-07 22:17:28 - huginn - DEBUG - Memory monitoring stopped
2026-07-07 22:17:28 - huginn - DEBUG - Connection pool closed all sessions
