2026-06-01 15:35:38 - huginn - INFO - License saved successfully
2026-06-01 15:35:38 - huginn - INFO - License loaded and validated successfully
2026-06-01 15:35:38 - huginn - INFO - Application starting...
2026-06-01 15:35:38 - huginn - INFO - Font loaded successfully
2026-06-01 15:35:38 - huginn - INFO - Stylesheet loaded successfully
2026-06-01 15:35:38 - huginn - INFO - Creating main window...
2026-06-01 15:35:38 - huginn - INFO - QThreadPool max threads set to 32 (CPUs: 32)
2026-06-01 15:35:38 - huginn - INFO - Custom font 'Neuropol X' loaded from C:\Users\allie\Coding Projects\huggin_suite\huginn\resources\fonts\neuropol.otf
2026-06-01 15:35:38 - huginn - DEBUG - Suppressed exception
Traceback (most recent call last):
  File "C:\Users\allie\Coding Projects\huggin_suite\huginn\app\pages\page_registry.py", line 45, in register_all_pages
    from app.pages.db_attacks_page import DBAttacksPage
ImportError: cannot import name 'DBAttacksPage' from 'app.pages.db_attacks_page' (C:\Users\allie\Coding Projects\huggin_suite\huginn\app\pages\db_attacks_page.py)
2026-06-01 15:36:02 - huginn - DEBUG - Memory monitoring stopped
2026-06-01 15:36:02 - huginn - DEBUG - Connection pool closed all sessions
2026-06-01 15:36:02 - huginn - INFO - Update manager stopped during cleanup
2026-06-01 15:48:09 - huginn - INFO - License saved successfully
2026-06-01 15:48:09 - huginn - INFO - License loaded and validated successfully
2026-06-01 15:48:09 - huginn - INFO - Application starting...
2026-06-01 15:48:09 - huginn - INFO - Font loaded successfully
2026-06-01 15:48:09 - huginn - INFO - Stylesheet loaded successfully
2026-06-01 15:48:09 - huginn - INFO - Creating main window...
2026-06-01 15:48:09 - huginn - INFO - QThreadPool max threads set to 32 (CPUs: 32)
2026-06-01 15:48:09 - huginn - INFO - Custom font 'Neuropol X' loaded from C:\Users\allie\Coding Projects\huggin_suite\huginn\resources\fonts\neuropol.otf
2026-06-01 15:48:09 - huginn - DEBUG - Suppressed exception
Traceback (most recent call last):
  File "C:\Users\allie\Coding Projects\huggin_suite\huginn\app\pages\page_registry.py", line 45, in register_all_pages
    from app.pages.db_attacks_page import DBAttacksPage
ImportError: cannot import name 'DBAttacksPage' from 'app.pages.db_attacks_page' (C:\Users\allie\Coding Projects\huggin_suite\huginn\app\pages\db_attacks_page.py)
2026-06-01 15:49:08 - huginn - DEBUG - Suppressed exception
Traceback (most recent call last):
  File "c:\Users\allie\Coding Projects\huggin_suite\huginn\app\core\asset_manager.py", line 101, in init_database
    conn.execute("ALTER TABLE assets ADD COLUMN fqdn TEXT DEFAULT ''")
    ~~~~~~~~~~~~^^^^^^^^^^^^^^^^^^^^^^^^^^^^^^^^^^^^^^^^^^^^^^^^^^^^^^
sqlite3.OperationalError: duplicate column name: fqdn
2026-06-01 15:49:08 - huginn - DEBUG - Suppressed exception
Traceback (most recent call last):
  File "c:\Users\allie\Coding Projects\huggin_suite\huginn\app\core\asset_manager.py", line 108, in init_database
    conn.execute("ALTER TABLE assets ADD COLUMN mac_address TEXT DEFAULT ''")
    ~~~~~~~~~~~~^^^^^^^^^^^^^^^^^^^^^^^^^^^^^^^^^^^^^^^^^^^^^^^^^^^^^^^^^^^^^
sqlite3.OperationalError: duplicate column name: mac_address
2026-06-01 15:49:08 - huginn - DEBUG - Suppressed exception
Traceback (most recent call last):
  File "c:\Users\allie\Coding Projects\huggin_suite\huginn\app\core\asset_manager.py", line 115, in init_database
    conn.execute("ALTER TABLE assets ADD COLUMN vendor TEXT DEFAULT ''")
    ~~~~~~~~~~~~^^^^^^^^^^^^^^^^^^^^^^^^^^^^^^^^^^^^^^^^^^^^^^^^^^^^^^^^
sqlite3.OperationalError: duplicate column name: vendor
2026-06-01 15:49:08 - huginn - DEBUG - Suppressed exception
Traceback (most recent call last):
  File "c:\Users\allie\Coding Projects\huggin_suite\huginn\app\core\asset_manager.py", line 122, in init_database
    conn.execute("ALTER TABLE assets ADD COLUMN notes TEXT DEFAULT ''")
    ~~~~~~~~~~~~^^^^^^^^^^^^^^^^^^^^^^^^^^^^^^^^^^^^^^^^^^^^^^^^^^^^^^^
sqlite3.OperationalError: duplicate column name: notes
2026-06-01 15:49:09 - huginn - INFO - Using default configuration
2026-06-01 15:49:11 - huginn - INFO - License saved successfully
2026-06-01 15:49:11 - huginn - INFO - License loaded and validated successfully
2026-06-01 15:49:15 - huginn - DEBUG - Suppressed exception
Traceback (most recent call last):
  File "c:\Users\allie\Coding Projects\huggin_suite\huginn\app\core\asset_manager.py", line 101, in init_database
    conn.execute("ALTER TABLE assets ADD COLUMN fqdn TEXT DEFAULT ''")
    ~~~~~~~~~~~~^^^^^^^^^^^^^^^^^^^^^^^^^^^^^^^^^^^^^^^^^^^^^^^^^^^^^^
sqlite3.OperationalError: duplicate column name: fqdn
2026-06-01 15:49:15 - huginn - DEBUG - Suppressed exception
Traceback (most recent call last):
  File "c:\Users\allie\Coding Projects\huggin_suite\huginn\app\core\asset_manager.py", line 108, in init_database
    conn.execute("ALTER TABLE assets ADD COLUMN mac_address TEXT DEFAULT ''")
    ~~~~~~~~~~~~^^^^^^^^^^^^^^^^^^^^^^^^^^^^^^^^^^^^^^^^^^^^^^^^^^^^^^^^^^^^^
sqlite3.OperationalError: duplicate column name: mac_address
2026-06-01 15:49:15 - huginn - DEBUG - Suppressed exception
Traceback (most recent call last):
  File "c:\Users\allie\Coding Projects\huggin_suite\huginn\app\core\asset_manager.py", line 115, in init_database
    conn.execute("ALTER TABLE assets ADD COLUMN vendor TEXT DEFAULT ''")
    ~~~~~~~~~~~~^^^^^^^^^^^^^^^^^^^^^^^^^^^^^^^^^^^^^^^^^^^^^^^^^^^^^^^^
sqlite3.OperationalError: duplicate column name: vendor
2026-06-01 15:49:15 - huginn - DEBUG - Suppressed exception
Traceback (most recent call last):
  File "c:\Users\allie\Coding Projects\huggin_suite\huginn\app\core\asset_manager.py", line 122, in init_database
    conn.execute("ALTER TABLE assets ADD COLUMN notes TEXT DEFAULT ''")
    ~~~~~~~~~~~~^^^^^^^^^^^^^^^^^^^^^^^^^^^^^^^^^^^^^^^^^^^^^^^^^^^^^^^
sqlite3.OperationalError: duplicate column name: notes
2026-06-01 15:49:15 - huginn - INFO - Using default configuration
2026-06-01 15:49:17 - huginn - DEBUG - Memory monitoring stopped
2026-06-01 15:49:17 - huginn - DEBUG - Connection pool closed all sessions
2026-06-01 15:49:17 - huginn - INFO - License saved successfully
2026-06-01 15:49:17 - huginn - INFO - License loaded and validated successfully
2026-06-01 15:49:22 - huginn - INFO - Received shutdown signal, initiating cleanup...
2026-06-01 15:49:22 - huginn - INFO - Update manager stopped during cleanup
2026-06-01 15:49:22 - huginn - ERROR - Unhandled exception:
TypeError: unable to convert a C++ 'QSystemTrayIcon::ActivationReason' instance to a Python object

2026-06-01 15:49:29 - huginn - DEBUG - Memory monitoring stopped
2026-06-01 15:49:29 - huginn - DEBUG - Connection pool closed all sessions
2026-06-01 15:49:29 - huginn - INFO - Update manager stopped during cleanup
2026-06-01 15:49:31 - huginn - INFO - License saved successfully
2026-06-01 15:49:31 - huginn - INFO - License loaded and validated successfully
2026-06-01 15:49:31 - huginn - INFO - Application starting...
2026-06-01 15:49:31 - huginn - INFO - Font loaded successfully
2026-06-01 15:49:31 - huginn - INFO - Stylesheet loaded successfully
2026-06-01 15:49:31 - huginn - INFO - Creating main window...
2026-06-01 15:49:31 - huginn - INFO - QThreadPool max threads set to 32 (CPUs: 32)
2026-06-01 15:49:31 - huginn - INFO - Custom font 'Neuropol X' loaded from C:\Users\allie\Coding Projects\huggin_suite\huginn\resources\fonts\neuropol.otf
2026-06-01 15:49:31 - huginn - DEBUG - Suppressed exception
Traceback (most recent call last):
  File "C:\Users\allie\Coding Projects\huggin_suite\huginn\app\pages\page_registry.py", line 45, in register_all_pages
    from app.pages.db_attacks_page import DBAttacksPage
ImportError: cannot import name 'DBAttacksPage' from 'app.pages.db_attacks_page' (C:\Users\allie\Coding Projects\huggin_suite\huginn\app\pages\db_attacks_page.py)
2026-06-01 15:49:54 - huginn - DEBUG - Memory monitoring stopped
2026-06-01 15:49:54 - huginn - DEBUG - Connection pool closed all sessions
2026-06-01 15:49:54 - huginn - INFO - Update manager stopped during cleanup
2026-06-01 15:49:55 - huginn - INFO - License saved successfully
2026-06-01 15:49:55 - huginn - INFO - License loaded and validated successfully
2026-06-01 15:49:55 - huginn - INFO - Application starting...
2026-06-01 15:49:55 - huginn - INFO - Font loaded successfully
2026-06-01 15:49:55 - huginn - INFO - Stylesheet loaded successfully
2026-06-01 15:49:55 - huginn - INFO - Creating main window...
2026-06-01 15:49:55 - huginn - INFO - QThreadPool max threads set to 32 (CPUs: 32)
2026-06-01 15:49:55 - huginn - INFO - Custom font 'Neuropol X' loaded from C:\Users\allie\Coding Projects\huggin_suite\huginn\resources\fonts\neuropol.otf
2026-06-01 15:49:55 - huginn - DEBUG - Suppressed exception
Traceback (most recent call last):
  File "C:\Users\allie\Coding Projects\huggin_suite\huginn\app\pages\page_registry.py", line 45, in register_all_pages
    from app.pages.db_attacks_page import DBAttacksPage
ImportError: cannot import name 'DBAttacksPage' from 'app.pages.db_attacks_page' (C:\Users\allie\Coding Projects\huggin_suite\huginn\app\pages\db_attacks_page.py)
2026-06-01 15:52:41 - huginn - DEBUG - Memory monitoring stopped
2026-06-01 15:52:41 - huginn - DEBUG - Connection pool closed all sessions
2026-06-01 15:52:41 - huginn - INFO - Update manager stopped during cleanup
2026-06-01 15:52:43 - huginn - INFO - License saved successfully
2026-06-01 15:52:43 - huginn - INFO - License loaded and validated successfully
2026-06-01 15:52:43 - huginn - INFO - Application starting...
2026-06-01 15:52:43 - huginn - INFO - Font loaded successfully
2026-06-01 15:52:43 - huginn - INFO - Stylesheet loaded successfully
2026-06-01 15:52:43 - huginn - INFO - Creating main window...
2026-06-01 15:52:43 - huginn - INFO - QThreadPool max threads set to 32 (CPUs: 32)
2026-06-01 15:52:43 - huginn - INFO - Custom font 'Neuropol X' loaded from C:\Users\allie\Coding Projects\huggin_suite\huginn\resources\fonts\neuropol.otf
2026-06-01 15:52:43 - huginn - DEBUG - Suppressed exception
Traceback (most recent call last):
  File "C:\Users\allie\Coding Projects\huggin_suite\huginn\app\pages\page_registry.py", line 45, in register_all_pages
    from app.pages.db_attacks_page import DBAttacksPage
ImportError: cannot import name 'DBAttacksPage' from 'app.pages.db_attacks_page' (C:\Users\allie\Coding Projects\huggin_suite\huginn\app\pages\db_attacks_page.py)
2026-06-01 15:52:57 - huginn - DEBUG - Memory monitoring stopped
2026-06-01 15:52:57 - huginn - DEBUG - Connection pool closed all sessions
2026-06-01 15:52:57 - huginn - INFO - Update manager stopped during cleanup
