2026-07-01 20:59:50 - huginn - INFO - License saved successfully
2026-07-01 20:59:50 - huginn - INFO - License loaded and validated successfully
2026-07-01 20:59:50 - huginn - INFO - Application starting...
2026-07-01 20:59:50 - huginn - INFO - Huginn version 0.0.0
2026-07-01 20:59:50 - huginn - INFO - Font loaded successfully
2026-07-01 20:59:50 - huginn - INFO - Stylesheet loaded successfully
2026-07-01 20:59:50 - huginn - INFO - Creating main window...
2026-07-01 20:59:50 - huginn - INFO - QThreadPool max threads set to 32 (CPUs: 32)
2026-07-01 20:59:50 - huginn - INFO - Custom font 'Neuropol X' loaded from C:\Users\allie\Coding Projects\huggin_suite\huginn\resources\fonts\neuropol.otf
2026-07-01 20:59:51 - huginn - INFO - Master index schema initialized.
2026-07-01 20:59:51 - huginn - DEBUG - [FeatureGapIntegration] Tenant→Engagement wiring connected.
2026-07-01 20:59:51 - huginn - INFO - [FeatureGapIntegration] All new modules integrated successfully.
2026-07-01 20:59:51 - huginn - INFO - Feature gap integration completed successfully
2026-07-01 21:02:06 - huginn - INFO - EngagementDatabase connected: C:\Users\allie\Coding Projects\huggin_suite\huginn\resources\engagements\5b978795-a889-497d-8dd7-8bfae3eb0638\engagement.db (pool_size=5)
2026-07-01 21:02:06 - huginn - INFO - Engagement opened: 5b978795-a889-497d-8dd7-8bfae3eb0638
2026-07-01 21:02:06 - huginn - INFO - NoteSystem: database attached and FTS initialized.
2026-07-01 21:02:06 - huginn - INFO - RetestWorkflow: database attached.
2026-07-01 21:02:09 - huginn - INFO - EngagementDatabase closed: C:\Users\allie\Coding Projects\huggin_suite\huginn\resources\engagements\5b978795-a889-497d-8dd7-8bfae3eb0638\engagement.db (5 connections)
2026-07-01 21:02:09 - huginn - INFO - Active engagement closed.
2026-07-01 21:02:09 - huginn - INFO - Engagement deleted: 5b978795-a889-497d-8dd7-8bfae3eb0638
2026-07-01 21:03:42 - huginn - INFO - Using default configuration
2026-07-01 21:03:42 - huginn - DEBUG - Suppressed exception
Traceback (most recent call last):
  File "C:\Users\allie\Coding Projects\huggin_suite\huginn\app\core\dns_resolver.py", line 14, in resolve_hostname
    ipaddress.ip_address(hostname)
    ~~~~~~~~~~~~~~~~~~~~^^^^^^^^^^
  File "C:\Users\allie\anaconda3\Lib\ipaddress.py", line 54, in ip_address
    raise ValueError(f'{address!r} does not appear to be an IPv4 or IPv6 address')
ValueError: 'www.infomedia.com.au' does not appear to be an IPv4 or IPv6 address
2026-07-01 21:04:32 - huginn - INFO - License saved successfully
2026-07-01 21:04:32 - huginn - INFO - License loaded and validated successfully
2026-07-01 21:04:32 - huginn - INFO - Application starting...
2026-07-01 21:04:32 - huginn - INFO - Huginn version 0.0.0
2026-07-01 21:04:32 - huginn - INFO - Font loaded successfully
2026-07-01 21:04:32 - huginn - INFO - Stylesheet loaded successfully
2026-07-01 21:04:32 - huginn - INFO - Creating main window...
2026-07-01 21:04:32 - huginn - INFO - QThreadPool max threads set to 32 (CPUs: 32)
2026-07-01 21:04:32 - huginn - INFO - Custom font 'Neuropol X' loaded from C:\Users\allie\Coding Projects\huggin_suite\huginn\resources\fonts\neuropol.otf
2026-07-01 21:04:33 - huginn - INFO - Master index schema initialized.
2026-07-01 21:04:33 - huginn - DEBUG - [FeatureGapIntegration] Tenant→Engagement wiring connected.
2026-07-01 21:04:33 - huginn - INFO - [FeatureGapIntegration] All new modules integrated successfully.
2026-07-01 21:04:33 - huginn - INFO - Feature gap integration completed successfully
2026-07-01 21:04:57 - huginn - INFO - EngagementDatabase connected: C:\Users\allie\Coding Projects\huggin_suite\huginn\resources\engagements\d6dc5850-2ceb-456a-b7fa-ec5039429ea6\engagement.db (pool_size=5)
2026-07-01 21:04:57 - huginn - INFO - EngagementDatabase schema created: C:\Users\allie\Coding Projects\huggin_suite\huginn\resources\engagements\d6dc5850-2ceb-456a-b7fa-ec5039429ea6\engagement.db
2026-07-01 21:04:57 - huginn - INFO - EngagementDatabase closed: C:\Users\allie\Coding Projects\huggin_suite\huginn\resources\engagements\d6dc5850-2ceb-456a-b7fa-ec5039429ea6\engagement.db (5 connections)
2026-07-01 21:04:57 - huginn - INFO - Engagement created: d6dc5850-2ceb-456a-b7fa-ec5039429ea6 (Infomedia)
2026-07-01 21:04:57 - huginn - INFO - EngagementDatabase connected: C:\Users\allie\Coding Projects\huggin_suite\huginn\resources\engagements\d6dc5850-2ceb-456a-b7fa-ec5039429ea6\engagement.db (pool_size=5)
2026-07-01 21:04:57 - huginn - INFO - Engagement opened: d6dc5850-2ceb-456a-b7fa-ec5039429ea6
2026-07-01 21:04:57 - huginn - INFO - NoteSystem: database attached and FTS initialized.
2026-07-01 21:04:57 - huginn - INFO - RetestWorkflow: database attached.
2026-07-01 21:04:57 - huginn - DEBUG - Credentials saved (encrypted) for profile 'd6dc5850-2ceb-456a-b7fa-ec5039429ea6'
2026-07-01 21:04:58 - huginn - INFO - EngagementDatabase closed: C:\Users\allie\Coding Projects\huggin_suite\huginn\resources\engagements\d6dc5850-2ceb-456a-b7fa-ec5039429ea6\engagement.db (5 connections)
2026-07-01 21:04:58 - huginn - INFO - EngagementDatabase connected: C:\Users\allie\Coding Projects\huggin_suite\huginn\resources\engagements\d6dc5850-2ceb-456a-b7fa-ec5039429ea6\engagement.db (pool_size=5)
2026-07-01 21:04:58 - huginn - INFO - Engagement opened: d6dc5850-2ceb-456a-b7fa-ec5039429ea6
2026-07-01 21:04:58 - huginn - INFO - NoteSystem: database attached and FTS initialized.
2026-07-01 21:04:58 - huginn - INFO - RetestWorkflow: database attached.
2026-07-01 21:04:58 - huginn - DEBUG - Credentials loaded for engagement 'd6dc5850-2ceb-456a-b7fa-ec5039429ea6'
2026-07-01 21:04:58 - huginn - DEBUG - Credentials loaded for engagement 'd6dc5850-2ceb-456a-b7fa-ec5039429ea6'
2026-07-01 21:05:21 - huginn - INFO - Using default configuration
2026-07-01 21:05:21 - huginn - INFO - DNS scan started - Target: infomedia.com.au, Wordlist: subdomains-top1000.txt, Types: ['A', 'AAAA', 'CNAME', 'MX', 'TXT', 'NS', 'SRV']
2026-07-01 21:05:32 - huginn - INFO - DNS scan completed - Target: infomedia.com.au, Results: 8
2026-07-01 21:07:14 - huginn - DEBUG - Memory monitoring stopped
2026-07-01 21:07:14 - huginn - DEBUG - Connection pool closed all sessions
2026-07-01 21:09:48 - huginn - INFO - Using default configuration
2026-07-01 21:09:50 - huginn - INFO - License saved successfully
2026-07-01 21:09:50 - huginn - INFO - License loaded and validated successfully
2026-07-01 21:12:31 - huginn - INFO - Using default configuration
2026-07-01 21:12:34 - huginn - INFO - License saved successfully
2026-07-01 21:12:34 - huginn - INFO - License loaded and validated successfully
2026-07-01 21:12:48 - huginn - INFO - Using default configuration
2026-07-01 21:12:50 - huginn - INFO - License saved successfully
2026-07-01 21:12:50 - huginn - INFO - License loaded and validated successfully
2026-07-01 21:13:02 - huginn - INFO - Using default configuration
2026-07-01 21:13:04 - huginn - INFO - License saved successfully
2026-07-01 21:13:04 - huginn - INFO - License loaded and validated successfully
2026-07-01 21:13:20 - huginn - INFO - Using default configuration
2026-07-01 21:13:22 - huginn - INFO - License saved successfully
2026-07-01 21:13:22 - huginn - INFO - License loaded and validated successfully
2026-07-01 21:18:48 - huginn - INFO - Using default configuration
2026-07-01 21:18:50 - huginn - INFO - License saved successfully
2026-07-01 21:18:50 - huginn - INFO - License loaded and validated successfully
2026-07-01 21:19:17 - huginn - INFO - Using default configuration
2026-07-01 21:19:19 - huginn - INFO - License saved successfully
2026-07-01 21:19:19 - huginn - INFO - License loaded and validated successfully
2026-07-01 21:20:19 - huginn - INFO - License saved successfully
2026-07-01 21:20:19 - huginn - INFO - License loaded and validated successfully
2026-07-01 21:20:19 - huginn - INFO - Application starting...
2026-07-01 21:20:19 - huginn - INFO - Huginn version 0.0.0
2026-07-01 21:20:19 - huginn - INFO - Font loaded successfully
2026-07-01 21:20:19 - huginn - INFO - Stylesheet loaded successfully
2026-07-01 21:20:19 - huginn - INFO - Creating main window...
2026-07-01 21:20:19 - huginn - INFO - QThreadPool max threads set to 32 (CPUs: 32)
2026-07-01 21:20:19 - huginn - INFO - Custom font 'Neuropol X' loaded from C:\Users\allie\Coding Projects\huggin_suite\huginn\resources\fonts\neuropol.otf
2026-07-01 21:20:20 - huginn - INFO - Master index schema initialized.
2026-07-01 21:20:20 - huginn - DEBUG - [FeatureGapIntegration] Tenant→Engagement wiring connected.
2026-07-01 21:20:20 - huginn - INFO - [FeatureGapIntegration] All new modules integrated successfully.
2026-07-01 21:20:20 - huginn - INFO - Feature gap integration completed successfully
2026-07-01 21:20:38 - huginn - INFO - EngagementDatabase connected: C:\Users\allie\Coding Projects\huggin_suite\huginn\resources\engagements\d6dc5850-2ceb-456a-b7fa-ec5039429ea6\engagement.db (pool_size=5)
2026-07-01 21:20:38 - huginn - INFO - Engagement opened: d6dc5850-2ceb-456a-b7fa-ec5039429ea6
2026-07-01 21:20:38 - huginn - INFO - NoteSystem: database attached and FTS initialized.
2026-07-01 21:20:38 - huginn - INFO - RetestWorkflow: database attached.
2026-07-01 21:20:38 - huginn - DEBUG - Credentials loaded for engagement 'd6dc5850-2ceb-456a-b7fa-ec5039429ea6'
2026-07-01 21:20:38 - huginn - DEBUG - Credentials loaded for engagement 'd6dc5850-2ceb-456a-b7fa-ec5039429ea6'
2026-07-01 21:20:54 - huginn - INFO - Using default configuration
2026-07-01 21:20:54 - huginn - INFO - DNS scan started - Target: infomedia.com.au, Wordlist: subdomains-top1000.txt, Types: ['A', 'AAAA', 'CNAME', 'MX', 'TXT', 'NS', 'SRV']
2026-07-01 21:21:06 - huginn - INFO - DNS scan completed - Target: infomedia.com.au, Results: 8
2026-07-01 21:24:40 - huginn - INFO - Using default configuration
2026-07-01 21:24:42 - huginn - INFO - License saved successfully
2026-07-01 21:24:42 - huginn - INFO - License loaded and validated successfully
2026-07-01 21:25:08 - huginn - INFO - Using default configuration
2026-07-01 21:25:11 - huginn - INFO - License saved successfully
2026-07-01 21:25:11 - huginn - INFO - License loaded and validated successfully
2026-07-01 21:25:16 - huginn - INFO - Using default configuration
2026-07-01 21:25:18 - huginn - INFO - License saved successfully
2026-07-01 21:25:18 - huginn - INFO - License loaded and validated successfully
2026-07-01 21:27:46 - huginn - DEBUG - Memory monitoring stopped
2026-07-01 21:27:46 - huginn - DEBUG - Connection pool closed all sessions
2026-07-01 21:31:12 - huginn - INFO - Using default configuration
2026-07-01 21:31:15 - huginn - INFO - License saved successfully
2026-07-01 21:31:15 - huginn - INFO - License loaded and validated successfully
2026-07-01 21:31:37 - huginn - INFO - Using default configuration
2026-07-01 21:31:40 - huginn - INFO - License saved successfully
2026-07-01 21:31:40 - huginn - INFO - License loaded and validated successfully
